../Core/Src/main.c:84:5:main	8	static
../Core/Src/main.c:137:6:SystemClock_Config	88	static
../Core/Src/main.c:184:13:MX_ADC1_Init	24	static
../Core/Src/main.c:236:13:MX_SPI1_Init	8	static
../Core/Src/main.c:274:13:MX_SPI4_Init	8	static
../Core/Src/main.c:312:13:MX_SPI5_Init	8	static
../Core/Src/main.c:350:13:MX_TIM1_Init	96	static
../Core/Src/main.c:425:13:MX_USART1_UART_Init	8	static
../Core/Src/main.c:458:13:MX_USART2_UART_Init	8	static
../Core/Src/main.c:491:13:MX_USART6_UART_Init	8	static
../Core/Src/main.c:524:13:MX_GPIO_Init	64	static
../Core/Src/main.c:638:6:Error_Handler	4	static,ignoring_inline_asm
