../Drivers/STM32F4xx_HAL_Driver/Inc/stm32f4xx_ll_spi.h:365:22:LL_SPI_SetStandard	16	static
../Drivers/STM32F4xx_HAL_Driver/Inc/stm32f4xx_ll_usart.h:410:22:LL_USART_Enable	16	static
../Drivers/STM32F4xx_HAL_Driver/Inc/stm32f4xx_ll_usart.h:1479:22:LL_USART_ConfigAsyncMode	16	static
../Drivers/STM32F4xx_HAL_Driver/Inc/stm32f4xx_ll_gpio.h:881:22:LL_GPIO_SetOutputPin	16	static
../Drivers/STM32F4xx_HAL_Driver/Inc/stm32f4xx_ll_gpio.h:910:22:LL_GPIO_ResetOutputPin	16	static
../Drivers/STM32F4xx_HAL_Driver/Inc/stm32f4xx_ll_bus.h:409:22:LL_AHB1_GRP1_EnableClock	24	static
../Drivers/STM32F4xx_HAL_Driver/Inc/stm32f4xx_ll_bus.h:1185:22:LL_APB1_GRP1_EnableClock	24	static
../Drivers/STM32F4xx_HAL_Driver/Inc/stm32f4xx_ll_bus.h:1704:22:LL_APB2_GRP1_EnableClock	24	static
../Core/Src/main.c:80:5:main	8	static
../Core/Src/main.c:135:6:SystemClock_Config	88	static
../Core/Src/main.c:182:13:MX_ADC1_Init	24	static
../Core/Src/main.c:234:13:MX_SPI1_Init	72	static
../Core/Src/main.c:297:13:MX_SPI4_Init	72	static
../Core/Src/main.c:360:13:MX_SPI5_Init	72	static
../Core/Src/main.c:424:13:MX_TIM1_Init	96	static
../Core/Src/main.c:499:13:MX_USART1_UART_Init	64	static
../Core/Src/main.c:550:13:MX_USART2_UART_Init	64	static
../Core/Src/main.c:601:13:MX_USART6_UART_Init	64	static
../Core/Src/main.c:652:13:MX_GPIO_Init	32	static
../Core/Src/main.c:772:6:Error_Handler	4	static,ignoring_inline_asm
