../Core/Src/main.c:84:5:main	1
../Core/Src/main.c:142:6:SystemClock_Config	3
../Core/Src/main.c:189:13:MX_ADC1_Init	3
../Core/Src/main.c:241:13:MX_SPI1_Init	2
../Core/Src/main.c:279:13:MX_SPI4_Init	2
../Core/Src/main.c:317:13:MX_SPI5_Init	2
../Core/Src/main.c:355:13:MX_TIM1_Init	7
../Core/Src/main.c:430:13:MX_USART1_UART_Init	2
../Core/Src/main.c:463:13:MX_USART2_UART_Init	2
../Core/Src/main.c:496:13:MX_USART6_UART_Init	2
../Core/Src/main.c:529:13:MX_GPIO_Init	1
../Core/Src/main.c:639:6:Error_Handler	1
