../Core/Src/main.c:84:5:main	1
../Core/Src/main.c:138:6:SystemClock_Config	3
../Core/Src/main.c:185:13:MX_ADC1_Init	3
../Core/Src/main.c:237:13:MX_SPI1_Init	2
../Core/Src/main.c:275:13:MX_SPI4_Init	2
../Core/Src/main.c:313:13:MX_SPI5_Init	2
../Core/Src/main.c:351:13:MX_TIM1_Init	7
../Core/Src/main.c:426:13:MX_USART1_UART_Init	2
../Core/Src/main.c:459:13:MX_USART2_UART_Init	2
../Core/Src/main.c:492:13:MX_USART6_UART_Init	2
../Core/Src/main.c:525:13:MX_GPIO_Init	1
../Core/Src/main.c:639:6:Error_Handler	1
