Archive member included to satisfy reference by file (symbol)

C:/ST/STM32CubeIDE_1.15.0/STM32CubeIDE/plugins/com.st.stm32cube.ide.mcu.externaltools.gnu-tools-for-stm32.13.3.rel1.win32_1.0.0.202411081344/tools/bin/../lib/gcc/arm-none-eabi/13.3.1/../../../../arm-none-eabi/lib/thumb/v7e-m+fp/hard\libc_nano.a(libc_a-assert.o)
                              ./Core/Src/GAUL_Drivers/Low_Level/RingBuffer.o (__assert_func)
C:/ST/STM32CubeIDE_1.15.0/STM32CubeIDE/plugins/com.st.stm32cube.ide.mcu.externaltools.gnu-tools-for-stm32.13.3.rel1.win32_1.0.0.202411081344/tools/bin/../lib/gcc/arm-none-eabi/13.3.1/../../../../arm-none-eabi/lib/thumb/v7e-m+fp/hard\libc_nano.a(libc_a-atof.o)
                              ./Core/Src/GAUL_Drivers/Low_Level/NMEA.o (atof)
C:/ST/STM32CubeIDE_1.15.0/STM32CubeIDE/plugins/com.st.stm32cube.ide.mcu.externaltools.gnu-tools-for-stm32.13.3.rel1.win32_1.0.0.202411081344/tools/bin/../lib/gcc/arm-none-eabi/13.3.1/../../../../arm-none-eabi/lib/thumb/v7e-m+fp/hard\libc_nano.a(libc_a-atoi.o)
                              ./Core/Src/GAUL_Drivers/Low_Level/NMEA.o (atoi)
C:/ST/STM32CubeIDE_1.15.0/STM32CubeIDE/plugins/com.st.stm32cube.ide.mcu.externaltools.gnu-tools-for-stm32.13.3.rel1.win32_1.0.0.202411081344/tools/bin/../lib/gcc/arm-none-eabi/13.3.1/../../../../arm-none-eabi/lib/thumb/v7e-m+fp/hard\libc_nano.a(libc_a-exit.o)
                              C:/ST/STM32CubeIDE_1.15.0/STM32CubeIDE/plugins/com.st.stm32cube.ide.mcu.externaltools.gnu-tools-for-stm32.13.3.rel1.win32_1.0.0.202411081344/tools/bin/../lib/gcc/arm-none-eabi/13.3.1/../../../../arm-none-eabi/lib/thumb/v7e-m+fp/hard/crt0.o (exit)
C:/ST/STM32CubeIDE_1.15.0/STM32CubeIDE/plugins/com.st.stm32cube.ide.mcu.externaltools.gnu-tools-for-stm32.13.3.rel1.win32_1.0.0.202411081344/tools/bin/../lib/gcc/arm-none-eabi/13.3.1/../../../../arm-none-eabi/lib/thumb/v7e-m+fp/hard\libc_nano.a(libc_a-malloc.o)
                              ./Core/Src/GAUL_Drivers/Low_Level/NMEA.o (free)
C:/ST/STM32CubeIDE_1.15.0/STM32CubeIDE/plugins/com.st.stm32cube.ide.mcu.externaltools.gnu-tools-for-stm32.13.3.rel1.win32_1.0.0.202411081344/tools/bin/../lib/gcc/arm-none-eabi/13.3.1/../../../../arm-none-eabi/lib/thumb/v7e-m+fp/hard\libc_nano.a(libc_a-mallocr.o)
                              C:/ST/STM32CubeIDE_1.15.0/STM32CubeIDE/plugins/com.st.stm32cube.ide.mcu.externaltools.gnu-tools-for-stm32.13.3.rel1.win32_1.0.0.202411081344/tools/bin/../lib/gcc/arm-none-eabi/13.3.1/../../../../arm-none-eabi/lib/thumb/v7e-m+fp/hard\libc_nano.a(libc_a-malloc.o) (_malloc_r)
C:/ST/STM32CubeIDE_1.15.0/STM32CubeIDE/plugins/com.st.stm32cube.ide.mcu.externaltools.gnu-tools-for-stm32.13.3.rel1.win32_1.0.0.202411081344/tools/bin/../lib/gcc/arm-none-eabi/13.3.1/../../../../arm-none-eabi/lib/thumb/v7e-m+fp/hard\libc_nano.a(libc_a-mlock.o)
                              C:/ST/STM32CubeIDE_1.15.0/STM32CubeIDE/plugins/com.st.stm32cube.ide.mcu.externaltools.gnu-tools-for-stm32.13.3.rel1.win32_1.0.0.202411081344/tools/bin/../lib/gcc/arm-none-eabi/13.3.1/../../../../arm-none-eabi/lib/thumb/v7e-m+fp/hard\libc_nano.a(libc_a-mallocr.o) (__malloc_lock)
C:/ST/STM32CubeIDE_1.15.0/STM32CubeIDE/plugins/com.st.stm32cube.ide.mcu.externaltools.gnu-tools-for-stm32.13.3.rel1.win32_1.0.0.202411081344/tools/bin/../lib/gcc/arm-none-eabi/13.3.1/../../../../arm-none-eabi/lib/thumb/v7e-m+fp/hard\libc_nano.a(libc_a-strtod.o)
                              C:/ST/STM32CubeIDE_1.15.0/STM32CubeIDE/plugins/com.st.stm32cube.ide.mcu.externaltools.gnu-tools-for-stm32.13.3.rel1.win32_1.0.0.202411081344/tools/bin/../lib/gcc/arm-none-eabi/13.3.1/../../../../arm-none-eabi/lib/thumb/v7e-m+fp/hard\libc_nano.a(libc_a-atof.o) (strtod)
C:/ST/STM32CubeIDE_1.15.0/STM32CubeIDE/plugins/com.st.stm32cube.ide.mcu.externaltools.gnu-tools-for-stm32.13.3.rel1.win32_1.0.0.202411081344/tools/bin/../lib/gcc/arm-none-eabi/13.3.1/../../../../arm-none-eabi/lib/thumb/v7e-m+fp/hard\libc_nano.a(libc_a-strtol.o)
                              C:/ST/STM32CubeIDE_1.15.0/STM32CubeIDE/plugins/com.st.stm32cube.ide.mcu.externaltools.gnu-tools-for-stm32.13.3.rel1.win32_1.0.0.202411081344/tools/bin/../lib/gcc/arm-none-eabi/13.3.1/../../../../arm-none-eabi/lib/thumb/v7e-m+fp/hard\libc_nano.a(libc_a-atoi.o) (_strtol_r)
C:/ST/STM32CubeIDE_1.15.0/STM32CubeIDE/plugins/com.st.stm32cube.ide.mcu.externaltools.gnu-tools-for-stm32.13.3.rel1.win32_1.0.0.202411081344/tools/bin/../lib/gcc/arm-none-eabi/13.3.1/../../../../arm-none-eabi/lib/thumb/v7e-m+fp/hard\libc_nano.a(libc_a-ctype_.o)
                              C:/ST/STM32CubeIDE_1.15.0/STM32CubeIDE/plugins/com.st.stm32cube.ide.mcu.externaltools.gnu-tools-for-stm32.13.3.rel1.win32_1.0.0.202411081344/tools/bin/../lib/gcc/arm-none-eabi/13.3.1/../../../../arm-none-eabi/lib/thumb/v7e-m+fp/hard\libc_nano.a(libc_a-strtol.o) (_ctype_)
[...]
Memory Configuration

Name             Origin             Length             Attributes
RAM              0x20000000         0x00040000         xrw
FLASH            0x08000000         0x00100000         xr
*default*        0x00000000         0xffffffff

Linker script and memory map

LOAD C:/ST/STM32CubeIDE_1.15.0/STM32CubeIDE/plugins/com.st.stm32cube.ide.mcu.externaltools.gnu-tools-for-stm32.13.3.rel1.win32_1.0.0.202411081344/tools/bin/../lib/gcc/arm-none-eabi/13.3.1/thumb/v7e-m+fp/hard/crti.o
LOAD C:/ST/STM32CubeIDE_1.15.0/STM32CubeIDE/plugins/com.st.stm32cube.ide.mcu.externaltools.gnu-tools-for-stm32.13.3.rel1.win32_1.0.0.202411081344/tools/bin/../lib/gcc/arm-none-eabi/13.3.1/thumb/v7e-m+fp/hard/crtbegin.o
LOAD C:/ST/STM32CubeIDE_1.15.0/STM32CubeIDE/plugins/com.st.stm32cube.ide.mcu.externaltools.gnu-tools-for-stm32.13.3.rel1.win32_1.0.0.202411081344/tools/bin/../lib/gcc/arm-none-eabi/13.3.1/../../../../arm-none-eabi/lib/thumb/v7e-m+fp/hard/crt0.o
LOAD ./Core/Src/GAUL_Drivers/Components/ICM20948.o
LOAD ./Core/Src/GAUL_Drivers/Components/L76LM33.o
LOAD ./Core/Src/GAUL_Drivers/Components/MS5803.o
LOAD ./Core/Src/GAUL_Drivers/Components/RFD900.o
LOAD ./Core/Src/GAUL_Drivers/Components/RFM22B.o
LOAD ./Core/Src/GAUL_Drivers/Low_Level/ADC_driver.o
LOAD ./Core/Src/GAUL_Drivers/Low_Level/GPIO_driver.o
LOAD ./Core/Src/GAUL_Drivers/Low_Level/NMEA.o
LOAD ./Core/Src/GAUL_Drivers/Low_Level/PWM_driver.o
LOAD ./Core/Src/GAUL_Drivers/Low_Level/RingBuffer.o
LOAD ./Core/Src/GAUL_Drivers/Low_Level/SPI_driver.o
LOAD ./Core/Src/GAUL_Drivers/Low_Level/UART_driver.o
LOAD ./Core/Src/GAUL_Drivers/util.o
LOAD ./Core/Src/main.o
LOAD ./Core/Src/stm32f4xx_hal_msp.o
LOAD ./Core/Src/stm32f4xx_it.o
LOAD ./Core/Src/syscalls.o
LOAD ./Core/Src/sysmem.o
LOAD ./Core/Src/system_stm32f4xx.o
LOAD ./Core/Startup/startup_stm32f412zgtx.o
LOAD ./Drivers/STM32F4xx_HAL_Driver/Src/stm32f4xx_hal.o
LOAD ./Drivers/STM32F4xx_HAL_Driver/Src/stm32f4xx_hal_adc.o
LOAD ./Drivers/STM32F4xx_HAL_Driver/Src/stm32f4xx_hal_adc_ex.o
LOAD ./Drivers/STM32F4xx_HAL_Driver/Src/stm32f4xx_hal_cortex.o
LOAD ./Drivers/STM32F4xx_HAL_Driver/Src/stm32f4xx_hal_dma.o
LOAD ./Drivers/STM32F4xx_HAL_Driver/Src/stm32f4xx_hal_dma_ex.o
LOAD ./Drivers/STM32F4xx_HAL_Driver/Src/stm32f4xx_hal_exti.o
LOAD ./Drivers/STM32F4xx_HAL_Driver/Src/stm32f4xx_hal_flash.o
LOAD ./Drivers/STM32F4xx_HAL_Driver/Src/stm32f4xx_hal_flash_ex.o
LOAD ./Drivers/STM32F4xx_HAL_Driver/Src/stm32f4xx_hal_flash_ramfunc.o
LOAD ./Drivers/STM32F4xx_HAL_Driver/Src/stm32f4xx_hal_gpio.o
LOAD ./Drivers/STM32F4xx_HAL_Driver/Src/stm32f4xx_hal_pcd.o
LOAD ./Drivers/STM32F4xx_HAL_Driver/Src/stm32f4xx_hal_pcd_ex.o
LOAD ./Drivers/STM32F4xx_HAL_Driver/Src/stm32f4xx_hal_pwr.o
LOAD ./Drivers/STM32F4xx_HAL_Driver/Src/stm32f4xx_hal_pwr_ex.o
LOAD ./Drivers/STM32F4xx_HAL_Driver/Src/stm32f4xx_hal_rcc.o
LOAD ./Drivers/STM32F4xx_HAL_Driver/Src/stm32f4xx_hal_rcc_ex.o
LOAD ./Drivers/STM32F4xx_HAL_Driver/Src/stm32f4xx_hal_tim.o
LOAD ./Drivers/STM32F4xx_HAL_Driver/Src/stm32f4xx_hal_tim_ex.o
LOAD ./Drivers/STM32F4xx_HAL_Driver/Src/stm32f4xx_hal_uart.o
LOAD ./Drivers/STM32F4xx_HAL_Driver/Src/stm32f4xx_ll_adc.o
LOAD ./Drivers/STM32F4xx_HAL_Driver/Src/stm32f4xx_ll_dma.o
LOAD ./Drivers/STM32F4xx_HAL_Driver/Src/stm32f4xx_ll_exti.o
LOAD ./Drivers/STM32F4xx_HAL_Driver/Src/stm32f4xx_ll_gpio.o
LOAD ./Drivers/STM32F4xx_HAL_Driver/Src/stm32f4xx_ll_rcc.o
LOAD ./Drivers/STM32F4xx_HAL_Driver/Src/stm32f4xx_ll_spi.o
LOAD ./Drivers/STM32F4xx_HAL_Driver/Src/stm32f4xx_ll_usb.o
LOAD ./Drivers/STM32F4xx_HAL_Driver/Src/stm32f4xx_ll_utils.o
LOAD ./Middlewares/ST/STM32_USB_Device_Library/Class/CDC/Src/usbd_cdc.o
LOAD ./Middlewares/ST/STM32_USB_Device_Library/Core/Src/usbd_core.o
LOAD ./Middlewares/ST/STM32_USB_Device_Library/Core/Src/usbd_ctlreq.o
LOAD ./Middlewares/ST/STM32_USB_Device_Library/Core/Src/usbd_ioreq.o
LOAD ./USB_DEVICE/App/usb_device.o
LOAD ./USB_DEVICE/App/usbd_cdc_if.o
LOAD ./USB_DEVICE/App/usbd_desc.o
LOAD ./USB_DEVICE/Target/usbd_conf.o
START GROUP
LOAD C:/ST/STM32CubeIDE_1.15.0/STM32CubeIDE/plugins/com.st.stm32cube.ide.mcu.externaltools.gnu-tools-for-stm32.13.3.rel1.win32_1.0.0.202411081344/tools/bin/../lib/gcc/arm-none-eabi/13.3.1/../../../../arm-none-eabi/lib/thumb/v7e-m+fp/hard\libc_nano.a
LOAD C:/ST/STM32CubeIDE_1.15.0/STM32CubeIDE/plugins/com.st.stm32cube.ide.mcu.externaltools.gnu-tools-for-stm32.13.3.rel1.win32_1.0.0.202411081344/tools/bin/../lib/gcc/arm-none-eabi/13.3.1/../../../../arm-none-eabi/lib/thumb/v7e-m+fp/hard\libm.a
END GROUP
START GROUP
LOAD C:/ST/STM32CubeIDE_1.15.0/STM32CubeIDE/plugins/com.st.stm32cube.ide.mcu.externaltools.gnu-tools-for-stm32.13.3.rel1.win32_1.0.0.202411081344/tools/bin/../lib/gcc/arm-none-eabi/13.3.1/thumb/v7e-m+fp/hard\libgcc.a
LOAD C:/ST/STM32CubeIDE_1.15.0/STM32CubeIDE/plugins/com.st.stm32cube.ide.mcu.externaltools.gnu-tools-for-stm32.13.3.rel1.win32_1.0.0.202411081344/tools/bin/../lib/gcc/arm-none-eabi/13.3.1/../../../../arm-none-eabi/lib/thumb/v7e-m+fp/hard\libc_nano.a
END GROUP
START GROUP
LOAD C:/ST/STM32CubeIDE_1.15.0/STM32CubeIDE/plugins/com.st.stm32cube.ide.mcu.externaltools.gnu-tools-for-stm32.13.3.rel1.win32_1.0.0.202411081344/tools/bin/../lib/gcc/arm-none-eabi/13.3.1/thumb/v7e-m+fp/hard\libgcc.a
LOAD C:/ST/STM32CubeIDE_1.15.0/STM32CubeIDE/plugins/com.st.stm32cube.ide.mcu.externaltools.gnu-tools-for-stm32.13.3.rel1.win32_1.0.0.202411081344/tools/bin/../lib/gcc/arm-none-eabi/13.3.1/../../../../arm-none-eabi/lib/thumb/v7e-m+fp/hard\libc_nano.a
LOAD C:/ST/STM32CubeIDE_1.15.0/STM32CubeIDE/plugins/com.st.stm32cube.ide.mcu.externaltools.gnu-tools-for-stm32.13.3.rel1.win32_1.0.0.202411081344/tools/bin/../lib/gcc/arm-none-eabi/13.3.1/../../../../arm-none-eabi/lib/thumb/v7e-m+fp/hard\libnosys.a
END GROUP
START GROUP
LOAD C:/ST/STM32CubeIDE_1.15.0/STM32CubeIDE/plugins/com.st.stm32cube.ide.mcu.externaltools.gnu-tools-for-stm32.13.3.rel1.win32_1.0.0.202411081344/tools/bin/../lib/gcc/arm-none-eabi/13.3.1/thumb/v7e-m+fp/hard\libgcc.a
LOAD C:/ST/STM32CubeIDE_1.15.0/STM32CubeIDE/plugins/com.st.stm32cube.ide.mcu.externaltools.gnu-tools-for-stm32.13.3.rel1.win32_1.0.0.202411081344/tools/bin/../lib/gcc/arm-none-eabi/13.3.1/../../../../arm-none-eabi/lib/thumb/v7e-m+fp/hard\libc_nano.a
LOAD C:/ST/STM32CubeIDE_1.15.0/STM32CubeIDE/plugins/com.st.stm32cube.ide.mcu.externaltools.gnu-tools-for-stm32.13.3.rel1.win32_1.0.0.202411081344/tools/bin/../lib/gcc/arm-none-eabi/13.3.1/../../../../arm-none-eabi/lib/thumb/v7e-m+fp/hard\libnosys.a
END GROUP
LOAD C:/ST/STM32CubeIDE_1.15.0/STM32CubeIDE/plugins/com.st.stm32cube.ide.mcu.externaltools.gnu-tools-for-stm32.13.3.rel1.win32_1.0.0.202411081344/tools/bin/../lib/gcc/arm-none-eabi/13.3.1/thumb/v7e-m+fp/hard/crtend.o
LOAD C:/ST/STM32CubeIDE_1.15.0/STM32CubeIDE/plugins/com.st.stm32cube.ide.mcu.externaltools.gnu-tools-for-stm32.13.3.rel1.win32_1.0.0.202411081344/tools/bin/../lib/gcc/arm-none-eabi/13.3.1/thumb/v7e-m+fp/hard/crtn.o
                0x20040000                        _estack = (ORIGIN (RAM) + LENGTH (RAM))
                0x00000200                        _Min_Heap_Size = 0x200
                0x00000400                        _Min_Stack_Size = 0x400

.isr_vector     0x08000000      0x1c4
                0x08000000                        . = ALIGN (0x4)
 *(.isr_vector)
 .isr_vector    0x08000000      0x1c4 ./Core/Startup/startup_stm32f412zgtx.o
                0x08000000                g_pfnVectors
                0x080001c4                        . = ALIGN (0x4)

.text           0x080001c4     0xa078
                0x080001c4                        . = ALIGN (0x4)
 *(.text)
 .text          0x080001c4       0x40 C:/ST/STM32CubeIDE_1.15.0/STM32CubeIDE/plugins/com.st.stm32cube.ide.mcu.externaltools.gnu-tools-for-stm32.13.3.rel1.win32_1.0.0.202411081344/tools/bin/../lib/gcc/arm-none-eabi/13.3.1/thumb/v7e-m+fp/hard/crtbegin.o
 .text          0x08000204       0x30 C:/ST/STM32CubeIDE_1.15.0/STM32CubeIDE/plugins/com.st.stm32cube.ide.mcu.externaltools.gnu-tools-for-stm32.13.3.rel1.win32_1.0.0.202411081344/tools/bin/../lib/gcc/arm-none-eabi/13.3.1/thumb/v7e-m+fp/hard\libgcc.a(_aeabi_uldivmod.o)
                0x08000204                __aeabi_uldivmod
 .text          0x08000234      0x2f8 C:/ST/STM32CubeIDE_1.15.0/STM32CubeIDE/plugins/com.st.stm32cube.ide.mcu.externaltools.gnu-tools-for-stm32.13.3.rel1.win32_1.0.0.202411081344/tools/bin/../lib/gcc/arm-none-eabi/13.3.1/thumb/v7e-m+fp/hard\libgcc.a(_udivmoddi4.o)
                0x08000234                __udivmoddi4
 .text          0x0800052c        0x4 C:/ST/STM32CubeIDE_1.15.0/STM32CubeIDE/plugins/com.st.stm32cube.ide.mcu.externaltools.gnu-tools-for-stm32.13.3.rel1.win32_1.0.0.202411081344/tools/bin/../lib/gcc/arm-none-eabi/13.3.1/thumb/v7e-m+fp/hard\libgcc.a(_dvmd_tls.o)
                0x0800052c                __aeabi_idiv0
                0x0800052c                __aeabi_ldiv0
 *(.text*)
 .text.L76LM33_RxCallback
                0x08000530       0x52 ./Core/Src/GAUL_Drivers/Components/L76LM33.o
                0x08000530                L76LM33_RxCallback
 .text.GPIO_WritePin
                0x08000582       0x4a ./Core/Src/GAUL_Drivers/Low_Level/GPIO_driver.o
                0x08000582                GPIO_WritePin
 .text.ring_buffer_is_full
                0x080005cc       0x32 ./Core/Src/GAUL_Drivers/Low_Level/RingBuffer.o
                0x080005cc                ring_buffer_is_full
 .text.ring_buffer_queue
                0x080005fe       0x4e ./Core/Src/GAUL_Drivers/Low_Level/RingBuffer.o
                0x080005fe                ring_buffer_queue
 .text.RunTimerInit
                0x0800064c       0x32 ./Core/Src/GAUL_Drivers/util.o
                0x0800064c                RunTimerInit
 .text.LL_SPI_SetStandard
                0x0800067e       0x26 ./Core/Src/main.o
 .text.LL_GPIO_SetOutputPin
                0x080006a4       0x1c ./Core/Src/main.o
 .text.LL_GPIO_ResetOutputPin
                0x080006c0       0x1e ./Core/Src/main.o
 *fill*         0x080006de        0x2 
 .text.LL_AHB1_GRP1_EnableClock
                0x080006e0       0x30 ./Core/Src/main.o
 .text.LL_APB2_GRP1_EnableClock
                0x08000710       0x30 ./Core/Src/main.o
 .text.main     0x08000740       0x6c ./Core/Src/main.o
                0x08000740                main
 .text.SystemClock_Config
                0x080007ac       0xdc ./Core/Src/main.o
                0x080007ac                SystemClock_Config
 .text.MX_ADC1_Init
                0x08000888       0xa4 ./Core/Src/main.o
 .text.MX_SPI1_Init
                0x0800092c       0xc8 ./Core/Src/main.o
 .text.MX_SPI4_Init
                0x080009f4       0xcc ./Core/Src/main.o
 .text.MX_SPI5_Init
                0x08000ac0       0xd4 ./Core/Src/main.o
 .text.MX_TIM1_Init
                0x08000b94      0x140 ./Core/Src/main.o
 .text.MX_USART1_UART_Init
                0x08000cd4       0x54 ./Core/Src/main.o
 .text.MX_USART2_UART_Init
                0x08000d28       0x54 ./Core/Src/main.o
 .text.MX_USART6_UART_Init
                0x08000d7c       0x54 ./Core/Src/main.o
 .text.MX_GPIO_Init
                0x08000dd0      0x1b0 ./Core/Src/main.o
 .text.HAL_UART_RxCpltCallback
                0x08000f80       0x1c ./Core/Src/main.o
                0x08000f80                HAL_UART_RxCpltCallback
 .text.Error_Handler
                0x08000f9c        0xc ./Core/Src/main.o
                0x08000f9c                Error_Handler
 .text.HAL_MspInit
                0x08000fa8       0x50 ./Core/Src/stm32f4xx_hal_msp.o
                0x08000fa8                HAL_MspInit
 .text.HAL_ADC_MspInit
                0x08000ff8       0x88 ./Core/Src/stm32f4xx_hal_msp.o
                0x08000ff8                HAL_ADC_MspInit
 .text.HAL_TIM_Base_MspInit
                0x08001080       0x44 ./Core/Src/stm32f4xx_hal_msp.o
                0x08001080                HAL_TIM_Base_MspInit
 .text.HAL_TIM_MspPostInit
                0x080010c4       0x74 ./Core/Src/stm32f4xx_hal_msp.o
                0x080010c4                HAL_TIM_MspPostInit
 .text.HAL_UART_MspInit
                0x08001138      0x178 ./Core/Src/stm32f4xx_hal_msp.o
                0x08001138                HAL_UART_MspInit
 .text.NMI_Handler
                0x080012b0        0x8 ./Core/Src/stm32f4xx_it.o
                0x080012b0                NMI_Handler
 .text.HardFault_Handler
                0x080012b8        0x8 ./Core/Src/stm32f4xx_it.o
                0x080012b8                HardFault_Handler
 .text.MemManage_Handler
                0x080012c0        0x8 ./Core/Src/stm32f4xx_it.o
                0x080012c0                MemManage_Handler
 .text.BusFault_Handler
                0x080012c8        0x8 ./Core/Src/stm32f4xx_it.o
                0x080012c8                BusFault_Handler
 .text.UsageFault_Handler
                0x080012d0        0x8 ./Core/Src/stm32f4xx_it.o
                0x080012d0                UsageFault_Handler
 .text.SVC_Handler
                0x080012d8        0xe ./Core/Src/stm32f4xx_it.o
                0x080012d8                SVC_Handler
 .text.DebugMon_Handler
                0x080012e6        0xe ./Core/Src/stm32f4xx_it.o
                0x080012e6                DebugMon_Handler
 .text.PendSV_Handler
                0x080012f4        0xe ./Core/Src/stm32f4xx_it.o
                0x080012f4                PendSV_Handler
 .text.SysTick_Handler
                0x08001302        0xc ./Core/Src/stm32f4xx_it.o
                0x08001302                SysTick_Handler
 *fill*         0x0800130e        0x2 
 .text.USART1_IRQHandler
                0x08001310       0x14 ./Core/Src/stm32f4xx_it.o
                0x08001310                USART1_IRQHandler
 .text.OTG_FS_IRQHandler
                0x08001324       0x14 ./Core/Src/stm32f4xx_it.o
                0x08001324                OTG_FS_IRQHandler
 .text.SystemInit
                0x08001338       0x24 ./Core/Src/system_stm32f4xx.o
                0x08001338                SystemInit
 .text.Reset_Handler
                0x0800135c       0x50 ./Core/Startup/startup_stm32f412zgtx.o
                0x0800135c                Reset_Handler
 .text.Default_Handler
                0x080013ac        0x2 ./Core/Startup/startup_stm32f412zgtx.o
                0x080013ac                RTC_Alarm_IRQHandler
                0x080013ac                EXTI2_IRQHandler
                0x080013ac                TIM8_CC_IRQHandler
                0x080013ac                FMPI2C1_EV_IRQHandler
                0x080013ac                SPI4_IRQHandler
                0x080013ac                TIM1_CC_IRQHandler
                0x080013ac                DMA2_Stream5_IRQHandler
                0x080013ac                DMA1_Stream5_IRQHandler
                0x080013ac                TIM6_IRQHandler
                0x080013ac                PVD_IRQHandler
                0x080013ac                SDIO_IRQHandler
                0x080013ac                TAMP_STAMP_IRQHandler
                0x080013ac                CAN2_RX1_IRQHandler
                0x080013ac                EXTI3_IRQHandler
                0x080013ac                TIM8_TRG_COM_TIM14_IRQHandler
                0x080013ac                DFSDM1_FLT1_IRQHandler
                0x080013ac                TIM1_UP_TIM10_IRQHandler
                0x080013ac                TIM8_UP_TIM13_IRQHandler
                0x080013ac                I2C3_ER_IRQHandler
                0x080013ac                EXTI0_IRQHandler
                0x080013ac                I2C2_EV_IRQHandler
                0x080013ac                DMA1_Stream2_IRQHandler
                0x080013ac                CAN1_RX0_IRQHandler
                0x080013ac                FPU_IRQHandler
                0x080013ac                CAN2_SCE_IRQHandler
                0x080013ac                DMA2_Stream2_IRQHandler
                0x080013ac                SPI1_IRQHandler
                0x080013ac                TIM1_BRK_TIM9_IRQHandler
                0x080013ac                CAN2_RX0_IRQHandler
                0x080013ac                DMA2_Stream3_IRQHandler
                0x080013ac                USART6_IRQHandler
                0x080013ac                USART3_IRQHandler
                0x080013ac                CAN1_RX1_IRQHandler
                0x080013ac                DMA2_Stream0_IRQHandler
                0x080013ac                TIM4_IRQHandler
                0x080013ac                QUADSPI_IRQHandler
                0x080013ac                I2C1_EV_IRQHandler
                0x080013ac                DMA1_Stream6_IRQHandler
                0x080013ac                DMA1_Stream1_IRQHandler
                0x080013ac                TIM3_IRQHandler
                0x080013ac                RCC_IRQHandler
                0x080013ac                TIM8_BRK_TIM12_IRQHandler
                0x080013ac                Default_Handler
                0x080013ac                EXTI15_10_IRQHandler
                0x080013ac                ADC_IRQHandler
                0x080013ac                DMA1_Stream7_IRQHandler
                0x080013ac                SPI5_IRQHandler
                0x080013ac                TIM7_IRQHandler
                0x080013ac                CAN2_TX_IRQHandler
                0x080013ac                TIM5_IRQHandler
                0x080013ac                DMA2_Stream7_IRQHandler
                0x080013ac                I2C3_EV_IRQHandler
                0x080013ac                EXTI9_5_IRQHandler
                0x080013ac                RTC_WKUP_IRQHandler
                0x080013ac                SPI2_IRQHandler
                0x080013ac                DMA1_Stream0_IRQHandler
                0x080013ac                CAN1_TX_IRQHandler
                0x080013ac                FMPI2C1_ER_IRQHandler
                0x080013ac                EXTI4_IRQHandler
                0x080013ac                RNG_IRQHandler
                0x080013ac                WWDG_IRQHandler
                0x080013ac                TIM2_IRQHandler
                0x080013ac                OTG_FS_WKUP_IRQHandler
                0x080013ac                TIM1_TRG_COM_TIM11_IRQHandler
                0x080013ac                EXTI1_IRQHandler
                0x080013ac                USART2_IRQHandler
                0x080013ac                DFSDM1_FLT0_IRQHandler
                0x080013ac                I2C2_ER_IRQHandler
                0x080013ac                DMA2_Stream1_IRQHandler
                0x080013ac                CAN1_SCE_IRQHandler
                0x080013ac                FLASH_IRQHandler
                0x080013ac                DMA2_Stream4_IRQHandler
                0x080013ac                SPI3_IRQHandler
                0x080013ac                DMA1_Stream4_IRQHandler
                0x080013ac                I2C1_ER_IRQHandler
                0x080013ac                DMA2_Stream6_IRQHandler
                0x080013ac                DMA1_Stream3_IRQHandler
 *fill*         0x080013ae        0x2 
 .text.HAL_Init
                0x080013b0       0x44 ./Drivers/STM32F4xx_HAL_Driver/Src/stm32f4xx_hal.o
                0x080013b0                HAL_Init
 .text.HAL_InitTick
                0x080013f4       0x60 ./Drivers/STM32F4xx_HAL_Driver/Src/stm32f4xx_hal.o
                0x080013f4                HAL_InitTick
 .text.HAL_IncTick
                0x08001454       0x28 ./Drivers/STM32F4xx_HAL_Driver/Src/stm32f4xx_hal.o
                0x08001454                HAL_IncTick
 .text.HAL_GetTick
                0x0800147c       0x18 ./Drivers/STM32F4xx_HAL_Driver/Src/stm32f4xx_hal.o
                0x0800147c                HAL_GetTick
 .text.HAL_Delay
                0x08001494       0x48 ./Drivers/STM32F4xx_HAL_Driver/Src/stm32f4xx_hal.o
                0x08001494                HAL_Delay
 .text.HAL_ADC_Init
                0x080014dc       0x86 ./Drivers/STM32F4xx_HAL_Driver/Src/stm32f4xx_hal_adc.o
                0x080014dc                HAL_ADC_Init
 *fill*         0x08001562        0x2 
 .text.HAL_ADC_ConfigChannel
                0x08001564      0x244 ./Drivers/STM32F4xx_HAL_Driver/Src/stm32f4xx_hal_adc.o
                0x08001564                HAL_ADC_ConfigChannel
 .text.ADC_Init
                0x080017a8      0x1f8 ./Drivers/STM32F4xx_HAL_Driver/Src/stm32f4xx_hal_adc.o
 .text.__NVIC_SetPriorityGrouping
                0x080019a0       0x48 ./Drivers/STM32F4xx_HAL_Driver/Src/stm32f4xx_hal_cortex.o
 .text.__NVIC_GetPriorityGrouping
                0x080019e8       0x1c ./Drivers/STM32F4xx_HAL_Driver/Src/stm32f4xx_hal_cortex.o
 .text.__NVIC_EnableIRQ
                0x08001a04       0x3c ./Drivers/STM32F4xx_HAL_Driver/Src/stm32f4xx_hal_cortex.o
 .text.__NVIC_SetPriority
                0x08001a40       0x54 ./Drivers/STM32F4xx_HAL_Driver/Src/stm32f4xx_hal_cortex.o
 .text.NVIC_EncodePriority
                0x08001a94       0x66 ./Drivers/STM32F4xx_HAL_Driver/Src/stm32f4xx_hal_cortex.o
 *fill*         0x08001afa        0x2 
 .text.SysTick_Config
                0x08001afc       0x44 ./Drivers/STM32F4xx_HAL_Driver/Src/stm32f4xx_hal_cortex.o
 .text.HAL_NVIC_SetPriorityGrouping
                0x08001b40       0x16 ./Drivers/STM32F4xx_HAL_Driver/Src/stm32f4xx_hal_cortex.o
                0x08001b40                HAL_NVIC_SetPriorityGrouping
 .text.HAL_NVIC_SetPriority
                0x08001b56       0x38 ./Drivers/STM32F4xx_HAL_Driver/Src/stm32f4xx_hal_cortex.o
                0x08001b56                HAL_NVIC_SetPriority
 .text.HAL_NVIC_EnableIRQ
                0x08001b8e       0x1c ./Drivers/STM32F4xx_HAL_Driver/Src/stm32f4xx_hal_cortex.o
                0x08001b8e                HAL_NVIC_EnableIRQ
 .text.HAL_SYSTICK_Config
                0x08001baa       0x18 ./Drivers/STM32F4xx_HAL_Driver/Src/stm32f4xx_hal_cortex.o
                0x08001baa                HAL_SYSTICK_Config
 .text.HAL_DMA_Abort
                0x08001bc2       0xe0 ./Drivers/STM32F4xx_HAL_Driver/Src/stm32f4xx_hal_dma.o
                0x08001bc2                HAL_DMA_Abort
 .text.HAL_DMA_Abort_IT
                0x08001ca2       0x44 ./Drivers/STM32F4xx_HAL_Driver/Src/stm32f4xx_hal_dma.o
                0x08001ca2                HAL_DMA_Abort_IT
 *fill*         0x08001ce6        0x2 
 .text.HAL_GPIO_Init
                0x08001ce8      0x328 ./Drivers/STM32F4xx_HAL_Driver/Src/stm32f4xx_hal_gpio.o
                0x08001ce8                HAL_GPIO_Init
 .text.HAL_PCD_Init
                0x08002010      0x22c ./Drivers/STM32F4xx_HAL_Driver/Src/stm32f4xx_hal_pcd.o
                0x08002010                HAL_PCD_Init
 .text.HAL_PCD_Start
                0x0800223c       0x6a ./Drivers/STM32F4xx_HAL_Driver/Src/stm32f4xx_hal_pcd.o
                0x0800223c                HAL_PCD_Start
 .text.HAL_PCD_IRQHandler
                0x080022a6      0x99c ./Drivers/STM32F4xx_HAL_Driver/Src/stm32f4xx_hal_pcd.o
                0x080022a6                HAL_PCD_IRQHandler
 .text.HAL_PCD_SetAddress
                0x08002c42       0x48 ./Drivers/STM32F4xx_HAL_Driver/Src/stm32f4xx_hal_pcd.o
                0x08002c42                HAL_PCD_SetAddress
 .text.HAL_PCD_EP_Open
                0x08002c8a       0xd4 ./Drivers/STM32F4xx_HAL_Driver/Src/stm32f4xx_hal_pcd.o
                0x08002c8a                HAL_PCD_EP_Open
 .text.HAL_PCD_EP_Close
                0x08002d5e       0x94 ./Drivers/STM32F4xx_HAL_Driver/Src/stm32f4xx_hal_pcd.o
                0x08002d5e                HAL_PCD_EP_Close
 .text.HAL_PCD_EP_Receive
                0x08002df2       0x76 ./Drivers/STM32F4xx_HAL_Driver/Src/stm32f4xx_hal_pcd.o
                0x08002df2                HAL_PCD_EP_Receive
 .text.HAL_PCD_EP_GetRxCount
                0x08002e68       0x30 ./Drivers/STM32F4xx_HAL_Driver/Src/stm32f4xx_hal_pcd.o
                0x08002e68                HAL_PCD_EP_GetRxCount
 .text.HAL_PCD_EP_Transmit
                0x08002e98       0x74 ./Drivers/STM32F4xx_HAL_Driver/Src/stm32f4xx_hal_pcd.o
                0x08002e98                HAL_PCD_EP_Transmit
 .text.HAL_PCD_EP_SetStall
                0x08002f0c       0xc6 ./Drivers/STM32F4xx_HAL_Driver/Src/stm32f4xx_hal_pcd.o
                0x08002f0c                HAL_PCD_EP_SetStall
 .text.HAL_PCD_EP_ClrStall
                0x08002fd2       0xac ./Drivers/STM32F4xx_HAL_Driver/Src/stm32f4xx_hal_pcd.o
                0x08002fd2                HAL_PCD_EP_ClrStall
 .text.HAL_PCD_EP_Abort
                0x0800307e       0x62 ./Drivers/STM32F4xx_HAL_Driver/Src/stm32f4xx_hal_pcd.o
                0x0800307e                HAL_PCD_EP_Abort
 .text.PCD_WriteEmptyTxFifo
                0x080030e0      0x118 ./Drivers/STM32F4xx_HAL_Driver/Src/stm32f4xx_hal_pcd.o
 .text.PCD_EP_OutXfrComplete_int
                0x080031f8      0x1d0 ./Drivers/STM32F4xx_HAL_Driver/Src/stm32f4xx_hal_pcd.o
 .text.PCD_EP_OutSetupPacket_int
                0x080033c8       0x8c ./Drivers/STM32F4xx_HAL_Driver/Src/stm32f4xx_hal_pcd.o
 .text.HAL_PCDEx_SetTxFiFo
                0x08003454       0x8e ./Drivers/STM32F4xx_HAL_Driver/Src/stm32f4xx_hal_pcd_ex.o
                0x08003454                HAL_PCDEx_SetTxFiFo
 .text.HAL_PCDEx_SetRxFiFo
                0x080034e2       0x22 ./Drivers/STM32F4xx_HAL_Driver/Src/stm32f4xx_hal_pcd_ex.o
                0x080034e2                HAL_PCDEx_SetRxFiFo
 .text.HAL_PCDEx_ActivateLPM
                0x08003504       0x48 ./Drivers/STM32F4xx_HAL_Driver/Src/stm32f4xx_hal_pcd_ex.o
                0x08003504                HAL_PCDEx_ActivateLPM
 .text.HAL_RCC_ClockConfig
                0x0800354c      0x1cc ./Drivers/STM32F4xx_HAL_Driver/Src/stm32f4xx_hal_rcc.o
                0x0800354c                HAL_RCC_ClockConfig
 .text.HAL_RCC_GetSysClockFreq
                0x08003718      0x18c ./Drivers/STM32F4xx_HAL_Driver/Src/stm32f4xx_hal_rcc.o
                0x08003718                HAL_RCC_GetSysClockFreq
 .text.HAL_RCC_GetHCLKFreq
                0x080038a4       0x18 ./Drivers/STM32F4xx_HAL_Driver/Src/stm32f4xx_hal_rcc.o
                0x080038a4                HAL_RCC_GetHCLKFreq
 .text.HAL_RCC_GetPCLK1Freq
                0x080038bc       0x28 ./Drivers/STM32F4xx_HAL_Driver/Src/stm32f4xx_hal_rcc.o
                0x080038bc                HAL_RCC_GetPCLK1Freq
 .text.HAL_RCC_GetPCLK2Freq
                0x080038e4       0x28 ./Drivers/STM32F4xx_HAL_Driver/Src/stm32f4xx_hal_rcc.o
                0x080038e4                HAL_RCC_GetPCLK2Freq
 .text.HAL_RCCEx_PeriphCLKConfig
                0x0800390c      0x39c ./Drivers/STM32F4xx_HAL_Driver/Src/stm32f4xx_hal_rcc_ex.o
                0x0800390c                HAL_RCCEx_PeriphCLKConfig
 .text.HAL_RCC_OscConfig
                0x08003ca8      0x508 ./Drivers/STM32F4xx_HAL_Driver/Src/stm32f4xx_hal_rcc_ex.o
                0x08003ca8                HAL_RCC_OscConfig
 .text.HAL_TIM_Base_Init
                0x080041b0       0x9e ./Drivers/STM32F4xx_HAL_Driver/Src/stm32f4xx_hal_tim.o
                0x080041b0                HAL_TIM_Base_Init
 .text.HAL_TIM_PWM_Init
                0x0800424e       0x9e ./Drivers/STM32F4xx_HAL_Driver/Src/stm32f4xx_hal_tim.o
                0x0800424e                HAL_TIM_PWM_Init
 .text.HAL_TIM_PWM_MspInit
                0x080042ec       0x14 ./Drivers/STM32F4xx_HAL_Driver/Src/stm32f4xx_hal_tim.o
                0x080042ec                HAL_TIM_PWM_MspInit
 .text.HAL_TIM_PWM_ConfigChannel
                0x08004300      0x184 ./Drivers/STM32F4xx_HAL_Driver/Src/stm32f4xx_hal_tim.o
                0x08004300                HAL_TIM_PWM_ConfigChannel
 .text.HAL_TIM_ConfigClockSource
                0x08004484      0x18e ./Drivers/STM32F4xx_HAL_Driver/Src/stm32f4xx_hal_tim.o
                0x08004484                HAL_TIM_ConfigClockSource
 *fill*         0x08004612        0x2 
 .text.TIM_Base_SetConfig
                0x08004614      0x158 ./Drivers/STM32F4xx_HAL_Driver/Src/stm32f4xx_hal_tim.o
                0x08004614                TIM_Base_SetConfig
 .text.TIM_OC1_SetConfig
                0x0800476c       0xe0 ./Drivers/STM32F4xx_HAL_Driver/Src/stm32f4xx_hal_tim.o
 .text.TIM_OC2_SetConfig
                0x0800484c       0xec ./Drivers/STM32F4xx_HAL_Driver/Src/stm32f4xx_hal_tim.o
                0x0800484c                TIM_OC2_SetConfig
 .text.TIM_OC3_SetConfig
                0x08004938       0xe8 ./Drivers/STM32F4xx_HAL_Driver/Src/stm32f4xx_hal_tim.o
 .text.TIM_OC4_SetConfig
                0x08004a20       0xac ./Drivers/STM32F4xx_HAL_Driver/Src/stm32f4xx_hal_tim.o
 .text.TIM_TI1_ConfigInputStage
                0x08004acc       0x5e ./Drivers/STM32F4xx_HAL_Driver/Src/stm32f4xx_hal_tim.o
 .text.TIM_TI2_ConfigInputStage
                0x08004b2a       0x60 ./Drivers/STM32F4xx_HAL_Driver/Src/stm32f4xx_hal_tim.o
 .text.TIM_ITRx_SetConfig
                0x08004b8a       0x36 ./Drivers/STM32F4xx_HAL_Driver/Src/stm32f4xx_hal_tim.o
 .text.TIM_ETR_SetConfig
                0x08004bc0       0x40 ./Drivers/STM32F4xx_HAL_Driver/Src/stm32f4xx_hal_tim.o
                0x08004bc0                TIM_ETR_SetConfig
 .text.HAL_TIMEx_MasterConfigSynchronization
                0x08004c00       0xf8 ./Drivers/STM32F4xx_HAL_Driver/Src/stm32f4xx_hal_tim_ex.o
                0x08004c00                HAL_TIMEx_MasterConfigSynchronization
 .text.HAL_TIMEx_ConfigBreakDeadTime
                0x08004cf8       0xa4 ./Drivers/STM32F4xx_HAL_Driver/Src/stm32f4xx_hal_tim_ex.o
                0x08004cf8                HAL_TIMEx_ConfigBreakDeadTime
 .text.HAL_UART_Init
                0x08004d9c       0xa0 ./Drivers/STM32F4xx_HAL_Driver/Src/stm32f4xx_hal_uart.o
                0x08004d9c                HAL_UART_Init
 .text.HAL_UART_Receive_IT
                0x08004e3c       0x4a ./Drivers/STM32F4xx_HAL_Driver/Src/stm32f4xx_hal_uart.o
                0x08004e3c                HAL_UART_Receive_IT
 *fill*         0x08004e86        0x2 
 .text.HAL_UART_IRQHandler
                0x08004e88      0x524 ./Drivers/STM32F4xx_HAL_Driver/Src/stm32f4xx_hal_uart.o
                0x08004e88                HAL_UART_IRQHandler
 .text.HAL_UART_TxCpltCallback
                0x080053ac       0x14 ./Drivers/STM32F4xx_HAL_Driver/Src/stm32f4xx_hal_uart.o
                0x080053ac                HAL_UART_TxCpltCallback
 .text.HAL_UART_ErrorCallback
                0x080053c0       0x14 ./Drivers/STM32F4xx_HAL_Driver/Src/stm32f4xx_hal_uart.o
                0x080053c0                HAL_UART_ErrorCallback
 .text.HAL_UARTEx_RxEventCallback
                0x080053d4       0x18 ./Drivers/STM32F4xx_HAL_Driver/Src/stm32f4xx_hal_uart.o
                0x080053d4                HAL_UARTEx_RxEventCallback
 .text.UART_Start_Receive_IT
                0x080053ec       0x74 ./Drivers/STM32F4xx_HAL_Driver/Src/stm32f4xx_hal_uart.o
                0x080053ec                UART_Start_Receive_IT
 .text.UART_EndRxTransfer
                0x08005460       0xc6 ./Drivers/STM32F4xx_HAL_Driver/Src/stm32f4xx_hal_uart.o
 .text.UART_DMAAbortOnError
                0x08005526       0x28 ./Drivers/STM32F4xx_HAL_Driver/Src/stm32f4xx_hal_uart.o
 .text.UART_Transmit_IT
                0x0800554e       0xa0 ./Drivers/STM32F4xx_HAL_Driver/Src/stm32f4xx_hal_uart.o
 .text.UART_EndTransmit_IT
                0x080055ee       0x30 ./Drivers/STM32F4xx_HAL_Driver/Src/stm32f4xx_hal_uart.o
 .text.UART_Receive_IT
                0x0800561e      0x17c ./Drivers/STM32F4xx_HAL_Driver/Src/stm32f4xx_hal_uart.o
 *fill*         0x0800579a        0x2 
 .text.UART_SetConfig
                0x0800579c      0x4e8 ./Drivers/STM32F4xx_HAL_Driver/Src/stm32f4xx_hal_uart.o
 .text.LL_GPIO_SetPinMode
                0x08005c84       0x7a ./Drivers/STM32F4xx_HAL_Driver/Src/stm32f4xx_ll_gpio.o
 .text.LL_GPIO_SetPinOutputType
                0x08005cfe       0x30 ./Drivers/STM32F4xx_HAL_Driver/Src/stm32f4xx_ll_gpio.o
 .text.LL_GPIO_SetPinSpeed
                0x08005d2e       0x7a ./Drivers/STM32F4xx_HAL_Driver/Src/stm32f4xx_ll_gpio.o
 .text.LL_GPIO_SetPinPull
                0x08005da8       0x7a ./Drivers/STM32F4xx_HAL_Driver/Src/stm32f4xx_ll_gpio.o
 .text.LL_GPIO_SetAFPin_0_7
                0x08005e22       0x7a ./Drivers/STM32F4xx_HAL_Driver/Src/stm32f4xx_ll_gpio.o
 .text.LL_GPIO_SetAFPin_8_15
                0x08005e9c       0x7e ./Drivers/STM32F4xx_HAL_Driver/Src/stm32f4xx_ll_gpio.o
 .text.LL_GPIO_Init
                0x08005f1a      0x102 ./Drivers/STM32F4xx_HAL_Driver/Src/stm32f4xx_ll_gpio.o
                0x08005f1a                LL_GPIO_Init
 .text.LL_SPI_IsEnabled
                0x0800601c       0x26 ./Drivers/STM32F4xx_HAL_Driver/Src/stm32f4xx_ll_spi.o
 .text.LL_SPI_SetCRCPolynomial
                0x08006042       0x20 ./Drivers/STM32F4xx_HAL_Driver/Src/stm32f4xx_ll_spi.o
 .text.LL_SPI_Init
                0x08006062       0xa4 ./Drivers/STM32F4xx_HAL_Driver/Src/stm32f4xx_ll_spi.o
                0x08006062                LL_SPI_Init
 .text.USB_CoreInit
                0x08006106       0xc8 ./Drivers/STM32F4xx_HAL_Driver/Src/stm32f4xx_ll_usb.o
                0x08006106                USB_CoreInit
 *fill*         0x080061ce        0x2 
 .text.USB_SetTurnaroundTime
                0x080061d0      0x144 ./Drivers/STM32F4xx_HAL_Driver/Src/stm32f4xx_ll_usb.o
                0x080061d0                USB_SetTurnaroundTime
 .text.USB_EnableGlobalInt
                0x08006314       0x22 ./Drivers/STM32F4xx_HAL_Driver/Src/stm32f4xx_ll_usb.o
                0x08006314                USB_EnableGlobalInt
 .text.USB_DisableGlobalInt
                0x08006336       0x22 ./Drivers/STM32F4xx_HAL_Driver/Src/stm32f4xx_ll_usb.o
                0x08006336                USB_DisableGlobalInt
 .text.USB_SetCurrentMode
                0x08006358       0x98 ./Drivers/STM32F4xx_HAL_Driver/Src/stm32f4xx_ll_usb.o
                0x08006358                USB_SetCurrentMode
 .text.USB_DevInit
                0x080063f0      0x2bc ./Drivers/STM32F4xx_HAL_Driver/Src/stm32f4xx_ll_usb.o
                0x080063f0                USB_DevInit
 .text.USB_FlushTxFifo
                0x080066ac       0x64 ./Drivers/STM32F4xx_HAL_Driver/Src/stm32f4xx_ll_usb.o
                0x080066ac                USB_FlushTxFifo
 .text.USB_FlushRxFifo
                0x08006710       0x5c ./Drivers/STM32F4xx_HAL_Driver/Src/stm32f4xx_ll_usb.o
                0x08006710                USB_FlushRxFifo
 .text.USB_SetDevSpeed
                0x0800676c       0x32 ./Drivers/STM32F4xx_HAL_Driver/Src/stm32f4xx_ll_usb.o
                0x0800676c                USB_SetDevSpeed
 .text.USB_GetDevSpeed
                0x0800679e       0x4a ./Drivers/STM32F4xx_HAL_Driver/Src/stm32f4xx_ll_usb.o
                0x0800679e                USB_GetDevSpeed
 .text.USB_ActivateEndpoint
                0x080067e8      0x10e ./Drivers/STM32F4xx_HAL_Driver/Src/stm32f4xx_ll_usb.o
                0x080067e8                USB_ActivateEndpoint
 *fill*         0x080068f6        0x2 
 .text.USB_DeactivateEndpoint
                0x080068f8      0x1b8 ./Drivers/STM32F4xx_HAL_Driver/Src/stm32f4xx_ll_usb.o
                0x080068f8                USB_DeactivateEndpoint
 .text.USB_EPStartXfer
                0x08006ab0      0x53c ./Drivers/STM32F4xx_HAL_Driver/Src/stm32f4xx_ll_usb.o
                0x08006ab0                USB_EPStartXfer
 .text.USB_EPStopXfer
                0x08006fec      0x154 ./Drivers/STM32F4xx_HAL_Driver/Src/stm32f4xx_ll_usb.o
                0x08006fec                USB_EPStopXfer
 .text.USB_WritePacket
                0x08007140       0x7c ./Drivers/STM32F4xx_HAL_Driver/Src/stm32f4xx_ll_usb.o
                0x08007140                USB_WritePacket
 .text.USB_ReadPacket
                0x080071bc       0xb0 ./Drivers/STM32F4xx_HAL_Driver/Src/stm32f4xx_ll_usb.o
                0x080071bc                USB_ReadPacket
 .text.USB_EPSetStall
                0x0800726c       0xdc ./Drivers/STM32F4xx_HAL_Driver/Src/stm32f4xx_ll_usb.o
                0x0800726c                USB_EPSetStall
 .text.USB_EPClearStall
                0x08007348       0xcc ./Drivers/STM32F4xx_HAL_Driver/Src/stm32f4xx_ll_usb.o
                0x08007348                USB_EPClearStall
 .text.USB_SetDevAddress
                0x08007414       0x4c ./Drivers/STM32F4xx_HAL_Driver/Src/stm32f4xx_ll_usb.o
                0x08007414                USB_SetDevAddress
 .text.USB_DevConnect
                0x08007460       0x42 ./Drivers/STM32F4xx_HAL_Driver/Src/stm32f4xx_ll_usb.o
                0x08007460                USB_DevConnect
 .text.USB_DevDisconnect
                0x080074a2       0x42 ./Drivers/STM32F4xx_HAL_Driver/Src/stm32f4xx_ll_usb.o
                0x080074a2                USB_DevDisconnect
 .text.USB_ReadInterrupts
                0x080074e4       0x26 ./Drivers/STM32F4xx_HAL_Driver/Src/stm32f4xx_ll_usb.o
                0x080074e4                USB_ReadInterrupts
 .text.USB_ReadDevAllOutEpInterrupt
                0x0800750a       0x34 ./Drivers/STM32F4xx_HAL_Driver/Src/stm32f4xx_ll_usb.o
                0x0800750a                USB_ReadDevAllOutEpInterrupt
 .text.USB_ReadDevAllInEpInterrupt
                0x0800753e       0x34 ./Drivers/STM32F4xx_HAL_Driver/Src/stm32f4xx_ll_usb.o
                0x0800753e                USB_ReadDevAllInEpInterrupt
 .text.USB_ReadDevOutEPInterrupt
                0x08007572       0x3c ./Drivers/STM32F4xx_HAL_Driver/Src/stm32f4xx_ll_usb.o
                0x08007572                USB_ReadDevOutEPInterrupt
 .text.USB_ReadDevInEPInterrupt
                0x080075ae       0x5c ./Drivers/STM32F4xx_HAL_Driver/Src/stm32f4xx_ll_usb.o
                0x080075ae                USB_ReadDevInEPInterrupt
 .text.USB_GetMode
                0x0800760a       0x1c ./Drivers/STM32F4xx_HAL_Driver/Src/stm32f4xx_ll_usb.o
                0x0800760a                USB_GetMode
 .text.USB_ActivateSetup
                0x08007626       0x46 ./Drivers/STM32F4xx_HAL_Driver/Src/stm32f4xx_ll_usb.o
                0x08007626                USB_ActivateSetup
 .text.USB_EP0_OutStart
                0x0800766c       0xbc ./Drivers/STM32F4xx_HAL_Driver/Src/stm32f4xx_ll_usb.o
                0x0800766c                USB_EP0_OutStart
 .text.USB_CoreReset
                0x08007728       0x62 ./Drivers/STM32F4xx_HAL_Driver/Src/stm32f4xx_ll_usb.o
 *fill*         0x0800778a        0x2 
 .text.USBD_CDC_Init
                0x0800778c      0x1f0 ./Middlewares/ST/STM32_USB_Device_Library/Class/CDC/Src/usbd_cdc.o
 .text.USBD_CDC_DeInit
                0x0800797c      0x104 ./Middlewares/ST/STM32_USB_Device_Library/Class/CDC/Src/usbd_cdc.o
 .text.USBD_CDC_Setup
                0x08007a80      0x1b8 ./Middlewares/ST/STM32_USB_Device_Library/Class/CDC/Src/usbd_cdc.o
 .text.USBD_CDC_DataIn
                0x08007c38       0xfe ./Middlewares/ST/STM32_USB_Device_Library/Class/CDC/Src/usbd_cdc.o
 .text.USBD_CDC_DataOut
                0x08007d36       0x70 ./Middlewares/ST/STM32_USB_Device_Library/Class/CDC/Src/usbd_cdc.o
 .text.USBD_CDC_EP0_RxReady
                0x08007da6       0x74 ./Middlewares/ST/STM32_USB_Device_Library/Class/CDC/Src/usbd_cdc.o
 *fill*         0x08007e1a        0x2 
 .text.USBD_CDC_GetFSCfgDesc
                0x08007e1c       0x70 ./Middlewares/ST/STM32_USB_Device_Library/Class/CDC/Src/usbd_cdc.o
 .text.USBD_CDC_GetHSCfgDesc
                0x08007e8c       0x70 ./Middlewares/ST/STM32_USB_Device_Library/Class/CDC/Src/usbd_cdc.o
 .text.USBD_CDC_GetOtherSpeedCfgDesc
                0x08007efc       0x70 ./Middlewares/ST/STM32_USB_Device_Library/Class/CDC/Src/usbd_cdc.o
 .text.USBD_CDC_GetDeviceQualifierDescriptor
                0x08007f6c       0x20 ./Middlewares/ST/STM32_USB_Device_Library/Class/CDC/Src/usbd_cdc.o
                0x08007f6c                USBD_CDC_GetDeviceQualifierDescriptor
 .text.USBD_CDC_RegisterInterface
                0x08007f8c       0x34 ./Middlewares/ST/STM32_USB_Device_Library/Class/CDC/Src/usbd_cdc.o
                0x08007f8c                USBD_CDC_RegisterInterface
 .text.USBD_CDC_SetTxBuffer
                0x08007fc0       0x44 ./Middlewares/ST/STM32_USB_Device_Library/Class/CDC/Src/usbd_cdc.o
                0x08007fc0                USBD_CDC_SetTxBuffer
 .text.USBD_CDC_SetRxBuffer
                0x08008004       0x3a ./Middlewares/ST/STM32_USB_Device_Library/Class/CDC/Src/usbd_cdc.o
                0x08008004                USBD_CDC_SetRxBuffer
 *fill*         0x0800803e        0x2 
 .text.USBD_CDC_ReceivePacket
                0x08008040       0x6c ./Middlewares/ST/STM32_USB_Device_Library/Class/CDC/Src/usbd_cdc.o
                0x08008040                USBD_CDC_ReceivePacket
 .text.USBD_Init
                0x080080ac       0x60 ./Middlewares/ST/STM32_USB_Device_Library/Core/Src/usbd_core.o
                0x080080ac                USBD_Init
 .text.USBD_RegisterClass
                0x0800810c       0x6c ./Middlewares/ST/STM32_USB_Device_Library/Core/Src/usbd_core.o
                0x0800810c                USBD_RegisterClass
 .text.USBD_Start
                0x08008178       0x18 ./Middlewares/ST/STM32_USB_Device_Library/Core/Src/usbd_core.o
                0x08008178                USBD_Start
 .text.USBD_RunTestMode
                0x08008190       0x16 ./Middlewares/ST/STM32_USB_Device_Library/Core/Src/usbd_core.o
                0x08008190                USBD_RunTestMode
 .text.USBD_SetClassConfig
                0x080081a6       0x38 ./Middlewares/ST/STM32_USB_Device_Library/Core/Src/usbd_core.o
                0x080081a6                USBD_SetClassConfig
 .text.USBD_ClrClassConfig
                0x080081de       0x34 ./Middlewares/ST/STM32_USB_Device_Library/Core/Src/usbd_core.o
                0x080081de                USBD_ClrClassConfig
 .text.USBD_LL_SetupStage
                0x08008212       0xaa ./Middlewares/ST/STM32_USB_Device_Library/Core/Src/usbd_core.o
                0x08008212                USBD_LL_SetupStage
 .text.USBD_LL_DataOutStage
                0x080082bc      0x166 ./Middlewares/ST/STM32_USB_Device_Library/Core/Src/usbd_core.o
                0x080082bc                USBD_LL_DataOutStage
 .text.USBD_LL_DataInStage
                0x08008422      0x164 ./Middlewares/ST/STM32_USB_Device_Library/Core/Src/usbd_core.o
                0x08008422                USBD_LL_DataInStage
 .text.USBD_LL_Reset
                0x08008586       0xa4 ./Middlewares/ST/STM32_USB_Device_Library/Core/Src/usbd_core.o
                0x08008586                USBD_LL_Reset
 .text.USBD_LL_SetSpeed
                0x0800862a       0x20 ./Middlewares/ST/STM32_USB_Device_Library/Core/Src/usbd_core.o
                0x0800862a                USBD_LL_SetSpeed
 .text.USBD_LL_Suspend
                0x0800864a       0x38 ./Middlewares/ST/STM32_USB_Device_Library/Core/Src/usbd_core.o
                0x0800864a                USBD_LL_Suspend
 .text.USBD_LL_Resume
                0x08008682       0x30 ./Middlewares/ST/STM32_USB_Device_Library/Core/Src/usbd_core.o
                0x08008682                USBD_LL_Resume
 .text.USBD_LL_SOF
                0x080086b2       0x40 ./Middlewares/ST/STM32_USB_Device_Library/Core/Src/usbd_core.o
                0x080086b2                USBD_LL_SOF
 .text.USBD_LL_IsoINIncomplete
                0x080086f2       0x64 ./Middlewares/ST/STM32_USB_Device_Library/Core/Src/usbd_core.o
                0x080086f2                USBD_LL_IsoINIncomplete
 .text.USBD_LL_IsoOUTIncomplete
                0x08008756       0x64 ./Middlewares/ST/STM32_USB_Device_Library/Core/Src/usbd_core.o
                0x08008756                USBD_LL_IsoOUTIncomplete
 .text.USBD_LL_DevConnected
                0x080087ba       0x16 ./Middlewares/ST/STM32_USB_Device_Library/Core/Src/usbd_core.o
                0x080087ba                USBD_LL_DevConnected
 .text.USBD_LL_DevDisconnected
                0x080087d0       0x46 ./Middlewares/ST/STM32_USB_Device_Library/Core/Src/usbd_core.o
                0x080087d0                USBD_LL_DevDisconnected
 .text.USBD_CoreFindIF
                0x08008816       0x1a ./Middlewares/ST/STM32_USB_Device_Library/Core/Src/usbd_core.o
                0x08008816                USBD_CoreFindIF
 .text.USBD_CoreFindEP
                0x08008830       0x1a ./Middlewares/ST/STM32_USB_Device_Library/Core/Src/usbd_core.o
                0x08008830                USBD_CoreFindEP
 .text.USBD_GetEpDesc
                0x0800884a       0x70 ./Middlewares/ST/STM32_USB_Device_Library/Core/Src/usbd_core.o
                0x0800884a                USBD_GetEpDesc
 .text.USBD_GetNextDesc
                0x080088ba       0x38 ./Middlewares/ST/STM32_USB_Device_Library/Core/Src/usbd_core.o
                0x080088ba                USBD_GetNextDesc
 .text.SWAPBYTE
                0x080088f2       0x3e ./Middlewares/ST/STM32_USB_Device_Library/Core/Src/usbd_ctlreq.o
 .text.USBD_StdDevReq
                0x08008930       0xe4 ./Middlewares/ST/STM32_USB_Device_Library/Core/Src/usbd_ctlreq.o
                0x08008930                USBD_StdDevReq
 .text.USBD_StdItfReq
                0x08008a14       0xd8 ./Middlewares/ST/STM32_USB_Device_Library/Core/Src/usbd_ctlreq.o
                0x08008a14                USBD_StdItfReq
 .text.USBD_StdEPReq
                0x08008aec      0x33a ./Middlewares/ST/STM32_USB_Device_Library/Core/Src/usbd_ctlreq.o
                0x08008aec                USBD_StdEPReq
 *fill*         0x08008e26        0x2 
 .text.USBD_GetDescriptor
                0x08008e28      0x328 ./Middlewares/ST/STM32_USB_Device_Library/Core/Src/usbd_ctlreq.o
 .text.USBD_SetAddress
                0x08009150       0x88 ./Middlewares/ST/STM32_USB_Device_Library/Core/Src/usbd_ctlreq.o
 .text.USBD_SetConfig
                0x080091d8      0x154 ./Middlewares/ST/STM32_USB_Device_Library/Core/Src/usbd_ctlreq.o
 .text.USBD_GetConfig
                0x0800932c       0x6c ./Middlewares/ST/STM32_USB_Device_Library/Core/Src/usbd_ctlreq.o
 .text.USBD_GetStatus
                0x08009398       0x68 ./Middlewares/ST/STM32_USB_Device_Library/Core/Src/usbd_ctlreq.o
 .text.USBD_SetFeature
                0x08009400       0x52 ./Middlewares/ST/STM32_USB_Device_Library/Core/Src/usbd_ctlreq.o
 .text.USBD_ClrFeature
                0x08009452       0x44 ./Middlewares/ST/STM32_USB_Device_Library/Core/Src/usbd_ctlreq.o
 .text.USBD_ParseSetupRequest
                0x08009496       0x74 ./Middlewares/ST/STM32_USB_Device_Library/Core/Src/usbd_ctlreq.o
                0x08009496                USBD_ParseSetupRequest
 .text.USBD_CtlError
                0x0800950a       0x22 ./Middlewares/ST/STM32_USB_Device_Library/Core/Src/usbd_ctlreq.o
                0x0800950a                USBD_CtlError
 .text.USBD_GetString
                0x0800952c       0xa4 ./Middlewares/ST/STM32_USB_Device_Library/Core/Src/usbd_ctlreq.o
                0x0800952c                USBD_GetString
 .text.USBD_GetLen
                0x080095d0       0x34 ./Middlewares/ST/STM32_USB_Device_Library/Core/Src/usbd_ctlreq.o
 .text.USBD_CtlSendData
                0x08009604       0x36 ./Middlewares/ST/STM32_USB_Device_Library/Core/Src/usbd_ioreq.o
                0x08009604                USBD_CtlSendData
 .text.USBD_CtlContinueSendData
                0x0800963a       0x22 ./Middlewares/ST/STM32_USB_Device_Library/Core/Src/usbd_ioreq.o
                0x0800963a                USBD_CtlContinueSendData
 .text.USBD_CtlPrepareRx
                0x0800965c       0x3a ./Middlewares/ST/STM32_USB_Device_Library/Core/Src/usbd_ioreq.o
                0x0800965c                USBD_CtlPrepareRx
 .text.USBD_CtlContinueRx
                0x08009696       0x22 ./Middlewares/ST/STM32_USB_Device_Library/Core/Src/usbd_ioreq.o
                0x08009696                USBD_CtlContinueRx
 .text.USBD_CtlSendStatus
                0x080096b8       0x26 ./Middlewares/ST/STM32_USB_Device_Library/Core/Src/usbd_ioreq.o
                0x080096b8                USBD_CtlSendStatus
 .text.USBD_CtlReceiveStatus
                0x080096de       0x26 ./Middlewares/ST/STM32_USB_Device_Library/Core/Src/usbd_ioreq.o
                0x080096de                USBD_CtlReceiveStatus
 .text.MX_USB_DEVICE_Init
                0x08009704       0x60 ./USB_DEVICE/App/usb_device.o
                0x08009704                MX_USB_DEVICE_Init
 .text.CDC_Init_FS
                0x08009764       0x28 ./USB_DEVICE/App/usbd_cdc_if.o
 .text.CDC_DeInit_FS
                0x0800978c       0x10 ./USB_DEVICE/App/usbd_cdc_if.o
 .text.CDC_Control_FS
                0x0800979c       0xbc ./USB_DEVICE/App/usbd_cdc_if.o
 .text.CDC_Receive_FS
                0x08009858       0x28 ./USB_DEVICE/App/usbd_cdc_if.o
 .text.CDC_TransmitCplt_FS
                0x08009880       0x22 ./USB_DEVICE/App/usbd_cdc_if.o
 *fill*         0x080098a2        0x2 
 .text.USBD_FS_DeviceDescriptor
                0x080098a4       0x24 ./USB_DEVICE/App/usbd_desc.o
                0x080098a4                USBD_FS_DeviceDescriptor
 .text.USBD_FS_LangIDStrDescriptor
                0x080098c8       0x24 ./USB_DEVICE/App/usbd_desc.o
                0x080098c8                USBD_FS_LangIDStrDescriptor
 .text.USBD_FS_ProductStrDescriptor
                0x080098ec       0x3c ./USB_DEVICE/App/usbd_desc.o
                0x080098ec                USBD_FS_ProductStrDescriptor
 .text.USBD_FS_ManufacturerStrDescriptor
                0x08009928       0x28 ./USB_DEVICE/App/usbd_desc.o
                0x08009928                USBD_FS_ManufacturerStrDescriptor
 .text.USBD_FS_SerialStrDescriptor
                0x08009950       0x24 ./USB_DEVICE/App/usbd_desc.o
                0x08009950                USBD_FS_SerialStrDescriptor
 .text.USBD_FS_ConfigStrDescriptor
                0x08009974       0x3c ./USB_DEVICE/App/usbd_desc.o
                0x08009974                USBD_FS_ConfigStrDescriptor
 .text.USBD_FS_InterfaceStrDescriptor
                0x080099b0       0x3c ./USB_DEVICE/App/usbd_desc.o
                0x080099b0                USBD_FS_InterfaceStrDescriptor
 .text.USBD_FS_USR_BOSDescriptor
                0x080099ec       0x24 ./USB_DEVICE/App/usbd_desc.o
                0x080099ec                USBD_FS_USR_BOSDescriptor
 .text.Get_SerialNum
                0x08009a10       0x58 ./USB_DEVICE/App/usbd_desc.o
 .text.IntToUnicode
                0x08009a68       0x7e ./USB_DEVICE/App/usbd_desc.o
 *fill*         0x08009ae6        0x2 
 .text.HAL_PCD_MspInit
                0x08009ae8       0xd4 ./USB_DEVICE/Target/usbd_conf.o
                0x08009ae8                HAL_PCD_MspInit
 .text.HAL_PCD_SetupStageCallback
                0x08009bbc       0x24 ./USB_DEVICE/Target/usbd_conf.o
                0x08009bbc                HAL_PCD_SetupStageCallback
 .text.HAL_PCD_DataOutStageCallback
                0x08009be0       0x36 ./USB_DEVICE/Target/usbd_conf.o
                0x08009be0                HAL_PCD_DataOutStageCallback
 .text.HAL_PCD_DataInStageCallback
                0x08009c16       0x34 ./USB_DEVICE/Target/usbd_conf.o
                0x08009c16                HAL_PCD_DataInStageCallback
 .text.HAL_PCD_SOFCallback
                0x08009c4a       0x1c ./USB_DEVICE/Target/usbd_conf.o
                0x08009c4a                HAL_PCD_SOFCallback
 .text.HAL_PCD_ResetCallback
                0x08009c66       0x3c ./USB_DEVICE/Target/usbd_conf.o
                0x08009c66                HAL_PCD_ResetCallback
 *fill*         0x08009ca2        0x2 
 .text.HAL_PCD_SuspendCallback
                0x08009ca4       0x4c ./USB_DEVICE/Target/usbd_conf.o
                0x08009ca4                HAL_PCD_SuspendCallback
 .text.HAL_PCD_ResumeCallback
                0x08009cf0       0x1c ./USB_DEVICE/Target/usbd_conf.o
                0x08009cf0                HAL_PCD_ResumeCallback
 .text.HAL_PCD_ISOOUTIncompleteCallback
                0x08009d0c       0x24 ./USB_DEVICE/Target/usbd_conf.o
                0x08009d0c                HAL_PCD_ISOOUTIncompleteCallback
 .text.HAL_PCD_ISOINIncompleteCallback
                0x08009d30       0x24 ./USB_DEVICE/Target/usbd_conf.o
                0x08009d30                HAL_PCD_ISOINIncompleteCallback
 .text.HAL_PCD_ConnectCallback
                0x08009d54       0x1c ./USB_DEVICE/Target/usbd_conf.o
                0x08009d54                HAL_PCD_ConnectCallback
 .text.HAL_PCD_DisconnectCallback
                0x08009d70       0x1c ./USB_DEVICE/Target/usbd_conf.o
                0x08009d70                HAL_PCD_DisconnectCallback
 .text.USBD_LL_Init
                0x08009d8c       0xa0 ./USB_DEVICE/Target/usbd_conf.o
                0x08009d8c                USBD_LL_Init
 .text.USBD_LL_Start
                0x08009e2c       0x36 ./USB_DEVICE/Target/usbd_conf.o
                0x08009e2c                USBD_LL_Start
 .text.USBD_LL_OpenEP
                0x08009e62       0x4c ./USB_DEVICE/Target/usbd_conf.o
                0x08009e62                USBD_LL_OpenEP
 .text.USBD_LL_CloseEP
                0x08009eae       0x3e ./USB_DEVICE/Target/usbd_conf.o
                0x08009eae                USBD_LL_CloseEP
 .text.USBD_LL_StallEP
                0x08009eec       0x3e ./USB_DEVICE/Target/usbd_conf.o
                0x08009eec                USBD_LL_StallEP
 .text.USBD_LL_ClearStallEP
                0x08009f2a       0x3e ./USB_DEVICE/Target/usbd_conf.o
                0x08009f2a                USBD_LL_ClearStallEP
 .text.USBD_LL_IsStallEP
                0x08009f68       0x58 ./USB_DEVICE/Target/usbd_conf.o
                0x08009f68                USBD_LL_IsStallEP
 .text.USBD_LL_SetUSBAddress
                0x08009fc0       0x3e ./USB_DEVICE/Target/usbd_conf.o
                0x08009fc0                USBD_LL_SetUSBAddress
 .text.USBD_LL_Transmit
                0x08009ffe       0x42 ./USB_DEVICE/Target/usbd_conf.o
                0x08009ffe                USBD_LL_Transmit
 .text.USBD_LL_PrepareReceive
                0x0800a040       0x42 ./USB_DEVICE/Target/usbd_conf.o
                0x0800a040                USBD_LL_PrepareReceive
 .text.USBD_LL_GetRxDataSize
                0x0800a082       0x26 ./USB_DEVICE/Target/usbd_conf.o
                0x0800a082                USBD_LL_GetRxDataSize
 .text.HAL_PCDEx_LPM_Callback
                0x0800a0a8       0x9c ./USB_DEVICE/Target/usbd_conf.o
                0x0800a0a8                HAL_PCDEx_LPM_Callback
 .text.USBD_static_malloc
                0x0800a144       0x1c ./USB_DEVICE/Target/usbd_conf.o
                0x0800a144                USBD_static_malloc
 .text.USBD_static_free
                0x0800a160       0x14 ./USB_DEVICE/Target/usbd_conf.o
                0x0800a160                USBD_static_free
 .text.USBD_Get_USB_Status
                0x0800a174       0x58 ./USB_DEVICE/Target/usbd_conf.o
                0x0800a174                USBD_Get_USB_Status
 .text.memset   0x0800a1cc       0x10 C:/ST/STM32CubeIDE_1.15.0/STM32CubeIDE/plugins/com.st.stm32cube.ide.mcu.externaltools.gnu-tools-for-stm32.13.3.rel1.win32_1.0.0.202411081344/tools/bin/../lib/gcc/arm-none-eabi/13.3.1/../../../../arm-none-eabi/lib/thumb/v7e-m+fp/hard\libc_nano.a(libc_a-memset.o)
                0x0800a1cc                memset
 .text.__libc_init_array
                0x0800a1dc       0x48 C:/ST/STM32CubeIDE_1.15.0/STM32CubeIDE/plugins/com.st.stm32cube.ide.mcu.externaltools.gnu-tools-for-stm32.13.3.rel1.win32_1.0.0.202411081344/tools/bin/../lib/gcc/arm-none-eabi/13.3.1/../../../../arm-none-eabi/lib/thumb/v7e-m+fp/hard\libc_nano.a(libc_a-init.o)
                0x0800a1dc                __libc_init_array
 *(.glue_7)
 .glue_7        0x0800a224        0x0 linker stubs
 *(.glue_7t)
 .glue_7t       0x0800a224        0x0 linker stubs
 *(.eh_frame)
 .eh_frame      0x0800a224        0x0 C:/ST/STM32CubeIDE_1.15.0/STM32CubeIDE/plugins/com.st.stm32cube.ide.mcu.externaltools.gnu-tools-for-stm32.13.3.rel1.win32_1.0.0.202411081344/tools/bin/../lib/gcc/arm-none-eabi/13.3.1/thumb/v7e-m+fp/hard/crtbegin.o
 *(.init)
 .init          0x0800a224        0x4 C:/ST/STM32CubeIDE_1.15.0/STM32CubeIDE/plugins/com.st.stm32cube.ide.mcu.externaltools.gnu-tools-for-stm32.13.3.rel1.win32_1.0.0.202411081344/tools/bin/../lib/gcc/arm-none-eabi/13.3.1/thumb/v7e-m+fp/hard/crti.o
                0x0800a224                _init
 .init          0x0800a228        0x8 C:/ST/STM32CubeIDE_1.15.0/STM32CubeIDE/plugins/com.st.stm32cube.ide.mcu.externaltools.gnu-tools-for-stm32.13.3.rel1.win32_1.0.0.202411081344/tools/bin/../lib/gcc/arm-none-eabi/13.3.1/thumb/v7e-m+fp/hard/crtn.o
 *(.fini)
 .fini          0x0800a230        0x4 C:/ST/STM32CubeIDE_1.15.0/STM32CubeIDE/plugins/com.st.stm32cube.ide.mcu.externaltools.gnu-tools-for-stm32.13.3.rel1.win32_1.0.0.202411081344/tools/bin/../lib/gcc/arm-none-eabi/13.3.1/thumb/v7e-m+fp/hard/crti.o
                0x0800a230                _fini
 .fini          0x0800a234        0x8 C:/ST/STM32CubeIDE_1.15.0/STM32CubeIDE/plugins/com.st.stm32cube.ide.mcu.externaltools.gnu-tools-for-stm32.13.3.rel1.win32_1.0.0.202411081344/tools/bin/../lib/gcc/arm-none-eabi/13.3.1/thumb/v7e-m+fp/hard/crtn.o
                0x0800a23c                        . = ALIGN (0x4)
                0x0800a23c                        _etext = .

.vfp11_veneer   0x0800a23c        0x0
 .vfp11_veneer  0x0800a23c        0x0 linker stubs

.v4_bx          0x0800a23c        0x0
 .v4_bx         0x0800a23c        0x0 linker stubs

.iplt           0x0800a23c        0x0
 .iplt          0x0800a23c        0x0 C:/ST/STM32CubeIDE_1.15.0/STM32CubeIDE/plugins/com.st.stm32cube.ide.mcu.externaltools.gnu-tools-for-stm32.13.3.rel1.win32_1.0.0.202411081344/tools/bin/../lib/gcc/arm-none-eabi/13.3.1/thumb/v7e-m+fp/hard/crtbegin.o

.rodata         0x0800a23c       0x60
                0x0800a23c                        . = ALIGN (0x4)
 *(.rodata)
 .rodata        0x0800a23c       0x46 ./USB_DEVICE/App/usbd_desc.o
 *(.rodata*)
 *fill*         0x0800a282        0x2 
 .rodata.AHBPrescTable
                0x0800a284       0x10 ./Core/Src/system_stm32f4xx.o
                0x0800a284                AHBPrescTable
 .rodata.APBPrescTable
                0x0800a294        0x8 ./Core/Src/system_stm32f4xx.o
                0x0800a294                APBPrescTable
                0x0800a29c                        . = ALIGN (0x4)

.ARM.extab      0x0800a29c        0x0
                0x0800a29c                        . = ALIGN (0x4)
 *(.ARM.extab* .gnu.linkonce.armextab.*)
                0x0800a29c                        . = ALIGN (0x4)

.ARM            0x0800a29c        0x8
                0x0800a29c                        . = ALIGN (0x4)
                0x0800a29c                        __exidx_start = .
 *(.ARM.exidx*)
 .ARM.exidx     0x0800a29c        0x8 C:/ST/STM32CubeIDE_1.15.0/STM32CubeIDE/plugins/com.st.stm32cube.ide.mcu.externaltools.gnu-tools-for-stm32.13.3.rel1.win32_1.0.0.202411081344/tools/bin/../lib/gcc/arm-none-eabi/13.3.1/thumb/v7e-m+fp/hard\libgcc.a(_udivmoddi4.o)
                0x0800a2a4                        __exidx_end = .
                0x0800a2a4                        . = ALIGN (0x4)

.preinit_array  0x0800a2a4        0x0
                0x0800a2a4                        . = ALIGN (0x4)
                0x0800a2a4                        PROVIDE (__preinit_array_start = .)
 *(.preinit_array*)
                0x0800a2a4                        PROVIDE (__preinit_array_end = .)
                0x0800a2a4                        . = ALIGN (0x4)

.init_array     0x0800a2a4        0x4
                0x0800a2a4                        . = ALIGN (0x4)
                0x0800a2a4                        PROVIDE (__init_array_start = .)
 *(SORT_BY_NAME(.init_array.*))
 *(.init_array*)
 .init_array    0x0800a2a4        0x4 C:/ST/STM32CubeIDE_1.15.0/STM32CubeIDE/plugins/com.st.stm32cube.ide.mcu.externaltools.gnu-tools-for-stm32.13.3.rel1.win32_1.0.0.202411081344/tools/bin/../lib/gcc/arm-none-eabi/13.3.1/thumb/v7e-m+fp/hard/crtbegin.o
                0x0800a2a8                        PROVIDE (__init_array_end = .)
                0x0800a2a8                        . = ALIGN (0x4)

.fini_array     0x0800a2a8        0x4
                0x0800a2a8                        . = ALIGN (0x4)
                [!provide]                        PROVIDE (__fini_array_start = .)
 *(SORT_BY_NAME(.fini_array.*))
 *(.fini_array*)
 .fini_array    0x0800a2a8        0x4 C:/ST/STM32CubeIDE_1.15.0/STM32CubeIDE/plugins/com.st.stm32cube.ide.mcu.externaltools.gnu-tools-for-stm32.13.3.rel1.win32_1.0.0.202411081344/tools/bin/../lib/gcc/arm-none-eabi/13.3.1/thumb/v7e-m+fp/hard/crtbegin.o
                [!provide]                        PROVIDE (__fini_array_end = .)
                0x0800a2ac                        . = ALIGN (0x4)
                0x0800a2ac                        _sidata = LOADADDR (.data)

.rel.dyn        0x0800a2ac        0x0
 .rel.iplt      0x0800a2ac        0x0 C:/ST/STM32CubeIDE_1.15.0/STM32CubeIDE/plugins/com.st.stm32cube.ide.mcu.externaltools.gnu-tools-for-stm32.13.3.rel1.win32_1.0.0.202411081344/tools/bin/../lib/gcc/arm-none-eabi/13.3.1/thumb/v7e-m+fp/hard/crtbegin.o

.data           0x20000000      0x10c load address 0x0800a2ac
                0x20000000                        . = ALIGN (0x4)
                0x20000000                        _sdata = .
 *(.data)
 *(.data*)
 .data.SystemCoreClock
                0x20000000        0x4 ./Core/Src/system_stm32f4xx.o
                0x20000000                SystemCoreClock
 .data.uwTickPrio
                0x20000004        0x4 ./Drivers/STM32F4xx_HAL_Driver/Src/stm32f4xx_hal.o
                0x20000004                uwTickPrio
 .data.uwTickFreq
                0x20000008        0x1 ./Drivers/STM32F4xx_HAL_Driver/Src/stm32f4xx_hal.o
                0x20000008                uwTickFreq
 *fill*         0x20000009        0x3 
 .data.USBD_CDC_DeviceQualifierDesc
                0x2000000c        0xa ./Middlewares/ST/STM32_USB_Device_Library/Class/CDC/Src/usbd_cdc.o
 *fill*         0x20000016        0x2 
 .data.USBD_CDC
                0x20000018       0x38 ./Middlewares/ST/STM32_USB_Device_Library/Class/CDC/Src/usbd_cdc.o
                0x20000018                USBD_CDC
 .data.USBD_CDC_CfgDesc
                0x20000050       0x43 ./Middlewares/ST/STM32_USB_Device_Library/Class/CDC/Src/usbd_cdc.o
 .data.CDCInEpAdd
                0x20000093        0x1 ./Middlewares/ST/STM32_USB_Device_Library/Class/CDC/Src/usbd_cdc.o
 .data.CDCOutEpAdd
                0x20000094        0x1 ./Middlewares/ST/STM32_USB_Device_Library/Class/CDC/Src/usbd_cdc.o
 .data.CDCCmdEpAdd
                0x20000095        0x1 ./Middlewares/ST/STM32_USB_Device_Library/Class/CDC/Src/usbd_cdc.o
 *fill*         0x20000096        0x2 
 .data.USBD_Interface_fops_FS
                0x20000098       0x14 ./USB_DEVICE/App/usbd_cdc_if.o
                0x20000098                USBD_Interface_fops_FS
 .data.FS_Desc  0x200000ac       0x20 ./USB_DEVICE/App/usbd_desc.o
                0x200000ac                FS_Desc
 .data.USBD_FS_DeviceDesc
                0x200000cc       0x12 ./USB_DEVICE/App/usbd_desc.o
                0x200000cc                USBD_FS_DeviceDesc
 *fill*         0x200000de        0x2 
 .data.USBD_FS_BOSDesc
                0x200000e0        0xc ./USB_DEVICE/App/usbd_desc.o
                0x200000e0                USBD_FS_BOSDesc
 .data.USBD_LangIDDesc
                0x200000ec        0x4 ./USB_DEVICE/App/usbd_desc.o
                0x200000ec                USBD_LangIDDesc
 .data.USBD_StringSerial
                0x200000f0       0x1a ./USB_DEVICE/App/usbd_desc.o
                0x200000f0                USBD_StringSerial
 *(.RamFunc)
 *(.RamFunc*)
                0x2000010c                        . = ALIGN (0x4)
 *fill*         0x2000010a        0x2 
                0x2000010c                        _edata = .

.igot.plt       0x2000010c        0x0 load address 0x0800a3b8
 .igot.plt      0x2000010c        0x0 C:/ST/STM32CubeIDE_1.15.0/STM32CubeIDE/plugins/com.st.stm32cube.ide.mcu.externaltools.gnu-tools-for-stm32.13.3.rel1.win32_1.0.0.202411081344/tools/bin/../lib/gcc/arm-none-eabi/13.3.1/thumb/v7e-m+fp/hard/crtbegin.o
                0x2000010c                        . = ALIGN (0x4)

.bss            0x2000010c     0x1fb0 load address 0x0800a3b8
                0x2000010c                        _sbss = .
                0x2000010c                        __bss_start__ = _sbss
 *(.bss)
 .bss           0x2000010c       0x1c C:/ST/STM32CubeIDE_1.15.0/STM32CubeIDE/plugins/com.st.stm32cube.ide.mcu.externaltools.gnu-tools-for-stm32.13.3.rel1.win32_1.0.0.202411081344/tools/bin/../lib/gcc/arm-none-eabi/13.3.1/thumb/v7e-m+fp/hard/crtbegin.o
 *(.bss*)
 .bss.hadc1     0x20000128       0x48 ./Core/Src/main.o
                0x20000128                hadc1
 .bss.htim1     0x20000170       0x48 ./Core/Src/main.o
                0x20000170                htim1
 .bss.huart1    0x200001b8       0x48 ./Core/Src/main.o
                0x200001b8                huart1
 .bss.huart2    0x20000200       0x48 ./Core/Src/main.o
                0x20000200                huart2
 .bss.huart6    0x20000248       0x48 ./Core/Src/main.o
                0x20000248                huart6
 .bss.run_timer
                0x20000290       0x10 ./Core/Src/main.o
                0x20000290                run_timer
 .bss.l76lm33   0x200002a0      0x234 ./Core/Src/main.o
                0x200002a0                l76lm33
 .bss.uwTick    0x200004d4        0x4 ./Drivers/STM32F4xx_HAL_Driver/Src/stm32f4xx_hal.o
                0x200004d4                uwTick
 .bss.cfgidx.0  0x200004d8        0x1 ./Middlewares/ST/STM32_USB_Device_Library/Core/Src/usbd_ctlreq.o
 *fill*         0x200004d9        0x3 
 .bss.hUsbDeviceFS
                0x200004dc      0x2dc ./USB_DEVICE/App/usb_device.o
                0x200004dc                hUsbDeviceFS
 .bss.UserRxBufferFS
                0x200007b8      0x800 ./USB_DEVICE/App/usbd_cdc_if.o
                0x200007b8                UserRxBufferFS
 .bss.UserTxBufferFS
                0x20000fb8      0x800 ./USB_DEVICE/App/usbd_cdc_if.o
                0x20000fb8                UserTxBufferFS
 .bss.USBD_StrDesc
                0x200017b8      0x200 ./USB_DEVICE/App/usbd_desc.o
                0x200017b8                USBD_StrDesc
 .bss.hpcd_USB_OTG_FS
                0x200019b8      0x4e4 ./USB_DEVICE/Target/usbd_conf.o
                0x200019b8                hpcd_USB_OTG_FS
 .bss.mem.0     0x20001e9c      0x220 ./USB_DEVICE/Target/usbd_conf.o
 *(COMMON)
                0x200020bc                        . = ALIGN (0x4)
                0x200020bc                        _ebss = .
                0x200020bc                        __bss_end__ = _ebss

._user_heap_stack
                0x200020bc      0x604 load address 0x0800a3b8
                0x200020c0                        . = ALIGN (0x8)
 *fill*         0x200020bc        0x4 
                [!provide]                        PROVIDE (end = .)
                0x200020c0                        PROVIDE (_end = .)
                0x200022c0                        . = (. + _Min_Heap_Size)
 *fill*         0x200020c0      0x200 
                0x200026c0                        . = (. + _Min_Stack_Size)
 *fill*         0x200022c0      0x400 
                0x200026c0                        . = ALIGN (0x8)

/DISCARD/
 libc.a(*)
 libm.a(*)
 libgcc.a(*)

.ARM.attributes
                0x00000000       0x30
 *(.ARM.attributes)
 .ARM.attributes
                0x00000000       0x22 C:/ST/STM32CubeIDE_1.15.0/STM32CubeIDE/plugins/com.st.stm32cube.ide.mcu.externaltools.gnu-tools-for-stm32.13.3.rel1.win32_1.0.0.202411081344/tools/bin/../lib/gcc/arm-none-eabi/13.3.1/thumb/v7e-m+fp/hard/crti.o
 .ARM.attributes
                0x00000022       0x34 C:/ST/STM32CubeIDE_1.15.0/STM32CubeIDE/plugins/com.st.stm32cube.ide.mcu.externaltools.gnu-tools-for-stm32.13.3.rel1.win32_1.0.0.202411081344/tools/bin/../lib/gcc/arm-none-eabi/13.3.1/thumb/v7e-m+fp/hard/crtbegin.o
 .ARM.attributes
                0x00000056       0x34 ./Core/Src/GAUL_Drivers/Components/L76LM33.o
 .ARM.attributes
                0x0000008a       0x34 ./Core/Src/GAUL_Drivers/Low_Level/GPIO_driver.o
 .ARM.attributes
                0x000000be       0x34 ./Core/Src/GAUL_Drivers/Low_Level/RingBuffer.o
 .ARM.attributes
                0x000000f2       0x34 ./Core/Src/GAUL_Drivers/util.o
 .ARM.attributes
                0x00000126       0x34 ./Core/Src/main.o
 .ARM.attributes
                0x0000015a       0x34 ./Core/Src/stm32f4xx_hal_msp.o
 .ARM.attributes
                0x0000018e       0x34 ./Core/Src/stm32f4xx_it.o
 .ARM.attributes
                0x000001c2       0x34 ./Core/Src/system_stm32f4xx.o
 .ARM.attributes
                0x000001f6       0x21 ./Core/Startup/startup_stm32f412zgtx.o
 .ARM.attributes
                0x00000217       0x34 ./Drivers/STM32F4xx_HAL_Driver/Src/stm32f4xx_hal.o
 .ARM.attributes
                0x0000024b       0x34 ./Drivers/STM32F4xx_HAL_Driver/Src/stm32f4xx_hal_adc.o
 .ARM.attributes
                0x0000027f       0x34 ./Drivers/STM32F4xx_HAL_Driver/Src/stm32f4xx_hal_cortex.o
 .ARM.attributes
                0x000002b3       0x34 ./Drivers/STM32F4xx_HAL_Driver/Src/stm32f4xx_hal_dma.o
 .ARM.attributes
                0x000002e7       0x34 ./Drivers/STM32F4xx_HAL_Driver/Src/stm32f4xx_hal_gpio.o
 .ARM.attributes
                0x0000031b       0x34 ./Drivers/STM32F4xx_HAL_Driver/Src/stm32f4xx_hal_pcd.o
 .ARM.attributes
                0x0000034f       0x34 ./Drivers/STM32F4xx_HAL_Driver/Src/stm32f4xx_hal_pcd_ex.o
 .ARM.attributes
                0x00000383       0x34 ./Drivers/STM32F4xx_HAL_Driver/Src/stm32f4xx_hal_rcc.o
 .ARM.attributes
                0x000003b7       0x34 ./Drivers/STM32F4xx_HAL_Driver/Src/stm32f4xx_hal_rcc_ex.o
 .ARM.attributes
                0x000003eb       0x34 ./Drivers/STM32F4xx_HAL_Driver/Src/stm32f4xx_hal_tim.o
 .ARM.attributes
                0x0000041f       0x34 ./Drivers/STM32F4xx_HAL_Driver/Src/stm32f4xx_hal_tim_ex.o
 .ARM.attributes
                0x00000453       0x34 ./Drivers/STM32F4xx_HAL_Driver/Src/stm32f4xx_hal_uart.o
 .ARM.attributes
                0x00000487       0x34 ./Drivers/STM32F4xx_HAL_Driver/Src/stm32f4xx_ll_gpio.o
 .ARM.attributes
                0x000004bb       0x34 ./Drivers/STM32F4xx_HAL_Driver/Src/stm32f4xx_ll_spi.o
 .ARM.attributes
                0x000004ef       0x34 ./Drivers/STM32F4xx_HAL_Driver/Src/stm32f4xx_ll_usb.o
 .ARM.attributes
                0x00000523       0x34 ./Middlewares/ST/STM32_USB_Device_Library/Class/CDC/Src/usbd_cdc.o
 .ARM.attributes
                0x00000557       0x34 ./Middlewares/ST/STM32_USB_Device_Library/Core/Src/usbd_core.o
 .ARM.attributes
                0x0000058b       0x34 ./Middlewares/ST/STM32_USB_Device_Library/Core/Src/usbd_ctlreq.o
 .ARM.attributes
                0x000005bf       0x34 ./Middlewares/ST/STM32_USB_Device_Library/Core/Src/usbd_ioreq.o
 .ARM.attributes
                0x000005f3       0x34 ./USB_DEVICE/App/usb_device.o
 .ARM.attributes
                0x00000627       0x34 ./USB_DEVICE/App/usbd_cdc_if.o
 .ARM.attributes
                0x0000065b       0x34 ./USB_DEVICE/App/usbd_desc.o
 .ARM.attributes
                0x0000068f       0x34 ./USB_DEVICE/Target/usbd_conf.o
 .ARM.attributes
                0x000006c3       0x34 C:/ST/STM32CubeIDE_1.15.0/STM32CubeIDE/plugins/com.st.stm32cube.ide.mcu.externaltools.gnu-tools-for-stm32.13.3.rel1.win32_1.0.0.202411081344/tools/bin/../lib/gcc/arm-none-eabi/13.3.1/../../../../arm-none-eabi/lib/thumb/v7e-m+fp/hard\libc_nano.a(libc_a-memset.o)
 .ARM.attributes
                0x000006f7       0x34 C:/ST/STM32CubeIDE_1.15.0/STM32CubeIDE/plugins/com.st.stm32cube.ide.mcu.externaltools.gnu-tools-for-stm32.13.3.rel1.win32_1.0.0.202411081344/tools/bin/../lib/gcc/arm-none-eabi/13.3.1/../../../../arm-none-eabi/lib/thumb/v7e-m+fp/hard\libc_nano.a(libc_a-init.o)
 .ARM.attributes
                0x0000072b       0x22 C:/ST/STM32CubeIDE_1.15.0/STM32CubeIDE/plugins/com.st.stm32cube.ide.mcu.externaltools.gnu-tools-for-stm32.13.3.rel1.win32_1.0.0.202411081344/tools/bin/../lib/gcc/arm-none-eabi/13.3.1/thumb/v7e-m+fp/hard\libgcc.a(_aeabi_uldivmod.o)
 .ARM.attributes
                0x0000074d       0x34 C:/ST/STM32CubeIDE_1.15.0/STM32CubeIDE/plugins/com.st.stm32cube.ide.mcu.externaltools.gnu-tools-for-stm32.13.3.rel1.win32_1.0.0.202411081344/tools/bin/../lib/gcc/arm-none-eabi/13.3.1/thumb/v7e-m+fp/hard\libgcc.a(_udivmoddi4.o)
 .ARM.attributes
                0x00000781       0x22 C:/ST/STM32CubeIDE_1.15.0/STM32CubeIDE/plugins/com.st.stm32cube.ide.mcu.externaltools.gnu-tools-for-stm32.13.3.rel1.win32_1.0.0.202411081344/tools/bin/../lib/gcc/arm-none-eabi/13.3.1/thumb/v7e-m+fp/hard\libgcc.a(_dvmd_tls.o)
 .ARM.attributes
                0x000007a3       0x22 C:/ST/STM32CubeIDE_1.15.0/STM32CubeIDE/plugins/com.st.stm32cube.ide.mcu.externaltools.gnu-tools-for-stm32.13.3.rel1.win32_1.0.0.202411081344/tools/bin/../lib/gcc/arm-none-eabi/13.3.1/thumb/v7e-m+fp/hard/crtn.o
OUTPUT(ODB2.elf elf32-littlearm)
LOAD linker stubs
LOAD C:/ST/STM32CubeIDE_1.15.0/STM32CubeIDE/plugins/com.st.stm32cube.ide.mcu.externaltools.gnu-tools-for-stm32.13.3.rel1.win32_1.0.0.202411081344/tools/bin/../lib/gcc/arm-none-eabi/13.3.1/../../../../arm-none-eabi/lib/thumb/v7e-m+fp/hard\libc.a
LOAD C:/ST/STM32CubeIDE_1.15.0/STM32CubeIDE/plugins/com.st.stm32cube.ide.mcu.externaltools.gnu-tools-for-stm32.13.3.rel1.win32_1.0.0.202411081344/tools/bin/../lib/gcc/arm-none-eabi/13.3.1/../../../../arm-none-eabi/lib/thumb/v7e-m+fp/hard\libm.a
LOAD C:/ST/STM32CubeIDE_1.15.0/STM32CubeIDE/plugins/com.st.stm32cube.ide.mcu.externaltools.gnu-tools-for-stm32.13.3.rel1.win32_1.0.0.202411081344/tools/bin/../lib/gcc/arm-none-eabi/13.3.1/thumb/v7e-m+fp/hard\libgcc.a

.debug_info     0x00000000    0x1bb63
 .debug_info    0x00000000      0x9e0 ./Core/Src/GAUL_Drivers/Components/L76LM33.o
 .debug_info    0x000009e0      0x458 ./Core/Src/GAUL_Drivers/Low_Level/GPIO_driver.o
 .debug_info    0x00000e38      0x379 ./Core/Src/GAUL_Drivers/Low_Level/RingBuffer.o
 .debug_info    0x000011b1      0x4d0 ./Core/Src/GAUL_Drivers/util.o
 .debug_info    0x00001681     0x1d21 ./Core/Src/main.o
 .debug_info    0x000033a2     0x132a ./Core/Src/stm32f4xx_hal_msp.o
 .debug_info    0x000046cc      0xb5b ./Core/Src/stm32f4xx_it.o
 .debug_info    0x00005227      0x54a ./Core/Src/system_stm32f4xx.o
 .debug_info    0x00005771       0x30 ./Core/Startup/startup_stm32f412zgtx.o
 .debug_info    0x000057a1      0x96a ./Drivers/STM32F4xx_HAL_Driver/Src/stm32f4xx_hal.o
 .debug_info    0x0000610b      0xcd4 ./Drivers/STM32F4xx_HAL_Driver/Src/stm32f4xx_hal_adc.o
 .debug_info    0x00006ddf      0xd7a ./Drivers/STM32F4xx_HAL_Driver/Src/stm32f4xx_hal_cortex.o
 .debug_info    0x00007b59      0x8e7 ./Drivers/STM32F4xx_HAL_Driver/Src/stm32f4xx_hal_dma.o
 .debug_info    0x00008440      0x70b ./Drivers/STM32F4xx_HAL_Driver/Src/stm32f4xx_hal_gpio.o
 .debug_info    0x00008b4b     0x15e3 ./Drivers/STM32F4xx_HAL_Driver/Src/stm32f4xx_hal_pcd.o
 .debug_info    0x0000a12e      0x883 ./Drivers/STM32F4xx_HAL_Driver/Src/stm32f4xx_hal_pcd_ex.o
 .debug_info    0x0000a9b1      0x8eb ./Drivers/STM32F4xx_HAL_Driver/Src/stm32f4xx_hal_rcc.o
 .debug_info    0x0000b29c      0x7ba ./Drivers/STM32F4xx_HAL_Driver/Src/stm32f4xx_hal_rcc_ex.o
 .debug_info    0x0000ba56     0x299d ./Drivers/STM32F4xx_HAL_Driver/Src/stm32f4xx_hal_tim.o
 .debug_info    0x0000e3f3     0x14db ./Drivers/STM32F4xx_HAL_Driver/Src/stm32f4xx_hal_tim_ex.o
 .debug_info    0x0000f8ce     0x2f4f ./Drivers/STM32F4xx_HAL_Driver/Src/stm32f4xx_hal_uart.o
 .debug_info    0x0001281d      0x957 ./Drivers/STM32F4xx_HAL_Driver/Src/stm32f4xx_ll_gpio.o
 .debug_info    0x00013174      0x7c2 ./Drivers/STM32F4xx_HAL_Driver/Src/stm32f4xx_ll_spi.o
 .debug_info    0x00013936     0x19f1 ./Drivers/STM32F4xx_HAL_Driver/Src/stm32f4xx_ll_usb.o
 .debug_info    0x00015327     0x1341 ./Middlewares/ST/STM32_USB_Device_Library/Class/CDC/Src/usbd_cdc.o
 .debug_info    0x00016668      0xe3e ./Middlewares/ST/STM32_USB_Device_Library/Core/Src/usbd_core.o
 .debug_info    0x000174a6      0xb17 ./Middlewares/ST/STM32_USB_Device_Library/Core/Src/usbd_ctlreq.o
 .debug_info    0x00017fbd      0x78e ./Middlewares/ST/STM32_USB_Device_Library/Core/Src/usbd_ioreq.o
 .debug_info    0x0001874b      0x73a ./USB_DEVICE/App/usb_device.o
 .debug_info    0x00018e85      0x933 ./USB_DEVICE/App/usbd_cdc_if.o
 .debug_info    0x000197b8      0x4e6 ./USB_DEVICE/App/usbd_desc.o
 .debug_info    0x00019c9e     0x1ec5 ./USB_DEVICE/Target/usbd_conf.o

.debug_abbrev   0x00000000     0x474a
 .debug_abbrev  0x00000000      0x23d ./Core/Src/GAUL_Drivers/Components/L76LM33.o
 .debug_abbrev  0x0000023d      0x154 ./Core/Src/GAUL_Drivers/Low_Level/GPIO_driver.o
 .debug_abbrev  0x00000391      0x169 ./Core/Src/GAUL_Drivers/Low_Level/RingBuffer.o
 .debug_abbrev  0x000004fa      0x220 ./Core/Src/GAUL_Drivers/util.o
 .debug_abbrev  0x0000071a      0x2fe ./Core/Src/main.o
 .debug_abbrev  0x00000a18      0x239 ./Core/Src/stm32f4xx_hal_msp.o
 .debug_abbrev  0x00000c51      0x1ed ./Core/Src/stm32f4xx_it.o
 .debug_abbrev  0x00000e3e      0x11a ./Core/Src/system_stm32f4xx.o
 .debug_abbrev  0x00000f58       0x24 ./Core/Startup/startup_stm32f412zgtx.o
 .debug_abbrev  0x00000f7c      0x214 ./Drivers/STM32F4xx_HAL_Driver/Src/stm32f4xx_hal.o
 .debug_abbrev  0x00001190      0x252 ./Drivers/STM32F4xx_HAL_Driver/Src/stm32f4xx_hal_adc.o
 .debug_abbrev  0x000013e2      0x31d ./Drivers/STM32F4xx_HAL_Driver/Src/stm32f4xx_hal_cortex.o
 .debug_abbrev  0x000016ff      0x264 ./Drivers/STM32F4xx_HAL_Driver/Src/stm32f4xx_hal_dma.o
 .debug_abbrev  0x00001963      0x1d4 ./Drivers/STM32F4xx_HAL_Driver/Src/stm32f4xx_hal_gpio.o
 .debug_abbrev  0x00001b37      0x2d0 ./Drivers/STM32F4xx_HAL_Driver/Src/stm32f4xx_hal_pcd.o
 .debug_abbrev  0x00001e07      0x25a ./Drivers/STM32F4xx_HAL_Driver/Src/stm32f4xx_hal_pcd_ex.o
 .debug_abbrev  0x00002061      0x2b7 ./Drivers/STM32F4xx_HAL_Driver/Src/stm32f4xx_hal_rcc.o
 .debug_abbrev  0x00002318      0x1e5 ./Drivers/STM32F4xx_HAL_Driver/Src/stm32f4xx_hal_rcc_ex.o
 .debug_abbrev  0x000024fd      0x278 ./Drivers/STM32F4xx_HAL_Driver/Src/stm32f4xx_hal_tim.o
 .debug_abbrev  0x00002775      0x283 ./Drivers/STM32F4xx_HAL_Driver/Src/stm32f4xx_hal_tim_ex.o
 .debug_abbrev  0x000029f8      0x30e ./Drivers/STM32F4xx_HAL_Driver/Src/stm32f4xx_hal_uart.o
 .debug_abbrev  0x00002d06      0x237 ./Drivers/STM32F4xx_HAL_Driver/Src/stm32f4xx_ll_gpio.o
 .debug_abbrev  0x00002f3d      0x217 ./Drivers/STM32F4xx_HAL_Driver/Src/stm32f4xx_ll_spi.o
 .debug_abbrev  0x00003154      0x2b3 ./Drivers/STM32F4xx_HAL_Driver/Src/stm32f4xx_ll_usb.o
 .debug_abbrev  0x00003407      0x2ea ./Middlewares/ST/STM32_USB_Device_Library/Class/CDC/Src/usbd_cdc.o
 .debug_abbrev  0x000036f1      0x294 ./Middlewares/ST/STM32_USB_Device_Library/Core/Src/usbd_core.o
 .debug_abbrev  0x00003985      0x276 ./Middlewares/ST/STM32_USB_Device_Library/Core/Src/usbd_ctlreq.o
 .debug_abbrev  0x00003bfb      0x1b2 ./Middlewares/ST/STM32_USB_Device_Library/Core/Src/usbd_ioreq.o
 .debug_abbrev  0x00003dad      0x1ad ./USB_DEVICE/App/usb_device.o
 .debug_abbrev  0x00003f5a      0x2b5 ./USB_DEVICE/App/usbd_cdc_if.o
 .debug_abbrev  0x0000420f      0x1fb ./USB_DEVICE/App/usbd_desc.o
 .debug_abbrev  0x0000440a      0x340 ./USB_DEVICE/Target/usbd_conf.o

.debug_aranges  0x00000000     0x1770
 .debug_aranges
                0x00000000       0x40 ./Core/Src/GAUL_Drivers/Components/L76LM33.o
 .debug_aranges
                0x00000040       0x40 ./Core/Src/GAUL_Drivers/Low_Level/GPIO_driver.o
 .debug_aranges
                0x00000080       0x60 ./Core/Src/GAUL_Drivers/Low_Level/RingBuffer.o
 .debug_aranges
                0x000000e0       0x40 ./Core/Src/GAUL_Drivers/util.o
 .debug_aranges
                0x00000120       0xa8 ./Core/Src/main.o
 .debug_aranges
                0x000001c8       0x58 ./Core/Src/stm32f4xx_hal_msp.o
 .debug_aranges
                0x00000220       0x70 ./Core/Src/stm32f4xx_it.o
 .debug_aranges
                0x00000290       0x28 ./Core/Src/system_stm32f4xx.o
 .debug_aranges
                0x000002b8       0x28 ./Core/Startup/startup_stm32f412zgtx.o
 .debug_aranges
                0x000002e0       0xf0 ./Drivers/STM32F4xx_HAL_Driver/Src/stm32f4xx_hal.o
 .debug_aranges
                0x000003d0       0xe8 ./Drivers/STM32F4xx_HAL_Driver/Src/stm32f4xx_hal_adc.o
 .debug_aranges
                0x000004b8      0x130 ./Drivers/STM32F4xx_HAL_Driver/Src/stm32f4xx_hal_cortex.o
 .debug_aranges
                0x000005e8       0x90 ./Drivers/STM32F4xx_HAL_Driver/Src/stm32f4xx_hal_dma.o
 .debug_aranges
                0x00000678       0x58 ./Drivers/STM32F4xx_HAL_Driver/Src/stm32f4xx_hal_gpio.o
 .debug_aranges
                0x000006d0      0x148 ./Drivers/STM32F4xx_HAL_Driver/Src/stm32f4xx_hal_pcd.o
 .debug_aranges
                0x00000818       0x60 ./Drivers/STM32F4xx_HAL_Driver/Src/stm32f4xx_hal_pcd_ex.o
 .debug_aranges
                0x00000878       0x88 ./Drivers/STM32F4xx_HAL_Driver/Src/stm32f4xx_hal_rcc.o
 .debug_aranges
                0x00000900       0x60 ./Drivers/STM32F4xx_HAL_Driver/Src/stm32f4xx_hal_rcc_ex.o
 .debug_aranges
                0x00000960      0x3d0 ./Drivers/STM32F4xx_HAL_Driver/Src/stm32f4xx_hal_tim.o
 .debug_aranges
                0x00000d30      0x168 ./Drivers/STM32F4xx_HAL_Driver/Src/stm32f4xx_hal_tim_ex.o
 .debug_aranges
                0x00000e98      0x208 ./Drivers/STM32F4xx_HAL_Driver/Src/stm32f4xx_hal_uart.o
 .debug_aranges
                0x000010a0       0x70 ./Drivers/STM32F4xx_HAL_Driver/Src/stm32f4xx_ll_gpio.o
 .debug_aranges
                0x00001110       0x90 ./Drivers/STM32F4xx_HAL_Driver/Src/stm32f4xx_ll_spi.o
 .debug_aranges
                0x000011a0      0x1a0 ./Drivers/STM32F4xx_HAL_Driver/Src/stm32f4xx_ll_usb.o
 .debug_aranges
                0x00001340       0x90 ./Middlewares/ST/STM32_USB_Device_Library/Class/CDC/Src/usbd_cdc.o
 .debug_aranges
                0x000013d0       0xd8 ./Middlewares/ST/STM32_USB_Device_Library/Core/Src/usbd_core.o
 .debug_aranges
                0x000014a8       0x90 ./Middlewares/ST/STM32_USB_Device_Library/Core/Src/usbd_ctlreq.o
 .debug_aranges
                0x00001538       0x50 ./Middlewares/ST/STM32_USB_Device_Library/Core/Src/usbd_ioreq.o
 .debug_aranges
                0x00001588       0x20 ./USB_DEVICE/App/usb_device.o
 .debug_aranges
                0x000015a8       0x48 ./USB_DEVICE/App/usbd_cdc_if.o
 .debug_aranges
                0x000015f0       0x68 ./USB_DEVICE/App/usbd_desc.o
 .debug_aranges
                0x00001658      0x118 ./USB_DEVICE/Target/usbd_conf.o

.debug_rnglists
                0x00000000     0x11fc
 .debug_rnglists
                0x00000000       0x2e ./Core/Src/GAUL_Drivers/Components/L76LM33.o
 .debug_rnglists
                0x0000002e       0x2d ./Core/Src/GAUL_Drivers/Low_Level/GPIO_driver.o
 .debug_rnglists
                0x0000005b       0x43 ./Core/Src/GAUL_Drivers/Low_Level/RingBuffer.o
 .debug_rnglists
                0x0000009e       0x2c ./Core/Src/GAUL_Drivers/util.o
 .debug_rnglists
                0x000000ca       0x80 ./Core/Src/main.o
 .debug_rnglists
                0x0000014a       0x40 ./Core/Src/stm32f4xx_hal_msp.o
 .debug_rnglists
                0x0000018a       0x4f ./Core/Src/stm32f4xx_it.o
 .debug_rnglists
                0x000001d9       0x1a ./Core/Src/system_stm32f4xx.o
 .debug_rnglists
                0x000001f3       0x19 ./Core/Startup/startup_stm32f412zgtx.o
 .debug_rnglists
                0x0000020c       0xaf ./Drivers/STM32F4xx_HAL_Driver/Src/stm32f4xx_hal.o
 .debug_rnglists
                0x000002bb       0xb5 ./Drivers/STM32F4xx_HAL_Driver/Src/stm32f4xx_hal_adc.o
 .debug_rnglists
                0x00000370       0xe0 ./Drivers/STM32F4xx_HAL_Driver/Src/stm32f4xx_hal_cortex.o
 .debug_rnglists
                0x00000450       0x70 ./Drivers/STM32F4xx_HAL_Driver/Src/stm32f4xx_hal_dma.o
 .debug_rnglists
                0x000004c0       0x3f ./Drivers/STM32F4xx_HAL_Driver/Src/stm32f4xx_hal_gpio.o
 .debug_rnglists
                0x000004ff       0xfa ./Drivers/STM32F4xx_HAL_Driver/Src/stm32f4xx_hal_pcd.o
 .debug_rnglists
                0x000005f9       0x45 ./Drivers/STM32F4xx_HAL_Driver/Src/stm32f4xx_hal_pcd_ex.o
 .debug_rnglists
                0x0000063e       0x66 ./Drivers/STM32F4xx_HAL_Driver/Src/stm32f4xx_hal_rcc.o
 .debug_rnglists
                0x000006a4       0x4a ./Drivers/STM32F4xx_HAL_Driver/Src/stm32f4xx_hal_rcc_ex.o
 .debug_rnglists
                0x000006ee      0x31a ./Drivers/STM32F4xx_HAL_Driver/Src/stm32f4xx_hal_tim.o
 .debug_rnglists
                0x00000a08      0x125 ./Drivers/STM32F4xx_HAL_Driver/Src/stm32f4xx_hal_tim_ex.o
 .debug_rnglists
                0x00000b2d      0x1bc ./Drivers/STM32F4xx_HAL_Driver/Src/stm32f4xx_hal_uart.o
 .debug_rnglists
                0x00000ce9       0x51 ./Drivers/STM32F4xx_HAL_Driver/Src/stm32f4xx_ll_gpio.o
 .debug_rnglists
                0x00000d3a       0x6b ./Drivers/STM32F4xx_HAL_Driver/Src/stm32f4xx_ll_spi.o
 .debug_rnglists
                0x00000da5      0x147 ./Drivers/STM32F4xx_HAL_Driver/Src/stm32f4xx_ll_usb.o
 .debug_rnglists
                0x00000eec       0x6c ./Middlewares/ST/STM32_USB_Device_Library/Class/CDC/Src/usbd_cdc.o
 .debug_rnglists
                0x00000f58       0xa1 ./Middlewares/ST/STM32_USB_Device_Library/Core/Src/usbd_core.o
 .debug_rnglists
                0x00000ff9       0x6e ./Middlewares/ST/STM32_USB_Device_Library/Core/Src/usbd_ctlreq.o
 .debug_rnglists
                0x00001067       0x37 ./Middlewares/ST/STM32_USB_Device_Library/Core/Src/usbd_ioreq.o
 .debug_rnglists
                0x0000109e       0x13 ./USB_DEVICE/App/usb_device.o
 .debug_rnglists
                0x000010b1       0x32 ./USB_DEVICE/App/usbd_cdc_if.o
 .debug_rnglists
                0x000010e3       0x49 ./USB_DEVICE/App/usbd_desc.o
 .debug_rnglists
                0x0000112c       0xd0 ./USB_DEVICE/Target/usbd_conf.o

.debug_macro    0x00000000     0x73bb
 .debug_macro   0x00000000      0x29a ./Core/Src/GAUL_Drivers/Components/L76LM33.o
 .debug_macro   0x0000029a       0x3a ./Core/Src/GAUL_Drivers/Components/L76LM33.o
 .debug_macro   0x000002d4      0x460 ./Core/Src/GAUL_Drivers/Components/L76LM33.o
 .debug_macro   0x00000734       0x1c ./Core/Src/GAUL_Drivers/Components/L76LM33.o
 .debug_macro   0x00000750       0x22 ./Core/Src/GAUL_Drivers/Components/L76LM33.o
 .debug_macro   0x00000772       0x22 ./Core/Src/GAUL_Drivers/Components/L76LM33.o
 .debug_macro   0x00000794      0x23b ./Core/Src/GAUL_Drivers/Low_Level/GPIO_driver.o
 .debug_macro   0x000009cf       0xca ./Core/Src/GAUL_Drivers/Low_Level/RingBuffer.o
 .debug_macro   0x00000a99       0x5b ./Core/Src/GAUL_Drivers/Low_Level/RingBuffer.o
 .debug_macro   0x00000af4       0x94 ./Core/Src/GAUL_Drivers/Low_Level/RingBuffer.o
 .debug_macro   0x00000b88       0x57 ./Core/Src/GAUL_Drivers/Low_Level/RingBuffer.o
 .debug_macro   0x00000bdf       0x89 ./Core/Src/GAUL_Drivers/Low_Level/RingBuffer.o
 .debug_macro   0x00000c68      0x119 ./Core/Src/GAUL_Drivers/Low_Level/RingBuffer.o
 .debug_macro   0x00000d81      0x3af ./Core/Src/GAUL_Drivers/util.o
 .debug_macro   0x00001130       0x9e ./Core/Src/GAUL_Drivers/util.o
 .debug_macro   0x000011ce      0x112 ./Core/Src/GAUL_Drivers/util.o
 .debug_macro   0x000012e0       0x56 ./Core/Src/GAUL_Drivers/util.o
 .debug_macro   0x00001336      0x4a1 ./Core/Src/main.o
 .debug_macro   0x000017d7       0x16 ./Core/Src/main.o
 .debug_macro   0x000017ed       0x65 ./Core/Src/main.o
 .debug_macro   0x00001852      0x20f ./Core/Src/main.o
 .debug_macro   0x00001a61       0xca ./Core/Src/main.o
 .debug_macro   0x00001b2b       0x9a ./Core/Src/main.o
 .debug_macro   0x00001bc5       0x10 ./Core/Src/main.o
 .debug_macro   0x00001bd5       0x16 ./Core/Src/main.o
 .debug_macro   0x00001beb      0x7ec ./Core/Src/main.o
 .debug_macro   0x000023d7      0x28d ./Core/Src/stm32f4xx_hal_msp.o
 .debug_macro   0x00002664      0x297 ./Core/Src/stm32f4xx_it.o
 .debug_macro   0x000028fb      0x21a ./Core/Src/system_stm32f4xx.o
 .debug_macro   0x00002b15      0x27a ./Drivers/STM32F4xx_HAL_Driver/Src/stm32f4xx_hal.o
 .debug_macro   0x00002d8f      0x21b ./Drivers/STM32F4xx_HAL_Driver/Src/stm32f4xx_hal_adc.o
 .debug_macro   0x00002faa      0x21a ./Drivers/STM32F4xx_HAL_Driver/Src/stm32f4xx_hal_cortex.o
 .debug_macro   0x000031c4      0x220 ./Drivers/STM32F4xx_HAL_Driver/Src/stm32f4xx_hal_dma.o
 .debug_macro   0x000033e4      0x220 ./Drivers/STM32F4xx_HAL_Driver/Src/stm32f4xx_hal_gpio.o
 .debug_macro   0x00003604      0x226 ./Drivers/STM32F4xx_HAL_Driver/Src/stm32f4xx_hal_pcd.o
 .debug_macro   0x0000382a      0x21a ./Drivers/STM32F4xx_HAL_Driver/Src/stm32f4xx_hal_pcd_ex.o
 .debug_macro   0x00003a44      0x23e ./Drivers/STM32F4xx_HAL_Driver/Src/stm32f4xx_hal_rcc.o
 .debug_macro   0x00003c82      0x21a ./Drivers/STM32F4xx_HAL_Driver/Src/stm32f4xx_hal_rcc_ex.o
 .debug_macro   0x00003e9c      0x21b ./Drivers/STM32F4xx_HAL_Driver/Src/stm32f4xx_hal_tim.o
 .debug_macro   0x000040b7      0x21a ./Drivers/STM32F4xx_HAL_Driver/Src/stm32f4xx_hal_tim_ex.o
 .debug_macro   0x000042d1      0x21b ./Drivers/STM32F4xx_HAL_Driver/Src/stm32f4xx_hal_uart.o
 .debug_macro   0x000044ec      0x25c ./Drivers/STM32F4xx_HAL_Driver/Src/stm32f4xx_ll_gpio.o
 .debug_macro   0x00004748      0x143 ./Drivers/STM32F4xx_HAL_Driver/Src/stm32f4xx_ll_gpio.o
 .debug_macro   0x0000488b      0x2c9 ./Drivers/STM32F4xx_HAL_Driver/Src/stm32f4xx_ll_spi.o
 .debug_macro   0x00004b54      0x235 ./Drivers/STM32F4xx_HAL_Driver/Src/stm32f4xx_ll_spi.o
 .debug_macro   0x00004d89      0x21a ./Drivers/STM32F4xx_HAL_Driver/Src/stm32f4xx_ll_usb.o
 .debug_macro   0x00004fa3      0x41c ./Middlewares/ST/STM32_USB_Device_Library/Class/CDC/Src/usbd_cdc.o
 .debug_macro   0x000053bf       0x95 ./Middlewares/ST/STM32_USB_Device_Library/Class/CDC/Src/usbd_cdc.o
 .debug_macro   0x00005454      0x403 ./Middlewares/ST/STM32_USB_Device_Library/Core/Src/usbd_core.o
 .debug_macro   0x00005857      0x215 ./Middlewares/ST/STM32_USB_Device_Library/Core/Src/usbd_core.o
 .debug_macro   0x00005a6c      0x40d ./Middlewares/ST/STM32_USB_Device_Library/Core/Src/usbd_ctlreq.o
 .debug_macro   0x00005e79      0x409 ./Middlewares/ST/STM32_USB_Device_Library/Core/Src/usbd_ioreq.o
 .debug_macro   0x00006282      0x442 ./USB_DEVICE/App/usb_device.o
 .debug_macro   0x000066c4       0x22 ./USB_DEVICE/App/usb_device.o
 .debug_macro   0x000066e6       0x16 ./USB_DEVICE/App/usb_device.o
 .debug_macro   0x000066fc      0x427 ./USB_DEVICE/App/usbd_cdc_if.o
 .debug_macro   0x00006b23       0x10 ./USB_DEVICE/App/usbd_cdc_if.o
 .debug_macro   0x00006b33      0x446 ./USB_DEVICE/App/usbd_desc.o
 .debug_macro   0x00006f79       0x1c ./USB_DEVICE/App/usbd_desc.o
 .debug_macro   0x00006f95      0x426 ./USB_DEVICE/Target/usbd_conf.o

.debug_line     0x00000000    0x1fc4c
 .debug_line    0x00000000      0xb26 ./Core/Src/GAUL_Drivers/Components/L76LM33.o
 .debug_line    0x00000b26      0x9f4 ./Core/Src/GAUL_Drivers/Low_Level/GPIO_driver.o
 .debug_line    0x0000151a      0x72b ./Core/Src/GAUL_Drivers/Low_Level/RingBuffer.o
 .debug_line    0x00001c45      0xb81 ./Core/Src/GAUL_Drivers/util.o
 .debug_line    0x000027c6     0x10f6 ./Core/Src/main.o
 .debug_line    0x000038bc      0xa43 ./Core/Src/stm32f4xx_hal_msp.o
 .debug_line    0x000042ff      0x9bf ./Core/Src/stm32f4xx_it.o
 .debug_line    0x00004cbe      0x859 ./Core/Src/system_stm32f4xx.o
 .debug_line    0x00005517       0x7a ./Core/Startup/startup_stm32f412zgtx.o
 .debug_line    0x00005591      0xac6 ./Drivers/STM32F4xx_HAL_Driver/Src/stm32f4xx_hal.o
 .debug_line    0x00006057     0x120e ./Drivers/STM32F4xx_HAL_Driver/Src/stm32f4xx_hal_adc.o
 .debug_line    0x00007265      0xd96 ./Drivers/STM32F4xx_HAL_Driver/Src/stm32f4xx_hal_cortex.o
 .debug_line    0x00007ffb     0x1032 ./Drivers/STM32F4xx_HAL_Driver/Src/stm32f4xx_hal_dma.o
 .debug_line    0x0000902d      0xc0a ./Drivers/STM32F4xx_HAL_Driver/Src/stm32f4xx_hal_gpio.o
 .debug_line    0x00009c37     0x153b ./Drivers/STM32F4xx_HAL_Driver/Src/stm32f4xx_hal_pcd.o
 .debug_line    0x0000b172      0x9da ./Drivers/STM32F4xx_HAL_Driver/Src/stm32f4xx_hal_pcd_ex.o
 .debug_line    0x0000bb4c      0xedf ./Drivers/STM32F4xx_HAL_Driver/Src/stm32f4xx_hal_rcc.o
 .debug_line    0x0000ca2b     0x119a ./Drivers/STM32F4xx_HAL_Driver/Src/stm32f4xx_hal_rcc_ex.o
 .debug_line    0x0000dbc5     0x3843 ./Drivers/STM32F4xx_HAL_Driver/Src/stm32f4xx_hal_tim.o
 .debug_line    0x00011408     0x1a26 ./Drivers/STM32F4xx_HAL_Driver/Src/stm32f4xx_hal_tim_ex.o
 .debug_line    0x00012e2e     0x25d5 ./Drivers/STM32F4xx_HAL_Driver/Src/stm32f4xx_hal_uart.o
 .debug_line    0x00015403      0xb9c ./Drivers/STM32F4xx_HAL_Driver/Src/stm32f4xx_ll_gpio.o
 .debug_line    0x00015f9f      0xad0 ./Drivers/STM32F4xx_HAL_Driver/Src/stm32f4xx_ll_spi.o
 .debug_line    0x00016a6f     0x1d85 ./Drivers/STM32F4xx_HAL_Driver/Src/stm32f4xx_ll_usb.o
 .debug_line    0x000187f4     0x103f ./Middlewares/ST/STM32_USB_Device_Library/Class/CDC/Src/usbd_cdc.o
 .debug_line    0x00019833     0x10e2 ./Middlewares/ST/STM32_USB_Device_Library/Core/Src/usbd_core.o
 .debug_line    0x0001a915     0x12dc ./Middlewares/ST/STM32_USB_Device_Library/Core/Src/usbd_ctlreq.o
 .debug_line    0x0001bbf1      0xbf8 ./Middlewares/ST/STM32_USB_Device_Library/Core/Src/usbd_ioreq.o
 .debug_line    0x0001c7e9      0xbc4 ./USB_DEVICE/App/usb_device.o
 .debug_line    0x0001d3ad      0xc17 ./USB_DEVICE/App/usbd_cdc_if.o
 .debug_line    0x0001dfc4      0xc88 ./USB_DEVICE/App/usbd_desc.o
 .debug_line    0x0001ec4c     0x1000 ./USB_DEVICE/Target/usbd_conf.o

.debug_str      0x00000000    0xe4ffc
 .debug_str     0x00000000    0xe4ffc ./Core/Src/GAUL_Drivers/Components/L76LM33.o
                              0xca178 (size before relaxing)
 .debug_str     0x000e4ffc    0xc944d ./Core/Src/GAUL_Drivers/Low_Level/GPIO_driver.o
 .debug_str     0x000e4ffc     0x5775 ./Core/Src/GAUL_Drivers/Low_Level/RingBuffer.o
 .debug_str     0x000e4ffc    0xd83e8 ./Core/Src/GAUL_Drivers/util.o
 .debug_str     0x000e4ffc    0xde606 ./Core/Src/main.o
 .debug_str     0x000e4ffc    0xd58a3 ./Core/Src/stm32f4xx_hal_msp.o
 .debug_str     0x000e4ffc    0xd519c ./Core/Src/stm32f4xx_it.o
 .debug_str     0x000e4ffc    0xc86b2 ./Core/Src/system_stm32f4xx.o
 .debug_str     0x000e4ffc       0x98 ./Core/Startup/startup_stm32f412zgtx.o
 .debug_str     0x000e4ffc    0xc9210 ./Drivers/STM32F4xx_HAL_Driver/Src/stm32f4xx_hal.o
 .debug_str     0x000e4ffc    0xc8c7b ./Drivers/STM32F4xx_HAL_Driver/Src/stm32f4xx_hal_adc.o
 .debug_str     0x000e4ffc    0xc8f68 ./Drivers/STM32F4xx_HAL_Driver/Src/stm32f4xx_hal_cortex.o
 .debug_str     0x000e4ffc    0xc8aa8 ./Drivers/STM32F4xx_HAL_Driver/Src/stm32f4xx_hal_dma.o
 .debug_str     0x000e4ffc    0xc8833 ./Drivers/STM32F4xx_HAL_Driver/Src/stm32f4xx_hal_gpio.o
 .debug_str     0x000e4ffc    0xc91c4 ./Drivers/STM32F4xx_HAL_Driver/Src/stm32f4xx_hal_pcd.o
 .debug_str     0x000e4ffc    0xc8b2d ./Drivers/STM32F4xx_HAL_Driver/Src/stm32f4xx_hal_pcd_ex.o
 .debug_str     0x000e4ffc    0xc8aeb ./Drivers/STM32F4xx_HAL_Driver/Src/stm32f4xx_hal_rcc.o
 .debug_str     0x000e4ffc    0xc89eb ./Drivers/STM32F4xx_HAL_Driver/Src/stm32f4xx_hal_rcc_ex.o