../Drivers/STM32F4xx_HAL_Driver/Inc/stm32f4xx_ll_spi.h:365:22:LL_SPI_SetStandard	1
../Drivers/STM32F4xx_HAL_Driver/Inc/stm32f4xx_ll_gpio.h:881:22:LL_GPIO_SetOutputPin	1
../Drivers/STM32F4xx_HAL_Driver/Inc/stm32f4xx_ll_gpio.h:910:22:LL_GPIO_ResetOutputPin	1
../Drivers/STM32F4xx_HAL_Driver/Inc/stm32f4xx_ll_bus.h:409:22:LL_AHB1_GRP1_EnableClock	1
../Drivers/STM32F4xx_HAL_Driver/Inc/stm32f4xx_ll_bus.h:1704:22:LL_APB2_GRP1_EnableClock	1
../Core/Src/main.c:92:5:main	1
../Core/Src/main.c:161:6:SystemClock_Config	3
../Core/Src/main.c:210:13:MX_ADC1_Init	3
../Core/Src/main.c:262:13:MX_SPI1_Init	1
../Core/Src/main.c:325:13:MX_SPI4_Init	1
../Core/Src/main.c:388:13:MX_SPI5_Init	1
../Core/Src/main.c:452:13:MX_TIM1_Init	7
../Core/Src/main.c:527:13:MX_USART1_UART_Init	2
../Core/Src/main.c:560:13:MX_USART2_UART_Init	2
../Core/Src/main.c:593:13:MX_USART6_UART_Init	2
../Core/Src/main.c:626:13:MX_GPIO_Init	1
../Core/Src/main.c:739:6:HAL_UART_RxCpltCallback	1
../Core/Src/main.c:748:6:Error_Handler	1
