2025-05-03 21:05:31,766 [INFO] Activator:176 - 


2025-05-03 21:05:31,771 [INFO] Activator:177 - !SESSION log4j initialized
2025-05-03 21:05:38,354 [INFO] LogOutputStream:77 - [STDOUT_REDIRECT] 
2025-05-03 21:05:44,358 [INFO] ApplicationProperties:184 - Using Application install path: C:\ST\STM32CubeIDE_1.15.0\STM32CubeIDE\plugins\com.st.stm32cube.common.mx_6.14.0.202502271554
2025-05-03 21:05:44,377 [INFO] DbMcusXml:78 - Set database path to: C:\ST\STM32CubeIDE_1.15.0\STM32CubeIDE\plugins\com.st.stm32cube.common.mx_6.14.0.202502271554\\db\/mcu/
2025-05-03 21:05:44,377 [INFO] ApiDb:274 - Set plugin database path to: C:\ST\STM32CubeIDE_1.15.0\STM32CubeIDE\plugins\com.st.stm32cube.common.mx_6.14.0.202502271554\\db\/plugins/boardmanager/
2025-05-03 21:05:44,377 [WARN] ApiDb:259 - Overriding images path with different value:  => C:\ST\STM32CubeIDE_1.15.0\STM32CubeIDE\plugins\com.st.stm32cube.common.mx_6.14.0.202502271554\\db\/plugins/mcufinder/images/
2025-05-03 21:05:44,387 [INFO] ApiDb:250 - Set database path to: C:\Users\gagno\.stmcufinder\plugins\mcufinder//mcu/
2025-05-03 21:05:44,388 [INFO] DbMcusAds:125 - Set database path to: C:\Users\gagno\.stmcufinder\plugins\mcufinder//mcu/
2025-05-03 21:05:44,390 [INFO] CrossReferenceDbSqlite:203 - Set database path to: C:\Users\gagno\.stmcufinder\plugins\mcufinder//mcu/cs/
2025-05-03 21:05:44,495 [INFO] RulesReader:64 - Compatibility file has been processed (301 Rules)
2025-05-03 21:05:44,577 [INFO] DbMcusXml:78 - Set database path to: C:\ST\STM32CubeIDE_1.15.0\STM32CubeIDE\plugins\com.st.stm32cube.common.mx_6.14.0.202502271554\\db\/mcu/
2025-05-03 21:05:44,577 [INFO] ApiDb:274 - Set plugin database path to: C:\ST\STM32CubeIDE_1.15.0\STM32CubeIDE\plugins\com.st.stm32cube.common.mx_6.14.0.202502271554\\db\/plugins/boardmanager/
2025-05-03 21:05:44,577 [INFO] ApiDb:261 - Set plugin images path to: C:\ST\STM32CubeIDE_1.15.0\STM32CubeIDE\plugins\com.st.stm32cube.common.mx_6.14.0.202502271554\\db\/plugins/mcufinder/images/
2025-05-03 21:05:44,577 [WARN] DbFile:41 - Overriding database path with different value: C:\Users\gagno\.stmcufinder\plugins\mcufinder/ => C:\Users\gagno\.stmcufinder\plugins\mcufinder
2025-05-03 21:05:44,577 [INFO] ApiDb:250 - Set database path to: C:\Users\gagno\.stmcufinder\plugins\mcufinder//mcu/
2025-05-03 21:05:44,577 [WARN] DbFile:41 - Overriding database path with different value: C:\Users\gagno\.stmcufinder\plugins\mcufinder/ => C:\Users\gagno\.stmcufinder\plugins\mcufinder
2025-05-03 21:05:44,577 [INFO] DbMcusAds:125 - Set database path to: C:\Users\gagno\.stmcufinder\plugins\mcufinder//mcu/
2025-05-03 21:05:44,578 [WARN] DbFile:41 - Overriding database path with different value: C:\Users\gagno\.stmcufinder\plugins\mcufinder/ => C:\Users\gagno\.stmcufinder\plugins\mcufinder
2025-05-03 21:05:44,578 [WARN] DbFile:41 - Overriding database path with different value: C:\Users\gagno\.stmcufinder\plugins\mcufinder/ => C:\Users\gagno\.stmcufinder\plugins\mcufinder
2025-05-03 21:05:44,578 [INFO] CrossReferenceDbSqlite:203 - Set database path to: C:\Users\gagno\.stmcufinder\plugins\mcufinder//mcu/cs/
2025-05-03 21:05:44,652 [INFO] MainPanel:272 - HeapMemory: 268435456
2025-05-03 21:05:44,763 [INFO] DbMcusXml:78 - Set database path to: C:\ST\STM32CubeIDE_1.15.0\STM32CubeIDE\plugins\com.st.stm32cube.common.mx_6.14.0.202502271554\\db\/mcu/
2025-05-03 21:05:44,763 [INFO] ApiDb:274 - Set plugin database path to: C:\ST\STM32CubeIDE_1.15.0\STM32CubeIDE\plugins\com.st.stm32cube.common.mx_6.14.0.202502271554\\db\/plugins/boardmanager/
2025-05-03 21:05:44,763 [INFO] ApiDb:261 - Set plugin images path to: C:\ST\STM32CubeIDE_1.15.0\STM32CubeIDE\plugins\com.st.stm32cube.common.mx_6.14.0.202502271554\\db\/plugins/mcufinder/images/
2025-05-03 21:05:44,763 [WARN] DbFile:41 - Overriding database path with different value: C:\Users\gagno\.stmcufinder\plugins\mcufinder/ => C:\Users\gagno\.stmcufinder\plugins\mcufinder
2025-05-03 21:05:44,763 [INFO] ApiDb:250 - Set database path to: C:\Users\gagno\.stmcufinder\plugins\mcufinder//mcu/
2025-05-03 21:05:44,764 [WARN] DbFile:41 - Overriding database path with different value: C:\Users\gagno\.stmcufinder\plugins\mcufinder/ => C:\Users\gagno\.stmcufinder\plugins\mcufinder
2025-05-03 21:05:44,764 [INFO] DbMcusAds:125 - Set database path to: C:\Users\gagno\.stmcufinder\plugins\mcufinder//mcu/
2025-05-03 21:05:44,764 [WARN] DbFile:41 - Overriding database path with different value: C:\Users\gagno\.stmcufinder\plugins\mcufinder/ => C:\Users\gagno\.stmcufinder\plugins\mcufinder
2025-05-03 21:05:44,764 [WARN] DbFile:41 - Overriding database path with different value: C:\Users\gagno\.stmcufinder\plugins\mcufinder/ => C:\Users\gagno\.stmcufinder\plugins\mcufinder
2025-05-03 21:05:44,764 [INFO] CrossReferenceDbSqlite:203 - Set database path to: C:\Users\gagno\.stmcufinder\plugins\mcufinder//mcu/cs/
2025-05-03 21:05:44,784 [INFO] ApplicationProperties:184 - Using Application install path: C:\ST\STM32CubeIDE_1.15.0\STM32CubeIDE\plugins\com.st.stm32cube.common.mx_6.14.0.202502271554
2025-05-03 21:05:44,786 [INFO] PluginManage:196 - Search for loadable plugins [exclusion list=, ]
2025-05-03 21:05:44,787 [INFO] PluginManage:310 - Check plugin analytics
2025-05-03 21:05:49,946 [INFO] AnalyticsPlugin:253 - Accepted Software Licenses: 
2025-05-03 21:05:49,947 [INFO] AnalyticsPlugin:255 - Accepted CMSIS Pack Licenses: 
2025-05-03 21:05:49,947 [INFO] AnalyticsPlugin:257 - Accepted Firmware Licenses: FW.F4.1.28.0
2025-05-03 21:05:49,950 [INFO] PluginManage:359 - Loaded plugin analytics (category:tool,tabindex:-1)
2025-05-03 21:05:49,950 [INFO] PluginManage:310 - Check plugin cadmodel
2025-05-03 21:05:49,957 [INFO] CADModel:105 - Init CAD model plugin
2025-05-03 21:05:49,957 [INFO] PluginManage:359 - Loaded plugin cadmodel (category:power,tabindex:5)
2025-05-03 21:05:49,957 [INFO] PluginManage:310 - Check plugin clock
2025-05-03 21:05:49,966 [INFO] PluginManage:359 - Loaded plugin clock (category:base,tabindex:2)
2025-05-03 21:05:49,966 [INFO] PluginManage:310 - Check plugin ddr
2025-05-03 21:05:49,968 [INFO] PluginManage:359 - Loaded plugin ddr (category:tool,tabindex:6)
2025-05-03 21:05:49,969 [INFO] PluginManage:310 - Check plugin filemanager
2025-05-03 21:05:50,101 [INFO] PluginManage:359 - Loaded plugin filemanager (category:base,tabindex:10)
2025-05-03 21:05:50,101 [INFO] PluginManage:310 - Check plugin ipmanager
2025-05-03 21:05:50,108 [INFO] PluginManage:359 - Loaded plugin ipmanager (category:base,tabindex:5)
2025-05-03 21:05:50,108 [INFO] PluginManage:310 - Check plugin lpbam
2025-05-03 21:05:50,116 [INFO] PluginManage:359 - Loaded plugin lpbam (category:base,tabindex:0)
2025-05-03 21:05:50,116 [INFO] PluginManage:310 - Check plugin memorymap
2025-05-03 21:05:50,130 [INFO] PluginManage:359 - Loaded plugin memorymap (category:base,tabindex:4)
2025-05-03 21:05:50,130 [INFO] PluginManage:310 - Check plugin pinoutandconfiguration
2025-05-03 21:05:50,138 [INFO] PluginManage:359 - Loaded plugin pinoutandconfiguration (category:base,tabindex:1)
2025-05-03 21:05:50,138 [INFO] PluginManage:310 - Check plugin pinoutconfig
2025-05-03 21:05:50,229 [WARN] SupportedApi:132 - Cannot load RTOS API schema: s4s-elt-must-match.1: The content of 'definitions' must match (annotation?, (simpleType | complexType)?, (unique | key | keyref)*)). A problem was found starting at: attribute.
2025-05-03 21:05:50,380 [INFO] PluginManage:359 - Loaded plugin pinoutconfig (category:base,tabindex:0)
2025-05-03 21:05:50,380 [INFO] PluginManage:310 - Check plugin power
2025-05-03 21:05:50,389 [INFO] PluginManage:359 - Loaded plugin power (category:power,tabindex:4)
2025-05-03 21:05:50,389 [INFO] PluginManage:310 - Check plugin projectmanager
2025-05-03 21:05:50,404 [INFO] PluginManage:359 - Loaded plugin projectmanager (category:projectmanager,tabindex:4)
2025-05-03 21:05:50,404 [INFO] PluginManage:310 - Check plugin rif
2025-05-03 21:05:50,413 [INFO] PluginManage:359 - Loaded plugin rif (category:base,tabindex:3)
2025-05-03 21:05:50,413 [INFO] PluginManage:310 - Check plugin thirdparty
2025-05-03 21:05:50,546 [INFO] PluginManage:359 - Loaded plugin thirdparty (category:base,tabindex:-1)
2025-05-03 21:05:50,546 [WARN] IntegrityCheckThread:84 - waiting for thirdparty lock release [integrity check]
2025-05-03 21:05:50,546 [INFO] PluginManage:310 - Check plugin tools
2025-05-03 21:05:50,546 [INFO] IntegrityCheckThread:86 - entering critical section [integrity check]
2025-05-03 21:05:50,546 [INFO] ThirdPartyUpdaterWithRetryManager:70 - Updater plugin not ready yet. [1/15]
2025-05-03 21:05:50,551 [INFO] PluginManage:359 - Loaded plugin tools (category:base,tabindex:7)
2025-05-03 21:05:50,551 [INFO] PluginManage:310 - Check plugin tutovideos
2025-05-03 21:05:50,774 [INFO] PluginManage:359 - Loaded plugin tutovideos (category:base,tabindex:-1)
2025-05-03 21:05:50,774 [INFO] PluginManage:310 - Check plugin updater
2025-05-03 21:05:50,797 [INFO] PluginManage:359 - Loaded plugin updater (category:base,tabindex:12)
2025-05-03 21:05:50,798 [INFO] PluginManage:310 - Check plugin userauth
2025-05-03 21:05:50,802 [INFO] UserAuth:118 - Init User Auth plugin
2025-05-03 21:05:50,803 [INFO] PluginManage:359 - Loaded plugin userauth (category:base,tabindex:14)
2025-05-03 21:05:50,803 [INFO] PluginManage:283 - PluginManage : Loaded plugins [18]
2025-05-03 21:05:51,006 [INFO] PinOutPanel:1589 - setPackage(No Configuration,No Configuration)
2025-05-03 21:05:51,086 [INFO] CADModel:165 - CPN selected for project level
2025-05-03 21:05:51,086 [INFO] CADModel:114 - Register for checkConnection events
2025-05-03 21:05:51,105 [INFO] IPUIPlugin:80 - create IPUIPlugin
2025-05-03 21:05:51,105 [INFO] PluginManager:220 - loadIPPluginJar : add adc
2025-05-03 21:05:51,108 [INFO] IPUIPlugin:80 - create IPUIPlugin
2025-05-03 21:05:51,108 [INFO] PluginManager:220 - loadIPPluginJar : add aes
2025-05-03 21:05:51,111 [INFO] IPUIPlugin:80 - create IPUIPlugin
2025-05-03 21:05:51,111 [INFO] PluginManager:220 - loadIPPluginJar : add can
2025-05-03 21:05:51,112 [INFO] IPUIPlugin:80 - create IPUIPlugin
2025-05-03 21:05:51,113 [INFO] PluginManager:220 - loadIPPluginJar : add comp
2025-05-03 21:05:51,115 [INFO] IPUIPlugin:80 - create IPUIPlugin
2025-05-03 21:05:51,115 [INFO] PluginManager:220 - loadIPPluginJar : add cryp
2025-05-03 21:05:51,119 [INFO] IPUIPlugin:80 - create IPUIPlugin
2025-05-03 21:05:51,119 [INFO] PluginManager:220 - loadIPPluginJar : add ddr_ctrl_phy
2025-05-03 21:05:51,122 [INFO] IPUIPlugin:80 - create IPUIPlugin
2025-05-03 21:05:51,122 [INFO] PluginManager:220 - loadIPPluginJar : add dfsdm
2025-05-03 21:05:51,127 [INFO] IPUIPlugin:80 - create IPUIPlugin
2025-05-03 21:05:51,127 [INFO] PluginManager:220 - loadIPPluginJar : add dma
2025-05-03 21:05:51,131 [INFO] IPUIPlugin:80 - create IPUIPlugin
2025-05-03 21:05:51,131 [INFO] PluginManager:220 - loadIPPluginJar : add dma3
2025-05-03 21:05:51,134 [INFO] IPUIPlugin:80 - create IPUIPlugin
2025-05-03 21:05:51,134 [INFO] PluginManager:220 - loadIPPluginJar : add extmemmanager
2025-05-03 21:05:51,136 [INFO] IPUIPlugin:80 - create IPUIPlugin
2025-05-03 21:05:51,136 [INFO] PluginManager:220 - loadIPPluginJar : add fatfs
2025-05-03 21:05:51,140 [INFO] IPUIPlugin:80 - create IPUIPlugin
2025-05-03 21:05:51,140 [INFO] PluginManager:220 - loadIPPluginJar : add fmc
2025-05-03 21:05:51,146 [INFO] IPUIPlugin:80 - create IPUIPlugin
2025-05-03 21:05:51,146 [INFO] PluginManager:220 - loadIPPluginJar : add freertos
2025-05-03 21:05:51,148 [INFO] IPUIPlugin:80 - create IPUIPlugin
2025-05-03 21:05:51,148 [INFO] PluginManager:220 - loadIPPluginJar : add genericplugin
2025-05-03 21:05:51,151 [INFO] IPUIPlugin:80 - create IPUIPlugin
2025-05-03 21:05:51,151 [INFO] PluginManager:220 - loadIPPluginJar : add gfxmmu
2025-05-03 21:05:51,155 [INFO] IPUIPlugin:80 - create IPUIPlugin
2025-05-03 21:05:51,155 [INFO] PluginManager:220 - loadIPPluginJar : add gic
2025-05-03 21:05:51,159 [INFO] IPUIPlugin:80 - create IPUIPlugin
2025-05-03 21:05:51,159 [INFO] PluginManager:220 - loadIPPluginJar : add gpio
2025-05-03 21:05:51,162 [INFO] IPUIPlugin:80 - create IPUIPlugin
2025-05-03 21:05:51,162 [INFO] PluginManager:220 - loadIPPluginJar : add gtzc
2025-05-03 21:05:51,165 [INFO] IPUIPlugin:80 - create IPUIPlugin
2025-05-03 21:05:51,165 [INFO] PluginManager:220 - loadIPPluginJar : add hash
2025-05-03 21:05:51,167 [INFO] IPUIPlugin:80 - create IPUIPlugin
2025-05-03 21:05:51,168 [INFO] PluginManager:220 - loadIPPluginJar : add i2c
2025-05-03 21:05:51,170 [INFO] IPUIPlugin:80 - create IPUIPlugin
2025-05-03 21:05:51,170 [INFO] PluginManager:220 - loadIPPluginJar : add i2s
2025-05-03 21:05:51,174 [INFO] IPUIPlugin:80 - create IPUIPlugin
2025-05-03 21:05:51,174 [INFO] PluginManager:220 - loadIPPluginJar : add i3c
2025-05-03 21:05:51,177 [INFO] IPUIPlugin:80 - create IPUIPlugin
2025-05-03 21:05:51,178 [INFO] PluginManager:220 - loadIPPluginJar : add ipddr
2025-05-03 21:05:51,186 [INFO] IPUIPlugin:80 - create IPUIPlugin
2025-05-03 21:05:51,186 [INFO] PluginManager:220 - loadIPPluginJar : add linkedlist
2025-05-03 21:05:51,189 [INFO] IPUIPlugin:80 - create IPUIPlugin
2025-05-03 21:05:51,189 [INFO] PluginManager:220 - loadIPPluginJar : add lorawan
2025-05-03 21:05:51,191 [INFO] IPUIPlugin:80 - create IPUIPlugin
2025-05-03 21:05:51,192 [INFO] PluginManager:220 - loadIPPluginJar : add ltdc
2025-05-03 21:05:51,197 [INFO] IPUIPlugin:80 - create IPUIPlugin
2025-05-03 21:05:51,197 [INFO] PluginManager:220 - loadIPPluginJar : add mdma
2025-05-03 21:05:51,202 [INFO] IPUIPlugin:80 - create IPUIPlugin
2025-05-03 21:05:51,202 [INFO] PluginManager:220 - loadIPPluginJar : add nvic
2025-05-03 21:05:51,205 [INFO] IPUIPlugin:80 - create IPUIPlugin
2025-05-03 21:05:51,205 [INFO] PluginManager:220 - loadIPPluginJar : add opamp
2025-05-03 21:05:51,210 [INFO] IPUIPlugin:80 - create IPUIPlugin
2025-05-03 21:05:51,210 [INFO] PluginManager:220 - loadIPPluginJar : add openamp
2025-05-03 21:05:51,214 [INFO] IPUIPlugin:80 - create IPUIPlugin
2025-05-03 21:05:51,214 [INFO] PluginManager:220 - loadIPPluginJar : add pdm2pcm
2025-05-03 21:05:51,221 [INFO] IPUIPlugin:80 - create IPUIPlugin
2025-05-03 21:05:51,224 [INFO] PluginManager:220 - loadIPPluginJar : add plateformsettings
2025-05-03 21:05:51,226 [INFO] IPUIPlugin:80 - create IPUIPlugin
2025-05-03 21:05:51,226 [INFO] PluginManager:220 - loadIPPluginJar : add quadspi
2025-05-03 21:05:51,228 [INFO] IPUIPlugin:80 - create IPUIPlugin
2025-05-03 21:05:51,229 [INFO] PluginManager:220 - loadIPPluginJar : add radio
2025-05-03 21:05:51,233 [INFO] IPUIPlugin:80 - create IPUIPlugin
2025-05-03 21:05:51,234 [INFO] PluginManager:220 - loadIPPluginJar : add resmgrutility
2025-05-03 21:05:51,237 [INFO] IPUIPlugin:80 - create IPUIPlugin
2025-05-03 21:05:51,237 [INFO] PluginManager:220 - loadIPPluginJar : add sai
2025-05-03 21:05:51,239 [INFO] IPUIPlugin:80 - create IPUIPlugin
2025-05-03 21:05:51,239 [INFO] PluginManager:220 - loadIPPluginJar : add spi
2025-05-03 21:05:51,245 [INFO] IPUIPlugin:80 - create IPUIPlugin
2025-05-03 21:05:51,245 [INFO] PluginManager:220 - loadIPPluginJar : add stm32_wpan
2025-05-03 21:05:51,248 [INFO] IPUIPlugin:80 - create IPUIPlugin
2025-05-03 21:05:51,248 [INFO] PluginManager:220 - loadIPPluginJar : add tim
2025-05-03 21:05:51,251 [INFO] IPUIPlugin:80 - create IPUIPlugin
2025-05-03 21:05:51,252 [INFO] PluginManager:220 - loadIPPluginJar : add touchsensing
2025-05-03 21:05:51,254 [INFO] IPUIPlugin:80 - create IPUIPlugin
2025-05-03 21:05:51,254 [INFO] PluginManager:220 - loadIPPluginJar : add tracer_emb
2025-05-03 21:05:51,257 [INFO] IPUIPlugin:80 - create IPUIPlugin
2025-05-03 21:05:51,257 [INFO] PluginManager:220 - loadIPPluginJar : add ts
2025-05-03 21:05:51,258 [INFO] IPUIPlugin:80 - create IPUIPlugin
2025-05-03 21:05:51,258 [INFO] PluginManager:220 - loadIPPluginJar : add tsc
2025-05-03 21:05:51,264 [INFO] IPUIPlugin:80 - create IPUIPlugin
2025-05-03 21:05:51,264 [INFO] PluginManager:220 - loadIPPluginJar : add ucpd
2025-05-03 21:05:51,267 [INFO] IPUIPlugin:80 - create IPUIPlugin
2025-05-03 21:05:51,267 [INFO] PluginManager:220 - loadIPPluginJar : add usart
2025-05-03 21:05:51,270 [INFO] IPUIPlugin:80 - create IPUIPlugin
2025-05-03 21:05:51,270 [INFO] PluginManager:220 - loadIPPluginJar : add usbx
2025-05-03 21:05:51,397 [FATAL] Updater:351 - Updater called before beeing initialized
2025-05-03 21:05:51,417 [INFO] RulesReader:64 - Compatibility file has been processed (301 Rules)
2025-05-03 21:05:51,426 [INFO] RulesReader:64 - Compatibility file has been processed (301 Rules)
2025-05-03 21:05:51,435 [INFO] CADModel:165 - CPN selected for project level
2025-05-03 21:05:51,435 [INFO] CADModel:114 - Register for checkConnection events
2025-05-03 21:05:51,435 [FATAL] Updater:351 - Updater called before beeing initialized
2025-05-03 21:05:51,435 [ERROR] CADModel:125 - Updater not yet initialized, retry later 
2025-05-03 21:05:51,577 [FATAL] Updater:351 - Updater called before beeing initialized
2025-05-03 21:05:51,579 [INFO] CADModel:165 - CPN selected for project level
2025-05-03 21:05:51,579 [INFO] CADModel:114 - Register for checkConnection events
2025-05-03 21:05:51,579 [FATAL] Updater:351 - Updater called before beeing initialized
2025-05-03 21:05:51,579 [ERROR] CADModel:125 - Updater not yet initialized, retry later 
2025-05-03 21:05:51,582 [FATAL] Updater:351 - Updater called before beeing initialized
2025-05-03 21:05:51,700 [FATAL] Updater:351 - Updater called before beeing initialized
2025-05-03 21:05:51,705 [INFO] DbMcusAds:53 - JSON generation date=Thu Mar 06 09:54:22 EST 2025 (1741272862204)
2025-05-03 21:05:51,705 [FATAL] Updater:351 - Updater called before beeing initialized
2025-05-03 21:05:51,746 [WARN] DetailPanel:346 - Failed to get advertising image, set to default
2025-05-03 21:05:51,999 [FATAL] Updater:351 - Updater called before beeing initialized
2025-05-03 21:05:52,001 [FATAL] Updater:351 - Updater called before beeing initialized
2025-05-03 21:05:52,001 [FATAL] Updater:351 - Updater called before beeing initialized
2025-05-03 21:05:52,001 [WARN] DetailPanel:346 - Failed to get advertising image, set to default
2025-05-03 21:05:52,002 [FATAL] Updater:351 - Updater called before beeing initialized
2025-05-03 21:05:52,053 [ERROR] Updater:1198 - MainUpdater not yet initialized. External WinMGr cannot be set.
2025-05-03 21:05:52,055 [INFO] Updater:1134 - Updater Version found : 6.14.0
2025-05-03 21:05:52,072 [INFO] ApplicationProperties:184 - Using Application install path: C:\ST\STM32CubeIDE_1.15.0\STM32CubeIDE\plugins\com.st.stm32cube.common.mx_6.14.0.202502271554
2025-05-03 21:05:52,609 [INFO] MainUpdater:2872 - connection check result : 10
2025-05-03 21:05:52,611 [INFO] MainUpdater:289 - Updater Check For Update Now.
2025-05-03 21:05:52,611 [INFO] MicroXplorer:498 - Change Database Version : DB.6.0.140
2025-05-03 21:05:52,620 [INFO] McuFinderGlobals:63 - Set McuFinder mode to 2 (CubeIDE integrated)
2025-05-03 21:05:52,621 [INFO] UserAuth:486 - Internet connection configuration mode: 1
2025-05-03 21:05:52,656 [INFO] JxBrowserEngine:152 - Initiate JxBrowser Engine with user profile folder
2025-05-03 21:05:52,812 [INFO] CheckServerUpdateThread:120 - End of CheckServer Thread
2025-05-03 21:05:54,114 [WARN] PackLoader:240 - Cannot read IP mode file for STMicroelectronics.FP-SNS-MOTENVWB1.1.4.0
2025-05-03 21:05:54,124 [WARN] PackLoader:240 - Cannot read IP mode file for STMicroelectronics.FP-ATR-ASTRA1.2.0.2
2025-05-03 21:05:54,129 [WARN] PackLoader:240 - Cannot read IP mode file for STMicroelectronics.FP-ATR-ASTRA1.2.0.1
2025-05-03 21:05:54,144 [WARN] PackLoader:240 - Cannot read IP mode file for STMicroelectronics.X-CUBE-SMBUS.2.1.0
2025-05-03 21:05:54,156 [WARN] PackLoader:240 - Cannot read IP mode file for STMicroelectronics.X-CUBE-WB05N.1.1.0
2025-05-03 21:05:54,164 [WARN] PackLoader:240 - Cannot read IP mode file for STMicroelectronics.X-CUBE-TOUCHGFX.4.23.2
2025-05-03 21:05:54,202 [WARN] PackLoader:240 - Cannot read IP mode file for STMicroelectronics.X-CUBE-AZRTOS-F7.1.1.0
2025-05-03 21:05:54,273 [WARN] PackLoader:240 - Cannot read IP mode file for STMicroelectronics.X-CUBE-MEMS1.11.0.0
2025-05-03 21:05:54,338 [INFO] WebApp:169 - Instantiating new browser for Auth
2025-05-03 21:05:54,506 [WARN] PackLoader:240 - Cannot read IP mode file for STMicroelectronics.FP-SNS-FLIGHT1.5.0.2
2025-05-03 21:05:54,518 [WARN] PackLoader:240 - Cannot read IP mode file for STMicroelectronics.X-CUBE-DISPLAY.3.0.0
2025-05-03 21:05:54,530 [WARN] PackLoader:240 - Cannot read IP mode file for STMicroelectronics.X-CUBE-BLE1.7.0.0
2025-05-03 21:05:54,541 [WARN] PackLoader:240 - Cannot read IP mode file for STMicroelectronics.X-CUBE-NFC10.1.0.0
2025-05-03 21:05:54,558 [WARN] PackLoader:240 - Cannot read IP mode file for STMicroelectronics.X-CUBE-BLEMGR.4.0.0
2025-05-03 21:05:54,570 [WARN] PackLoader:240 - Cannot read IP mode file for emotas.I-CUBE-CANOPEN.1.3.0
2025-05-03 21:05:54,580 [WARN] PackLoader:240 - Cannot read IP mode file for STMicroelectronics.X-CUBE-BLEMGR.3.1.0
2025-05-03 21:05:54,587 [WARN] PackLoader:240 - Cannot read IP mode file for STMicroelectronics.X-CUBE-AI.10.0.0
2025-05-03 21:05:54,592 [WARN] PackLoader:240 - Cannot read IP mode file for STMicroelectronics.FP-SNS-SMARTAG2.1.2.0
2025-05-03 21:05:54,595 [WARN] PackLoader:240 - Cannot read IP mode file for STMicroelectronics.FP-SNS-FLIGHT1.5.1.0
2025-05-03 21:05:54,643 [WARN] PackLoader:240 - Cannot read IP mode file for STMicroelectronics.X-CUBE-MEMS1.11.1.0
2025-05-03 21:05:54,753 [INFO] LogOutputStream:77 - [STDOUT_REDIRECT] 1 : Invalid condition id : UX_CORESTACK_Condition cause : null
2025-05-03 21:05:54,754 [INFO] LogOutputStream:77 - [STDOUT_REDIRECT] 1 : Invalid condition id : UX_CORESTACK_Condition cause : null
2025-05-03 21:05:54,756 [INFO] LogOutputStream:77 - [STDOUT_REDIRECT] 1 : Invalid condition id : UX_CORESTACK_Condition cause : null
2025-05-03 21:05:54,758 [INFO] LogOutputStream:77 - [STDOUT_REDIRECT] 1 : Invalid condition id : UX_CORESTACK_Condition cause : null
2025-05-03 21:05:54,759 [INFO] LogOutputStream:77 - [STDOUT_REDIRECT] 1 : Invalid condition id : UX_CORESTACK_Condition cause : null
2025-05-03 21:05:54,762 [WARN] PackLoader:240 - Cannot read IP mode file for STMicroelectronics.X-CUBE-AZRTOS-WL.2.0.0
2025-05-03 21:05:54,768 [WARN] PackLoader:240 - Cannot read IP mode file for STMicroelectronics.FP-SNS-MOTENV1.5.0.0
2025-05-03 21:05:54,773 [WARN] PackLoader:240 - Cannot read IP mode file for wolfSSL.I-CUBE-wolfMQTT.1.19.0
2025-05-03 21:05:54,782 [WARN] PackLoader:240 - Cannot read IP mode file for WES.I-CUBE-Cesium.1.3.0
2025-05-03 21:05:54,787 [WARN] PackLoader:240 - Cannot read IP mode file for STMicroelectronics.X-CUBE-BLE2.3.3.0
2025-05-03 21:05:54,794 [WARN] PackLoader:240 - Cannot read IP mode file for STMicroelectronics.X-CUBE-NFC9.1.0.0
2025-05-03 21:05:54,799 [WARN] PackLoader:240 - Cannot read IP mode file for STMicroelectronics.X-CUBE-BLE1.7.1.0
2025-05-03 21:05:54,805 [WARN] PackLoader:240 - Cannot read IP mode file for STMicroelectronics.X-CUBE-TCPP.4.1.0
2025-05-03 21:05:54,810 [WARN] PackLoader:240 - Cannot read IP mode file for STMicroelectronics.X-CUBE-ALGOBUILD.1.3.0
2025-05-03 21:05:54,844 [WARN] PackLoader:240 - Cannot read IP mode file for STMicroelectronics.X-CUBE-MEMS1.11.2.0
2025-05-03 21:05:54,974 [WARN] PackLoader:240 - Cannot read IP mode file for STMicroelectronics.X-CUBE-AZRTOS-G0.1.1.0
2025-05-03 21:05:54,982 [WARN] PackLoader:240 - Cannot read IP mode file for STMicroelectronics.X-CUBE-SAFEA1.1.2.2
2025-05-03 21:05:54,988 [WARN] PackLoader:240 - Cannot read IP mode file for STMicroelectronics.X-CUBE-NFC4.3.0.0
2025-05-03 21:05:54,991 [WARN] PackLoader:240 - Cannot read IP mode file for wolfSSL.I-CUBE-wolfMQTT.1.18.0
2025-05-03 21:05:54,999 [WARN] PackLoader:240 - Cannot read IP mode file for EmbeddedOffice.I-CUBE-FS-RTOS.1.0.1
2025-05-03 21:05:55,004 [WARN] PackLoader:240 - Cannot read IP mode file for STMicroelectronics.X-CUBE-WB05N.2.0.0
2025-05-03 21:05:55,010 [WARN] PackLoader:240 - Cannot read IP mode file for STMicroelectronics.X-CUBE-TCPP.4.2.0
2025-05-03 21:05:55,016 [WARN] PackLoader:240 - Cannot read IP mode file for RealThread.X-CUBE-RT-Thread_Nano.4.1.1
2025-05-03 21:05:55,020 [WARN] PackLoader:240 - Cannot read IP mode file for wolfSSL.I-CUBE-wolfSSL.5.7.0
2025-05-03 21:05:55,025 [WARN] PackLoader:240 - Cannot read IP mode file for STMicroelectronics.FP-ATR-SIGFOX1.3.2.0
2025-05-03 21:05:55,030 [WARN] ConditionMgr:438 - getConditionDescription Invalid condition id : Cortex-A Device cause : null
2025-05-03 21:05:55,044 [WARN] ConditionMgr:1044 - genDependencies : Invalid condition id : Cortex-A Device cause : null
2025-05-03 21:05:55,045 [WARN] ConditionMgr:1044 - genDependencies : Invalid condition id : Cortex-A Device cause : null
2025-05-03 21:05:55,045 [WARN] ConditionMgr:1044 - genDependencies : Invalid condition id : Cortex-A Device cause : null
2025-05-03 21:05:55,050 [WARN] PackLoader:240 - Cannot read IP mode file for STMicroelectronics.X-CUBE-EEPRMA1.5.1.0
2025-05-03 21:05:55,058 [WARN] PackLoader:240 - Cannot read IP mode file for ITTIA_DB.I-CUBE-ITTIADB.8.9.0
2025-05-03 21:05:55,079 [WARN] PackLoader:240 - Cannot read IP mode file for SEGGER.I-CUBE-embOS.1.3.1
2025-05-03 21:05:55,125 [WARN] PackLoader:240 - Cannot read IP mode file for STMicroelectronics.X-CUBE-ALGOBUILD.1.4.0
2025-05-03 21:05:55,130 [WARN] PackLoader:240 - Cannot read IP mode file for STMicroelectronics.X-CUBE-AI.9.1.0
2025-05-03 21:05:55,139 [WARN] PackLoader:240 - Cannot read IP mode file for STMicroelectronics.X-CUBE-GNSS1.6.0.0
2025-05-03 21:05:55,164 [WARN] PackLoader:240 - Cannot read IP mode file for STMicroelectronics.X-CUBE-AZRTOS-F4.1.1.0
2025-05-03 21:05:55,173 [WARN] PackLoader:240 - Cannot read IP mode file for Avnet-IotConnect.X-CUBE-IoTC-DA16k-PMOD.1.0.0
2025-05-03 21:05:55,180 [WARN] PackLoader:240 - Cannot read IP mode file for STMicroelectronics.X-CUBE-ISPU.2.1.0
2025-05-03 21:05:55,214 [WARN] PackLoader:240 - Cannot read IP mode file for STMicroelectronics.X-CUBE-FREERTOS.1.2.0
2025-05-03 21:05:55,243 [WARN] PackLoader:240 - Cannot read IP mode file for STMicroelectronics.X-CUBE-AZRTOS-L5.2.0.0
2025-05-03 21:05:55,257 [WARN] PackLoader:240 - Cannot read IP mode file for STMicroelectronics.X-CUBE-NFC6.3.1.0
2025-05-03 21:05:55,268 [WARN] PackLoader:240 - Cannot read IP mode file for STMicroelectronics.X-CUBE-DPower.1.2.0
2025-05-03 21:05:55,274 [WARN] PackLoader:240 - Cannot read IP mode file for STMicroelectronics.X-CUBE-AI.9.0.0
2025-05-03 21:05:55,284 [WARN] PackLoader:240 - Cannot read IP mode file for STMicroelectronics.X-CUBE-FREERTOS.1.3.0
2025-05-03 21:05:55,290 [WARN] PackLoader:240 - Cannot read IP mode file for STMicroelectronics.X-CUBE-NFC7.1.0.1
2025-05-03 21:05:55,294 [WARN] PackLoader:240 - Cannot read IP mode file for wolfSSL.I-CUBE-wolfTPM.3.2.0
2025-05-03 21:05:55,298 [WARN] PackLoader:240 - Cannot read IP mode file for STMicroelectronics.X-CUBE-DPower.1.3.0
2025-05-03 21:05:55,301 [WARN] PackLoader:240 - Cannot read IP mode file for STMicroelectronics.X-CUBE-AI.8.1.0
2025-05-03 21:05:55,313 [WARN] ConditionMgr:438 - getConditionDescription Invalid condition id : LAN8742 Phy interface Condition cause : null
2025-05-03 21:05:55,314 [WARN] PackLoader:240 - Cannot read IP mode file for STMicroelectronics.X-CUBE-AZRTOS-L4.2.0.0
2025-05-03 21:05:55,315 [WARN] ConditionMgr:1044 - genDependencies : Invalid condition id : LAN8742 Phy interface Condition cause : null
2025-05-03 21:05:55,315 [WARN] ConditionMgr:1044 - genDependencies : Invalid condition id : LAN8742 Phy interface Condition cause : null
2025-05-03 21:05:55,315 [WARN] ConditionMgr:1044 - genDependencies : Invalid condition id : LAN8742 Phy interface Condition cause : null
2025-05-03 21:05:55,322 [WARN] PackLoader:240 - Cannot read IP mode file for STMicroelectronics.X-CUBE-SFXS2LP1.4.0.0
2025-05-03 21:05:55,337 [WARN] PackLoader:240 - Cannot read IP mode file for STMicroelectronics.X-CUBE-AZRTOS-H7.3.3.0
2025-05-03 21:05:55,347 [WARN] PackLoader:240 - Cannot read IP mode file for STMicroelectronics.X-CUBE-IPS.3.0.0
2025-05-03 21:05:55,360 [WARN] ConditionMgr:438 - getConditionDescription Invalid condition id : UX DEVICE CLASS RTOS Condition cause : null
2025-05-03 21:05:55,360 [WARN] ConditionMgr:438 - getConditionDescription Invalid condition id : UX DEVICE CLASS RTOS Condition cause : null
2025-05-03 21:05:55,362 [WARN] PackLoader:240 - Cannot read IP mode file for STMicroelectronics.X-CUBE-AZRTOS-WB.2.0.0
2025-05-03 21:05:55,362 [WARN] ConditionMgr:1044 - genDependencies : Invalid condition id : UX DEVICE CLASS RTOS Condition cause : null
2025-05-03 21:05:55,362 [WARN] ConditionMgr:1044 - genDependencies : Invalid condition id : UX DEVICE CLASS RTOS Condition cause : null
2025-05-03 21:05:55,362 [WARN] ConditionMgr:1044 - genDependencies : Invalid condition id : UX DEVICE CLASS RTOS Condition cause : null
2025-05-03 21:05:55,362 [WARN] ConditionMgr:1044 - genDependencies : Invalid condition id : UX DEVICE CLASS RTOS Condition cause : null
2025-05-03 21:05:55,363 [WARN] ConditionMgr:1044 - genDependencies : Invalid condition id : UX DEVICE CLASS RTOS Condition cause : null
2025-05-03 21:05:55,367 [WARN] PackLoader:240 - Cannot read IP mode file for STMicroelectronics.X-CUBE-GNSS1.7.0.0
2025-05-03 21:05:55,372 [WARN] PackLoader:240 - Cannot read IP mode file for STMicroelectronics.X-CUBE-GNSS1.7.0.1
2025-05-03 21:05:55,375 [WARN] PackLoader:240 - Cannot read IP mode file for STMicroelectronics.X-CUBE-TOUCHGFX.4.25.0
2025-05-03 21:05:55,380 [WARN] PackLoader:240 - Cannot read IP mode file for STMicroelectronics.FP-SNS-STBOX1.2.0.0
2025-05-03 21:05:55,389 [WARN] PackLoader:240 - Cannot read IP mode file for STMicroelectronics.X-CUBE-SUBG2.5.0.0
2025-05-03 21:05:55,405 [WARN] PackLoader:240 - Cannot read IP mode file for STMicroelectronics.X-CUBE-AZRTOS-H7RS.1.1.0
2025-05-03 21:05:55,424 [WARN] PackLoader:240 - Cannot read IP mode file for STMicroelectronics.X-CUBE-AZRTOS-G4.2.0.0
2025-05-03 21:05:55,430 [WARN] PackLoader:240 - Cannot read IP mode file for STMicroelectronics.X-CUBE-NFC7.2.0.0
2025-05-03 21:05:55,433 [WARN] PackLoader:240 - Cannot read IP mode file for STMicroelectronics.FP-SNS-MOTENVWB1.1.3.1
2025-05-03 21:05:55,436 [WARN] PackLoader:240 - Cannot read IP mode file for STMicroelectronics.X-CUBE-ISPU.2.0.0
2025-05-03 21:05:55,445 [WARN] PackLoader:240 - Cannot read IP mode file for STMicroelectronics.X-CUBE-IPS.3.1.0
2025-05-03 21:05:55,454 [WARN] PackLoader:240 - Cannot read IP mode file for STMicroelectronics.X-CUBE-ALS.1.0.2
2025-05-03 21:05:55,479 [WARN] PackLoader:240 - Cannot read IP mode file for STMicroelectronics.X-CUBE-MEMS1.10.0.0
2025-05-03 21:05:55,550 [WARN] PackLoader:240 - Cannot read IP mode file for STMicroelectronics.X-CUBE-FREERTOS.1.1.0
2025-05-03 21:05:55,553 [WARN] PackLoader:240 - Cannot read IP mode file for STMicroelectronics.X-CUBE-TOUCHGFX.4.24.0
2025-05-03 21:05:55,557 [WARN] PackLoader:240 - Cannot read IP mode file for STMicroelectronics.X-CUBE-TOUCHGFX.4.24.2
2025-05-03 21:05:55,561 [WARN] PackLoader:240 - Cannot read IP mode file for STMicroelectronics.X-CUBE-TOUCHGFX.4.24.1
2025-05-03 21:05:55,568 [WARN] PackLoader:240 - Cannot read IP mode file for portGmbH.I-Cube-SoM-uGOAL.1.1.0
2025-05-03 21:05:55,572 [WARN] PackLoader:240 - Cannot read IP mode file for STMicroelectronics.X-CUBE-ALS.1.0.1
2025-05-03 21:05:55,601 [WARN] PackLoader:240 - Cannot read IP mode file for STMicroelectronics.X-CUBE-AZRTOS-H7RS.1.0.0
2025-05-03 21:05:55,611 [WARN] PackLoader:240 - Cannot read IP mode file for STMicroelectronics.FP-ATR-ASTRA1.2.0.0
2025-05-03 21:05:55,626 [WARN] PackLoader:240 - Cannot read IP mode file for STMicroelectronics.X-CUBE-TOF1.3.4.2
2025-05-03 21:05:55,651 [WARN] PackLoader:240 - Cannot read IP mode file for STMicroelectronics.X-CUBE-TOF1.3.4.3
2025-05-03 21:05:55,685 [WARN] PackLoader:240 - Cannot read IP mode file for STMicroelectronics.X-CUBE-TOF1.3.4.1
2025-05-03 21:05:55,717 [WARN] PackLoader:240 - Cannot read IP mode file for STMicroelectronics.X-CUBE-AZRTOS-H7.3.2.0
2025-05-03 21:05:55,735 [WARN] PackLoader:240 - Cannot read IP mode file for Infineon.AIROC-Wi-Fi-Bluetooth-STM32.1.6.0
2025-05-03 21:05:55,744 [WARN] PackLoader:240 - Cannot read IP mode file for wolfSSL.I-CUBE-wolfSSH.1.4.17
2025-05-03 21:05:55,745 [INFO] ThirdParty:978 - Integrity check success = true
2025-05-03 21:05:55,745 [INFO] IntegrityCheckThread:100 - exiting critical section [integrity check]
2025-05-03 21:05:55,745 [INFO] IntegrityCheckThread:103 - End integrity checks thread
2025-05-03 21:05:55,768 [INFO] WebApp:463 - Apply proxy settings
2025-05-03 21:05:55,769 [INFO] WebApp:548 - Chromium requires no authentication
2025-05-03 21:05:55,780 [INFO] WebApp:491 - Direct internet connection detected
2025-05-03 21:05:55,821 [INFO] WebApp:894 - Register for checkConnection events
2025-05-03 21:05:55,821 [INFO] WebApp:463 - Apply proxy settings
2025-05-03 21:05:55,821 [INFO] WebApp:548 - Chromium requires no authentication
2025-05-03 21:05:55,822 [INFO] WebApp:491 - Direct internet connection detected
2025-05-03 21:05:56,011 [INFO] WebApp:225 - Starting web application
2025-05-03 21:05:56,012 [INFO] WebApp:593 - Web application path used C:\ST\STM32CubeIDE_1.15.0\STM32CubeIDE\plugins\com.st.stm32cube.common.mx_6.14.0.202502271554\db\plugins\mcufinder\reactClient1\index.html
2025-05-03 21:05:56,162 [INFO] WebApp:191 - Connection restablished
2025-05-03 21:05:56,179 [INFO] UserAuth:486 - Internet connection configuration mode: 1
2025-05-03 21:06:12,594 [INFO] WebApp:194 - Connection lost
2025-05-03 21:06:12,739 [INFO] WebApp:191 - Connection restablished
