2025-04-26 16:40:00,749 [INFO] Activator:176 - 


2025-04-26 16:40:00,762 [INFO] Activator:177 - !SESSION log4j initialized
2025-04-26 16:40:08,147 [INFO] LogOutputStream:77 - [STDOUT_REDIRECT] 
2025-04-26 16:40:14,632 [INFO] ApplicationProperties:184 - Using Application install path: C:\ST\STM32CubeIDE_1.15.0\STM32CubeIDE\plugins\com.st.stm32cube.common.mx_6.14.0.202502271554
2025-04-26 16:40:14,652 [INFO] DbMcusXml:78 - Set database path to: C:\ST\STM32CubeIDE_1.15.0\STM32CubeIDE\plugins\com.st.stm32cube.common.mx_6.14.0.202502271554\\db\/mcu/
2025-04-26 16:40:14,652 [INFO] ApiDb:274 - Set plugin database path to: C:\ST\STM32CubeIDE_1.15.0\STM32CubeIDE\plugins\com.st.stm32cube.common.mx_6.14.0.202502271554\\db\/plugins/boardmanager/
2025-04-26 16:40:14,652 [WARN] ApiDb:259 - Overriding images path with different value:  => C:\ST\STM32CubeIDE_1.15.0\STM32CubeIDE\plugins\com.st.stm32cube.common.mx_6.14.0.202502271554\\db\/plugins/mcufinder/images/
2025-04-26 16:40:14,659 [INFO] ApiDb:250 - Set database path to: C:\Users\gagno\.stmcufinder\plugins\mcufinder//mcu/
2025-04-26 16:40:14,660 [INFO] DbMcusAds:125 - Set database path to: C:\Users\gagno\.stmcufinder\plugins\mcufinder//mcu/
2025-04-26 16:40:14,662 [INFO] CrossReferenceDbSqlite:203 - Set database path to: C:\Users\gagno\.stmcufinder\plugins\mcufinder//mcu/cs/
2025-04-26 16:40:14,783 [INFO] RulesReader:64 - Compatibility file has been processed (301 Rules)
2025-04-26 16:40:14,877 [INFO] DbMcusXml:78 - Set database path to: C:\ST\STM32CubeIDE_1.15.0\STM32CubeIDE\plugins\com.st.stm32cube.common.mx_6.14.0.202502271554\\db\/mcu/
2025-04-26 16:40:14,877 [INFO] ApiDb:274 - Set plugin database path to: C:\ST\STM32CubeIDE_1.15.0\STM32CubeIDE\plugins\com.st.stm32cube.common.mx_6.14.0.202502271554\\db\/plugins/boardmanager/
2025-04-26 16:40:14,877 [INFO] ApiDb:261 - Set plugin images path to: C:\ST\STM32CubeIDE_1.15.0\STM32CubeIDE\plugins\com.st.stm32cube.common.mx_6.14.0.202502271554\\db\/plugins/mcufinder/images/
2025-04-26 16:40:14,877 [WARN] DbFile:41 - Overriding database path with different value: C:\Users\gagno\.stmcufinder\plugins\mcufinder/ => C:\Users\gagno\.stmcufinder\plugins\mcufinder
2025-04-26 16:40:14,878 [INFO] ApiDb:250 - Set database path to: C:\Users\gagno\.stmcufinder\plugins\mcufinder//mcu/
2025-04-26 16:40:14,878 [WARN] DbFile:41 - Overriding database path with different value: C:\Users\gagno\.stmcufinder\plugins\mcufinder/ => C:\Users\gagno\.stmcufinder\plugins\mcufinder
2025-04-26 16:40:14,878 [INFO] DbMcusAds:125 - Set database path to: C:\Users\gagno\.stmcufinder\plugins\mcufinder//mcu/
2025-04-26 16:40:14,878 [WARN] DbFile:41 - Overriding database path with different value: C:\Users\gagno\.stmcufinder\plugins\mcufinder/ => C:\Users\gagno\.stmcufinder\plugins\mcufinder
2025-04-26 16:40:14,878 [WARN] DbFile:41 - Overriding database path with different value: C:\Users\gagno\.stmcufinder\plugins\mcufinder/ => C:\Users\gagno\.stmcufinder\plugins\mcufinder
2025-04-26 16:40:14,878 [INFO] CrossReferenceDbSqlite:203 - Set database path to: C:\Users\gagno\.stmcufinder\plugins\mcufinder//mcu/cs/
2025-04-26 16:40:14,963 [INFO] MainPanel:272 - HeapMemory: 268435456
2025-04-26 16:40:15,090 [INFO] DbMcusXml:78 - Set database path to: C:\ST\STM32CubeIDE_1.15.0\STM32CubeIDE\plugins\com.st.stm32cube.common.mx_6.14.0.202502271554\\db\/mcu/
2025-04-26 16:40:15,090 [INFO] ApiDb:274 - Set plugin database path to: C:\ST\STM32CubeIDE_1.15.0\STM32CubeIDE\plugins\com.st.stm32cube.common.mx_6.14.0.202502271554\\db\/plugins/boardmanager/
2025-04-26 16:40:15,090 [INFO] ApiDb:261 - Set plugin images path to: C:\ST\STM32CubeIDE_1.15.0\STM32CubeIDE\plugins\com.st.stm32cube.common.mx_6.14.0.202502271554\\db\/plugins/mcufinder/images/
2025-04-26 16:40:15,091 [WARN] DbFile:41 - Overriding database path with different value: C:\Users\gagno\.stmcufinder\plugins\mcufinder/ => C:\Users\gagno\.stmcufinder\plugins\mcufinder
2025-04-26 16:40:15,091 [INFO] ApiDb:250 - Set database path to: C:\Users\gagno\.stmcufinder\plugins\mcufinder//mcu/
2025-04-26 16:40:15,091 [WARN] DbFile:41 - Overriding database path with different value: C:\Users\gagno\.stmcufinder\plugins\mcufinder/ => C:\Users\gagno\.stmcufinder\plugins\mcufinder
2025-04-26 16:40:15,091 [INFO] DbMcusAds:125 - Set database path to: C:\Users\gagno\.stmcufinder\plugins\mcufinder//mcu/
2025-04-26 16:40:15,091 [WARN] DbFile:41 - Overriding database path with different value: C:\Users\gagno\.stmcufinder\plugins\mcufinder/ => C:\Users\gagno\.stmcufinder\plugins\mcufinder
2025-04-26 16:40:15,091 [WARN] DbFile:41 - Overriding database path with different value: C:\Users\gagno\.stmcufinder\plugins\mcufinder/ => C:\Users\gagno\.stmcufinder\plugins\mcufinder
2025-04-26 16:40:15,091 [INFO] CrossReferenceDbSqlite:203 - Set database path to: C:\Users\gagno\.stmcufinder\plugins\mcufinder//mcu/cs/
2025-04-26 16:40:15,111 [INFO] ApplicationProperties:184 - Using Application install path: C:\ST\STM32CubeIDE_1.15.0\STM32CubeIDE\plugins\com.st.stm32cube.common.mx_6.14.0.202502271554
2025-04-26 16:40:15,113 [INFO] PluginManage:196 - Search for loadable plugins [exclusion list=, ]
2025-04-26 16:40:15,114 [INFO] PluginManage:310 - Check plugin analytics
2025-04-26 16:40:20,286 [INFO] AnalyticsPlugin:253 - Accepted Software Licenses: 
2025-04-26 16:40:20,286 [INFO] AnalyticsPlugin:255 - Accepted CMSIS Pack Licenses: 
2025-04-26 16:40:20,286 [INFO] AnalyticsPlugin:257 - Accepted Firmware Licenses: FW.F4.1.28.0
2025-04-26 16:40:20,290 [INFO] PluginManage:359 - Loaded plugin analytics (category:tool,tabindex:-1)
2025-04-26 16:40:20,290 [INFO] PluginManage:310 - Check plugin cadmodel
2025-04-26 16:40:20,300 [INFO] CADModel:105 - Init CAD model plugin
2025-04-26 16:40:20,301 [INFO] PluginManage:359 - Loaded plugin cadmodel (category:power,tabindex:5)
2025-04-26 16:40:20,301 [INFO] PluginManage:310 - Check plugin clock
2025-04-26 16:40:20,315 [INFO] PluginManage:359 - Loaded plugin clock (category:base,tabindex:2)
2025-04-26 16:40:20,316 [INFO] PluginManage:310 - Check plugin ddr
2025-04-26 16:40:20,319 [INFO] PluginManage:359 - Loaded plugin ddr (category:tool,tabindex:6)
2025-04-26 16:40:20,319 [INFO] PluginManage:310 - Check plugin filemanager
2025-04-26 16:40:20,494 [INFO] PluginManage:359 - Loaded plugin filemanager (category:base,tabindex:10)
2025-04-26 16:40:20,495 [INFO] PluginManage:310 - Check plugin ipmanager
2025-04-26 16:40:20,501 [INFO] PluginManage:359 - Loaded plugin ipmanager (category:base,tabindex:5)
2025-04-26 16:40:20,501 [INFO] PluginManage:310 - Check plugin lpbam
2025-04-26 16:40:20,509 [INFO] PluginManage:359 - Loaded plugin lpbam (category:base,tabindex:0)
2025-04-26 16:40:20,510 [INFO] PluginManage:310 - Check plugin memorymap
2025-04-26 16:40:20,524 [INFO] PluginManage:359 - Loaded plugin memorymap (category:base,tabindex:4)
2025-04-26 16:40:20,524 [INFO] PluginManage:310 - Check plugin pinoutandconfiguration
2025-04-26 16:40:20,534 [INFO] PluginManage:359 - Loaded plugin pinoutandconfiguration (category:base,tabindex:1)
2025-04-26 16:40:20,534 [INFO] PluginManage:310 - Check plugin pinoutconfig
2025-04-26 16:40:20,623 [WARN] SupportedApi:132 - Cannot load RTOS API schema: s4s-elt-must-match.1: The content of 'definitions' must match (annotation?, (simpleType | complexType)?, (unique | key | keyref)*)). A problem was found starting at: attribute.
2025-04-26 16:40:20,762 [INFO] PluginManage:359 - Loaded plugin pinoutconfig (category:base,tabindex:0)
2025-04-26 16:40:20,762 [INFO] PluginManage:310 - Check plugin power
2025-04-26 16:40:20,773 [INFO] PluginManage:359 - Loaded plugin power (category:power,tabindex:4)
2025-04-26 16:40:20,773 [INFO] PluginManage:310 - Check plugin projectmanager
2025-04-26 16:40:20,792 [INFO] PluginManage:359 - Loaded plugin projectmanager (category:projectmanager,tabindex:4)
2025-04-26 16:40:20,792 [INFO] PluginManage:310 - Check plugin rif
2025-04-26 16:40:20,801 [INFO] PluginManage:359 - Loaded plugin rif (category:base,tabindex:3)
2025-04-26 16:40:20,801 [INFO] PluginManage:310 - Check plugin thirdparty
2025-04-26 16:40:20,959 [INFO] PluginManage:359 - Loaded plugin thirdparty (category:base,tabindex:-1)
2025-04-26 16:40:20,959 [INFO] PluginManage:310 - Check plugin tools
2025-04-26 16:40:20,959 [WARN] IntegrityCheckThread:84 - waiting for thirdparty lock release [integrity check]
2025-04-26 16:40:20,959 [INFO] IntegrityCheckThread:86 - entering critical section [integrity check]
2025-04-26 16:40:20,959 [INFO] ThirdPartyUpdaterWithRetryManager:70 - Updater plugin not ready yet. [1/15]
2025-04-26 16:40:20,964 [INFO] PluginManage:359 - Loaded plugin tools (category:base,tabindex:7)
2025-04-26 16:40:20,964 [INFO] PluginManage:310 - Check plugin tutovideos
2025-04-26 16:40:21,144 [INFO] PluginManage:359 - Loaded plugin tutovideos (category:base,tabindex:-1)
2025-04-26 16:40:21,144 [INFO] PluginManage:310 - Check plugin updater
2025-04-26 16:40:21,167 [INFO] PluginManage:359 - Loaded plugin updater (category:base,tabindex:12)
2025-04-26 16:40:21,168 [INFO] PluginManage:310 - Check plugin userauth
2025-04-26 16:40:21,172 [INFO] UserAuth:118 - Init User Auth plugin
2025-04-26 16:40:21,173 [INFO] PluginManage:359 - Loaded plugin userauth (category:base,tabindex:14)
2025-04-26 16:40:21,173 [INFO] PluginManage:283 - PluginManage : Loaded plugins [18]
2025-04-26 16:40:21,424 [INFO] PinOutPanel:1589 - setPackage(No Configuration,No Configuration)
2025-04-26 16:40:21,519 [INFO] CADModel:165 - CPN selected for project level
2025-04-26 16:40:21,519 [INFO] CADModel:114 - Register for checkConnection events
2025-04-26 16:40:21,539 [INFO] IPUIPlugin:80 - create IPUIPlugin
2025-04-26 16:40:21,539 [INFO] PluginManager:220 - loadIPPluginJar : add adc
2025-04-26 16:40:21,542 [INFO] IPUIPlugin:80 - create IPUIPlugin
2025-04-26 16:40:21,542 [INFO] PluginManager:220 - loadIPPluginJar : add aes
2025-04-26 16:40:21,545 [INFO] IPUIPlugin:80 - create IPUIPlugin
2025-04-26 16:40:21,545 [INFO] PluginManager:220 - loadIPPluginJar : add can
2025-04-26 16:40:21,547 [INFO] IPUIPlugin:80 - create IPUIPlugin
2025-04-26 16:40:21,547 [INFO] PluginManager:220 - loadIPPluginJar : add comp
2025-04-26 16:40:21,550 [INFO] IPUIPlugin:80 - create IPUIPlugin
2025-04-26 16:40:21,550 [INFO] PluginManager:220 - loadIPPluginJar : add cryp
2025-04-26 16:40:21,554 [INFO] IPUIPlugin:80 - create IPUIPlugin
2025-04-26 16:40:21,554 [INFO] PluginManager:220 - loadIPPluginJar : add ddr_ctrl_phy
2025-04-26 16:40:21,557 [INFO] IPUIPlugin:80 - create IPUIPlugin
2025-04-26 16:40:21,557 [INFO] PluginManager:220 - loadIPPluginJar : add dfsdm
2025-04-26 16:40:21,564 [INFO] IPUIPlugin:80 - create IPUIPlugin
2025-04-26 16:40:21,565 [INFO] PluginManager:220 - loadIPPluginJar : add dma
2025-04-26 16:40:21,568 [INFO] IPUIPlugin:80 - create IPUIPlugin
2025-04-26 16:40:21,568 [INFO] PluginManager:220 - loadIPPluginJar : add dma3
2025-04-26 16:40:21,572 [INFO] IPUIPlugin:80 - create IPUIPlugin
2025-04-26 16:40:21,572 [INFO] PluginManager:220 - loadIPPluginJar : add extmemmanager
2025-04-26 16:40:21,575 [INFO] IPUIPlugin:80 - create IPUIPlugin
2025-04-26 16:40:21,575 [INFO] PluginManager:220 - loadIPPluginJar : add fatfs
2025-04-26 16:40:21,579 [INFO] IPUIPlugin:80 - create IPUIPlugin
2025-04-26 16:40:21,580 [INFO] PluginManager:220 - loadIPPluginJar : add fmc
2025-04-26 16:40:21,586 [INFO] IPUIPlugin:80 - create IPUIPlugin
2025-04-26 16:40:21,586 [INFO] PluginManager:220 - loadIPPluginJar : add freertos
2025-04-26 16:40:21,589 [INFO] IPUIPlugin:80 - create IPUIPlugin
2025-04-26 16:40:21,589 [INFO] PluginManager:220 - loadIPPluginJar : add genericplugin
2025-04-26 16:40:21,592 [INFO] IPUIPlugin:80 - create IPUIPlugin
2025-04-26 16:40:21,592 [INFO] PluginManager:220 - loadIPPluginJar : add gfxmmu
2025-04-26 16:40:21,597 [INFO] IPUIPlugin:80 - create IPUIPlugin
2025-04-26 16:40:21,597 [INFO] PluginManager:220 - loadIPPluginJar : add gic
2025-04-26 16:40:21,602 [INFO] IPUIPlugin:80 - create IPUIPlugin
2025-04-26 16:40:21,602 [INFO] PluginManager:220 - loadIPPluginJar : add gpio
2025-04-26 16:40:21,605 [INFO] IPUIPlugin:80 - create IPUIPlugin
2025-04-26 16:40:21,606 [INFO] PluginManager:220 - loadIPPluginJar : add gtzc
2025-04-26 16:40:21,608 [INFO] IPUIPlugin:80 - create IPUIPlugin
2025-04-26 16:40:21,608 [INFO] PluginManager:220 - loadIPPluginJar : add hash
2025-04-26 16:40:21,611 [INFO] IPUIPlugin:80 - create IPUIPlugin
2025-04-26 16:40:21,611 [INFO] PluginManager:220 - loadIPPluginJar : add i2c
2025-04-26 16:40:21,614 [INFO] IPUIPlugin:80 - create IPUIPlugin
2025-04-26 16:40:21,614 [INFO] PluginManager:220 - loadIPPluginJar : add i2s
2025-04-26 16:40:21,617 [INFO] IPUIPlugin:80 - create IPUIPlugin
2025-04-26 16:40:21,618 [INFO] PluginManager:220 - loadIPPluginJar : add i3c
2025-04-26 16:40:21,621 [INFO] IPUIPlugin:80 - create IPUIPlugin
2025-04-26 16:40:21,621 [INFO] PluginManager:220 - loadIPPluginJar : add ipddr
2025-04-26 16:40:21,629 [INFO] IPUIPlugin:80 - create IPUIPlugin
2025-04-26 16:40:21,630 [INFO] PluginManager:220 - loadIPPluginJar : add linkedlist
2025-04-26 16:40:21,633 [INFO] IPUIPlugin:80 - create IPUIPlugin
2025-04-26 16:40:21,633 [INFO] PluginManager:220 - loadIPPluginJar : add lorawan
2025-04-26 16:40:21,635 [INFO] IPUIPlugin:80 - create IPUIPlugin
2025-04-26 16:40:21,635 [INFO] PluginManager:220 - loadIPPluginJar : add ltdc
2025-04-26 16:40:21,641 [INFO] IPUIPlugin:80 - create IPUIPlugin
2025-04-26 16:40:21,641 [INFO] PluginManager:220 - loadIPPluginJar : add mdma
2025-04-26 16:40:21,645 [INFO] IPUIPlugin:80 - create IPUIPlugin
2025-04-26 16:40:21,645 [INFO] PluginManager:220 - loadIPPluginJar : add nvic
2025-04-26 16:40:21,649 [INFO] IPUIPlugin:80 - create IPUIPlugin
2025-04-26 16:40:21,649 [INFO] PluginManager:220 - loadIPPluginJar : add opamp
2025-04-26 16:40:21,654 [INFO] IPUIPlugin:80 - create IPUIPlugin
2025-04-26 16:40:21,655 [INFO] PluginManager:220 - loadIPPluginJar : add openamp
2025-04-26 16:40:21,659 [INFO] IPUIPlugin:80 - create IPUIPlugin
2025-04-26 16:40:21,659 [INFO] PluginManager:220 - loadIPPluginJar : add pdm2pcm
2025-04-26 16:40:21,667 [INFO] IPUIPlugin:80 - create IPUIPlugin
2025-04-26 16:40:21,670 [INFO] PluginManager:220 - loadIPPluginJar : add plateformsettings
2025-04-26 16:40:21,673 [INFO] IPUIPlugin:80 - create IPUIPlugin
2025-04-26 16:40:21,673 [INFO] PluginManager:220 - loadIPPluginJar : add quadspi
2025-04-26 16:40:21,675 [INFO] IPUIPlugin:80 - create IPUIPlugin
2025-04-26 16:40:21,676 [INFO] PluginManager:220 - loadIPPluginJar : add radio
2025-04-26 16:40:21,682 [INFO] IPUIPlugin:80 - create IPUIPlugin
2025-04-26 16:40:21,682 [INFO] PluginManager:220 - loadIPPluginJar : add resmgrutility
2025-04-26 16:40:21,687 [INFO] IPUIPlugin:80 - create IPUIPlugin
2025-04-26 16:40:21,687 [INFO] PluginManager:220 - loadIPPluginJar : add sai
2025-04-26 16:40:21,690 [INFO] IPUIPlugin:80 - create IPUIPlugin
2025-04-26 16:40:21,690 [INFO] PluginManager:220 - loadIPPluginJar : add spi
2025-04-26 16:40:21,697 [INFO] IPUIPlugin:80 - create IPUIPlugin
2025-04-26 16:40:21,697 [INFO] PluginManager:220 - loadIPPluginJar : add stm32_wpan
2025-04-26 16:40:21,700 [INFO] IPUIPlugin:80 - create IPUIPlugin
2025-04-26 16:40:21,700 [INFO] PluginManager:220 - loadIPPluginJar : add tim
2025-04-26 16:40:21,705 [INFO] IPUIPlugin:80 - create IPUIPlugin
2025-04-26 16:40:21,705 [INFO] PluginManager:220 - loadIPPluginJar : add touchsensing
2025-04-26 16:40:21,708 [INFO] IPUIPlugin:80 - create IPUIPlugin
2025-04-26 16:40:21,708 [INFO] PluginManager:220 - loadIPPluginJar : add tracer_emb
2025-04-26 16:40:21,711 [INFO] IPUIPlugin:80 - create IPUIPlugin
2025-04-26 16:40:21,711 [INFO] PluginManager:220 - loadIPPluginJar : add ts
2025-04-26 16:40:21,714 [INFO] IPUIPlugin:80 - create IPUIPlugin
2025-04-26 16:40:21,714 [INFO] PluginManager:220 - loadIPPluginJar : add tsc
2025-04-26 16:40:21,717 [INFO] IPUIPlugin:80 - create IPUIPlugin
2025-04-26 16:40:21,717 [INFO] PluginManager:220 - loadIPPluginJar : add ucpd
2025-04-26 16:40:21,721 [INFO] IPUIPlugin:80 - create IPUIPlugin
2025-04-26 16:40:21,721 [INFO] PluginManager:220 - loadIPPluginJar : add usart
2025-04-26 16:40:21,726 [INFO] IPUIPlugin:80 - create IPUIPlugin
2025-04-26 16:40:21,726 [INFO] PluginManager:220 - loadIPPluginJar : add usbx
2025-04-26 16:40:21,862 [FATAL] Updater:351 - Updater called before beeing initialized
2025-04-26 16:40:21,886 [INFO] RulesReader:64 - Compatibility file has been processed (301 Rules)
2025-04-26 16:40:21,898 [INFO] RulesReader:64 - Compatibility file has been processed (301 Rules)
2025-04-26 16:40:21,906 [INFO] CADModel:165 - CPN selected for project level
2025-04-26 16:40:21,906 [INFO] CADModel:114 - Register for checkConnection events
2025-04-26 16:40:21,907 [FATAL] Updater:351 - Updater called before beeing initialized
2025-04-26 16:40:21,907 [ERROR] CADModel:125 - Updater not yet initialized, retry later 
2025-04-26 16:40:22,068 [FATAL] Updater:351 - Updater called before beeing initialized
2025-04-26 16:40:22,070 [INFO] CADModel:165 - CPN selected for project level
2025-04-26 16:40:22,070 [INFO] CADModel:114 - Register for checkConnection events
2025-04-26 16:40:22,071 [FATAL] Updater:351 - Updater called before beeing initialized
2025-04-26 16:40:22,071 [ERROR] CADModel:125 - Updater not yet initialized, retry later 
2025-04-26 16:40:22,074 [FATAL] Updater:351 - Updater called before beeing initialized
2025-04-26 16:40:22,184 [FATAL] Updater:351 - Updater called before beeing initialized
2025-04-26 16:40:22,187 [INFO] DbMcusAds:53 - JSON generation date=Thu Mar 06 09:54:22 EST 2025 (1741272862204)
2025-04-26 16:40:22,187 [FATAL] Updater:351 - Updater called before beeing initialized
2025-04-26 16:40:22,224 [WARN] DetailPanel:346 - Failed to get advertising image, set to default
2025-04-26 16:40:22,509 [FATAL] Updater:351 - Updater called before beeing initialized
2025-04-26 16:40:22,511 [FATAL] Updater:351 - Updater called before beeing initialized
2025-04-26 16:40:22,511 [FATAL] Updater:351 - Updater called before beeing initialized
2025-04-26 16:40:22,511 [WARN] DetailPanel:346 - Failed to get advertising image, set to default
2025-04-26 16:40:22,512 [FATAL] Updater:351 - Updater called before beeing initialized
2025-04-26 16:40:22,555 [ERROR] Updater:1198 - MainUpdater not yet initialized. External WinMGr cannot be set.
2025-04-26 16:40:22,557 [INFO] Updater:1134 - Updater Version found : 6.14.0
2025-04-26 16:40:22,577 [INFO] ApplicationProperties:184 - Using Application install path: C:\ST\STM32CubeIDE_1.15.0\STM32CubeIDE\plugins\com.st.stm32cube.common.mx_6.14.0.202502271554
2025-04-26 16:40:22,928 [INFO] MainUpdater:2872 - connection check result : 10
2025-04-26 16:40:22,928 [INFO] MainUpdater:3566 - Updater definition file requires update
2025-04-26 16:40:22,929 [INFO] MainUpdater:289 - Updater Check For Update Now.
2025-04-26 16:40:22,929 [INFO] MicroXplorer:498 - Change Database Version : DB.6.0.140
2025-04-26 16:40:22,935 [INFO] McuFinderGlobals:63 - Set McuFinder mode to 2 (CubeIDE integrated)
2025-04-26 16:40:22,936 [INFO] UserAuth:486 - Internet connection configuration mode: 1
2025-04-26 16:40:22,953 [INFO] JxBrowserEngine:152 - Initiate JxBrowser Engine with user profile folder
2025-04-26 16:40:23,000 [INFO] ServerAccessManage:473 - Download File updaters.zip
2025-04-26 16:40:23,072 [INFO] FileExtend:242 - Unzip File : updaters.zip
2025-04-26 16:40:23,072 [INFO] FileExtend:257 - Standard Zip Deflate
2025-04-26 16:40:23,563 [INFO] ServerAccessManage:473 - Download File PacksControlFlags.xml
2025-04-26 16:40:23,621 [INFO] ServerAccessManage:473 - Download File cubemx.pidx
2025-04-26 16:40:23,961 [WARN] MainUpdater:1193 - Updater busy. Cannot search thirdparties
2025-04-26 16:40:23,961 [INFO] ThirdPartyUpdaterWithRetryManager:96 - Updater plugin is busy. [1/15]
2025-04-26 16:40:24,595 [INFO] ServerAccessManage:473 - Download File STMicroelectronics.X-CUBE-MEMS1.pdsc
2025-04-26 16:40:25,046 [INFO] WebApp:169 - Instantiating new browser for Auth
2025-04-26 16:40:25,377 [INFO] ServerAccessManage:473 - Download File STMicroelectronics.X-CUBE-TOF1.pdsc
2025-04-26 16:40:25,958 [ERROR] ServerAccessManage:1089 - Problem, file not found on Server
2025-04-26 16:40:26,305 [INFO] WebApp:463 - Apply proxy settings
2025-04-26 16:40:26,305 [INFO] WebApp:548 - Chromium requires no authentication
2025-04-26 16:40:26,323 [INFO] WebApp:491 - Direct internet connection detected
2025-04-26 16:40:26,379 [INFO] WebApp:894 - Register for checkConnection events
2025-04-26 16:40:26,379 [INFO] WebApp:463 - Apply proxy settings
2025-04-26 16:40:26,379 [INFO] WebApp:548 - Chromium requires no authentication
2025-04-26 16:40:26,380 [INFO] WebApp:491 - Direct internet connection detected
2025-04-26 16:40:26,412 [INFO] ServerAccessManage:473 - Download File STMicroelectronics.X-CUBE-WB05N.pdsc
2025-04-26 16:40:26,566 [INFO] WebApp:191 - Connection restablished
2025-04-26 16:40:26,962 [WARN] MainUpdater:1193 - Updater busy. Cannot search thirdparties
2025-04-26 16:40:26,962 [INFO] ThirdPartyUpdaterWithRetryManager:96 - Updater plugin is busy. [2/15]
2025-04-26 16:40:27,029 [INFO] WebApp:225 - Starting web application
2025-04-26 16:40:27,030 [INFO] WebApp:593 - Web application path used C:\ST\STM32CubeIDE_1.15.0\STM32CubeIDE\plugins\com.st.stm32cube.common.mx_6.14.0.202502271554\db\plugins\mcufinder\reactClient1\index.html
2025-04-26 16:40:27,041 [WARN] PackLoader:240 - Cannot read IP mode file for STMicroelectronics.X-CUBE-MEMS1.11.2.0
2025-04-26 16:40:27,041 [INFO] CheckServerUpdateThread:120 - End of CheckServer Thread
2025-04-26 16:40:27,348 [INFO] UserAuth:486 - Internet connection configuration mode: 1
2025-04-26 16:40:27,356 [WARN] PackLoader:240 - Cannot read IP mode file for STMicroelectronics.X-CUBE-TOF1.3.4.3
2025-04-26 16:40:27,386 [WARN] PackLoader:240 - Cannot read IP mode file for STMicroelectronics.X-CUBE-WB05N.2.0.0
2025-04-26 16:40:27,389 [INFO] PopulateThirdPartyThread:66 - Ending populate Thread
2025-04-26 16:40:27,391 [INFO] ThirdParty:1030 - CMSIS Pack Vendor :STMicroelectronics X-CUBE-TOF1 3.4.3
2025-04-26 16:40:27,391 [INFO] ThirdParty:1030 - CMSIS Pack Vendor :STMicroelectronics X-CUBE-MEMS1 11.2.0
2025-04-26 16:40:27,391 [INFO] ThirdParty:1030 - CMSIS Pack Vendor :STMicroelectronics X-CUBE-WB05N 2.0.0
2025-04-26 16:40:27,392 [INFO] LoadServerUpdatesThread:375 - End of LoadServerUpdate Thread
2025-04-26 16:40:30,251 [WARN] PackLoader:240 - Cannot read IP mode file for STMicroelectronics.FP-SNS-MOTENVWB1.1.4.0
2025-04-26 16:40:30,257 [WARN] PackLoader:240 - Cannot read IP mode file for STMicroelectronics.FP-ATR-ASTRA1.2.0.2
2025-04-26 16:40:30,262 [WARN] PackLoader:240 - Cannot read IP mode file for STMicroelectronics.FP-ATR-ASTRA1.2.0.1
2025-04-26 16:40:30,274 [WARN] PackLoader:240 - Cannot read IP mode file for STMicroelectronics.X-CUBE-SMBUS.2.1.0
2025-04-26 16:40:30,285 [WARN] PackLoader:240 - Cannot read IP mode file for STMicroelectronics.X-CUBE-WB05N.1.1.0
2025-04-26 16:40:30,293 [WARN] PackLoader:240 - Cannot read IP mode file for STMicroelectronics.X-CUBE-TOUCHGFX.4.23.2
2025-04-26 16:40:30,317 [WARN] PackLoader:240 - Cannot read IP mode file for STMicroelectronics.X-CUBE-AZRTOS-F7.1.1.0
2025-04-26 16:40:30,381 [WARN] PackLoader:240 - Cannot read IP mode file for STMicroelectronics.X-CUBE-MEMS1.11.0.0
2025-04-26 16:40:30,592 [WARN] PackLoader:240 - Cannot read IP mode file for STMicroelectronics.FP-SNS-FLIGHT1.5.0.2
2025-04-26 16:40:30,603 [WARN] PackLoader:240 - Cannot read IP mode file for STMicroelectronics.X-CUBE-DISPLAY.3.0.0
2025-04-26 16:40:30,615 [WARN] PackLoader:240 - Cannot read IP mode file for STMicroelectronics.X-CUBE-BLE1.7.0.0
2025-04-26 16:40:30,624 [WARN] PackLoader:240 - Cannot read IP mode file for STMicroelectronics.X-CUBE-NFC10.1.0.0
2025-04-26 16:40:30,639 [WARN] PackLoader:240 - Cannot read IP mode file for STMicroelectronics.X-CUBE-BLEMGR.4.0.0
2025-04-26 16:40:30,651 [WARN] PackLoader:240 - Cannot read IP mode file for emotas.I-CUBE-CANOPEN.1.3.0
2025-04-26 16:40:30,662 [WARN] PackLoader:240 - Cannot read IP mode file for STMicroelectronics.X-CUBE-BLEMGR.3.1.0
2025-04-26 16:40:30,670 [WARN] PackLoader:240 - Cannot read IP mode file for STMicroelectronics.X-CUBE-AI.10.0.0
2025-04-26 16:40:30,677 [WARN] PackLoader:240 - Cannot read IP mode file for STMicroelectronics.FP-SNS-SMARTAG2.1.2.0
2025-04-26 16:40:30,683 [WARN] PackLoader:240 - Cannot read IP mode file for STMicroelectronics.FP-SNS-FLIGHT1.5.1.0
2025-04-26 16:40:30,734 [WARN] PackLoader:240 - Cannot read IP mode file for STMicroelectronics.X-CUBE-MEMS1.11.1.0
2025-04-26 16:40:30,913 [INFO] LogOutputStream:77 - [STDOUT_REDIRECT] 1 : Invalid condition id : UX_CORESTACK_Condition cause : null
2025-04-26 16:40:30,914 [INFO] LogOutputStream:77 - [STDOUT_REDIRECT] 1 : Invalid condition id : UX_CORESTACK_Condition cause : null
2025-04-26 16:40:30,916 [INFO] LogOutputStream:77 - [STDOUT_REDIRECT] 1 : Invalid condition id : UX_CORESTACK_Condition cause : null
2025-04-26 16:40:30,918 [INFO] LogOutputStream:77 - [STDOUT_REDIRECT] 1 : Invalid condition id : UX_CORESTACK_Condition cause : null
2025-04-26 16:40:30,919 [INFO] LogOutputStream:77 - [STDOUT_REDIRECT] 1 : Invalid condition id : UX_CORESTACK_Condition cause : null
2025-04-26 16:40:30,924 [WARN] PackLoader:240 - Cannot read IP mode file for STMicroelectronics.X-CUBE-AZRTOS-WL.2.0.0
2025-04-26 16:40:30,933 [WARN] PackLoader:240 - Cannot read IP mode file for STMicroelectronics.FP-SNS-MOTENV1.5.0.0
2025-04-26 16:40:30,942 [WARN] PackLoader:240 - Cannot read IP mode file for wolfSSL.I-CUBE-wolfMQTT.1.19.0
2025-04-26 16:40:30,950 [WARN] PackLoader:240 - Cannot read IP mode file for WES.I-CUBE-Cesium.1.3.0
2025-04-26 16:40:30,957 [WARN] PackLoader:240 - Cannot read IP mode file for STMicroelectronics.X-CUBE-BLE2.3.3.0
2025-04-26 16:40:30,966 [WARN] PackLoader:240 - Cannot read IP mode file for STMicroelectronics.X-CUBE-NFC9.1.0.0
2025-04-26 16:40:30,973 [WARN] PackLoader:240 - Cannot read IP mode file for STMicroelectronics.X-CUBE-BLE1.7.1.0
2025-04-26 16:40:30,980 [WARN] PackLoader:240 - Cannot read IP mode file for STMicroelectronics.X-CUBE-TCPP.4.1.0
2025-04-26 16:40:30,988 [WARN] PackLoader:240 - Cannot read IP mode file for STMicroelectronics.X-CUBE-ALGOBUILD.1.3.0
2025-04-26 16:40:31,047 [WARN] PackLoader:240 - Cannot read IP mode file for STMicroelectronics.X-CUBE-MEMS1.11.2.0
2025-04-26 16:40:31,207 [WARN] PackLoader:240 - Cannot read IP mode file for STMicroelectronics.X-CUBE-AZRTOS-G0.1.1.0
2025-04-26 16:40:31,214 [WARN] PackLoader:240 - Cannot read IP mode file for STMicroelectronics.X-CUBE-SAFEA1.1.2.2
2025-04-26 16:40:31,222 [WARN] PackLoader:240 - Cannot read IP mode file for STMicroelectronics.X-CUBE-NFC4.3.0.0
2025-04-26 16:40:31,227 [WARN] PackLoader:240 - Cannot read IP mode file for wolfSSL.I-CUBE-wolfMQTT.1.18.0
2025-04-26 16:40:31,255 [WARN] PackLoader:240 - Cannot read IP mode file for EmbeddedOffice.I-CUBE-FS-RTOS.1.0.1
2025-04-26 16:40:31,261 [WARN] PackLoader:240 - Cannot read IP mode file for STMicroelectronics.X-CUBE-WB05N.2.0.0
2025-04-26 16:40:31,268 [WARN] PackLoader:240 - Cannot read IP mode file for STMicroelectronics.X-CUBE-TCPP.4.2.0
2025-04-26 16:40:31,277 [WARN] PackLoader:240 - Cannot read IP mode file for RealThread.X-CUBE-RT-Thread_Nano.4.1.1
2025-04-26 16:40:31,283 [WARN] PackLoader:240 - Cannot read IP mode file for wolfSSL.I-CUBE-wolfSSL.5.7.0
2025-04-26 16:40:31,289 [WARN] PackLoader:240 - Cannot read IP mode file for STMicroelectronics.FP-ATR-SIGFOX1.3.2.0
2025-04-26 16:40:31,297 [WARN] ConditionMgr:438 - getConditionDescription Invalid condition id : Cortex-A Device cause : null
2025-04-26 16:40:31,316 [WARN] ConditionMgr:1044 - genDependencies : Invalid condition id : Cortex-A Device cause : null
2025-04-26 16:40:31,317 [WARN] ConditionMgr:1044 - genDependencies : Invalid condition id : Cortex-A Device cause : null
2025-04-26 16:40:31,317 [WARN] ConditionMgr:1044 - genDependencies : Invalid condition id : Cortex-A Device cause : null
2025-04-26 16:40:31,328 [WARN] PackLoader:240 - Cannot read IP mode file for STMicroelectronics.X-CUBE-EEPRMA1.5.1.0
2025-04-26 16:40:31,340 [WARN] PackLoader:240 - Cannot read IP mode file for ITTIA_DB.I-CUBE-ITTIADB.8.9.0
2025-04-26 16:40:31,374 [WARN] PackLoader:240 - Cannot read IP mode file for SEGGER.I-CUBE-embOS.1.3.1
2025-04-26 16:40:31,418 [WARN] PackLoader:240 - Cannot read IP mode file for STMicroelectronics.X-CUBE-ALGOBUILD.1.4.0
2025-04-26 16:40:31,424 [WARN] PackLoader:240 - Cannot read IP mode file for STMicroelectronics.X-CUBE-AI.9.1.0
2025-04-26 16:40:31,432 [WARN] PackLoader:240 - Cannot read IP mode file for STMicroelectronics.X-CUBE-GNSS1.6.0.0
2025-04-26 16:40:31,457 [WARN] PackLoader:240 - Cannot read IP mode file for STMicroelectronics.X-CUBE-AZRTOS-F4.1.1.0
2025-04-26 16:40:31,465 [WARN] PackLoader:240 - Cannot read IP mode file for Avnet-IotConnect.X-CUBE-IoTC-DA16k-PMOD.1.0.0
2025-04-26 16:40:31,472 [WARN] PackLoader:240 - Cannot read IP mode file for STMicroelectronics.X-CUBE-ISPU.2.1.0
2025-04-26 16:40:31,479 [WARN] PackLoader:240 - Cannot read IP mode file for STMicroelectronics.X-CUBE-FREERTOS.1.2.0
2025-04-26 16:40:31,499 [WARN] PackLoader:240 - Cannot read IP mode file for STMicroelectronics.X-CUBE-AZRTOS-L5.2.0.0
2025-04-26 16:40:31,511 [WARN] PackLoader:240 - Cannot read IP mode file for STMicroelectronics.X-CUBE-NFC6.3.1.0
2025-04-26 16:40:31,521 [WARN] PackLoader:240 - Cannot read IP mode file for STMicroelectronics.X-CUBE-DPower.1.2.0
2025-04-26 16:40:31,527 [WARN] PackLoader:240 - Cannot read IP mode file for STMicroelectronics.X-CUBE-AI.9.0.0
2025-04-26 16:40:31,535 [WARN] PackLoader:240 - Cannot read IP mode file for STMicroelectronics.X-CUBE-FREERTOS.1.3.0
2025-04-26 16:40:31,545 [WARN] PackLoader:240 - Cannot read IP mode file for STMicroelectronics.X-CUBE-NFC7.1.0.1
2025-04-26 16:40:31,552 [WARN] PackLoader:240 - Cannot read IP mode file for wolfSSL.I-CUBE-wolfTPM.3.2.0
2025-04-26 16:40:31,558 [WARN] PackLoader:240 - Cannot read IP mode file for STMicroelectronics.X-CUBE-DPower.1.3.0
2025-04-26 16:40:31,563 [WARN] PackLoader:240 - Cannot read IP mode file for STMicroelectronics.X-CUBE-AI.8.1.0
2025-04-26 16:40:31,588 [WARN] ConditionMgr:438 - getConditionDescription Invalid condition id : LAN8742 Phy interface Condition cause : null
2025-04-26 16:40:31,589 [WARN] PackLoader:240 - Cannot read IP mode file for STMicroelectronics.X-CUBE-AZRTOS-L4.2.0.0
2025-04-26 16:40:31,591 [WARN] ConditionMgr:1044 - genDependencies : Invalid condition id : LAN8742 Phy interface Condition cause : null
2025-04-26 16:40:31,591 [WARN] ConditionMgr:1044 - genDependencies : Invalid condition id : LAN8742 Phy interface Condition cause : null
2025-04-26 16:40:31,592 [WARN] ConditionMgr:1044 - genDependencies : Invalid condition id : LAN8742 Phy interface Condition cause : null
2025-04-26 16:40:31,603 [WARN] PackLoader:240 - Cannot read IP mode file for STMicroelectronics.X-CUBE-SFXS2LP1.4.0.0
2025-04-26 16:40:31,631 [WARN] PackLoader:240 - Cannot read IP mode file for STMicroelectronics.X-CUBE-AZRTOS-H7.3.3.0
2025-04-26 16:40:31,646 [WARN] PackLoader:240 - Cannot read IP mode file for STMicroelectronics.X-CUBE-IPS.3.0.0
2025-04-26 16:40:31,666 [WARN] ConditionMgr:438 - getConditionDescription Invalid condition id : UX DEVICE CLASS RTOS Condition cause : null
2025-04-26 16:40:31,666 [WARN] ConditionMgr:438 - getConditionDescription Invalid condition id : UX DEVICE CLASS RTOS Condition cause : null
2025-04-26 16:40:31,670 [WARN] PackLoader:240 - Cannot read IP mode file for STMicroelectronics.X-CUBE-AZRTOS-WB.2.0.0
2025-04-26 16:40:31,671 [WARN] ConditionMgr:1044 - genDependencies : Invalid condition id : UX DEVICE CLASS RTOS Condition cause : null
2025-04-26 16:40:31,671 [WARN] ConditionMgr:1044 - genDependencies : Invalid condition id : UX DEVICE CLASS RTOS Condition cause : null
2025-04-26 16:40:31,672 [WARN] ConditionMgr:1044 - genDependencies : Invalid condition id : UX DEVICE CLASS RTOS Condition cause : null
2025-04-26 16:40:31,673 [WARN] ConditionMgr:1044 - genDependencies : Invalid condition id : UX DEVICE CLASS RTOS Condition cause : null
2025-04-26 16:40:31,673 [WARN] ConditionMgr:1044 - genDependencies : Invalid condition id : UX DEVICE CLASS RTOS Condition cause : null
2025-04-26 16:40:31,681 [WARN] PackLoader:240 - Cannot read IP mode file for STMicroelectronics.X-CUBE-GNSS1.7.0.0
2025-04-26 16:40:31,689 [WARN] PackLoader:240 - Cannot read IP mode file for STMicroelectronics.X-CUBE-GNSS1.7.0.1
2025-04-26 16:40:31,696 [WARN] PackLoader:240 - Cannot read IP mode file for STMicroelectronics.X-CUBE-TOUCHGFX.4.25.0
2025-04-26 16:40:31,705 [WARN] PackLoader:240 - Cannot read IP mode file for STMicroelectronics.FP-SNS-STBOX1.2.0.0
2025-04-26 16:40:31,720 [WARN] PackLoader:240 - Cannot read IP mode file for STMicroelectronics.X-CUBE-SUBG2.5.0.0
2025-04-26 16:40:31,753 [WARN] PackLoader:240 - Cannot read IP mode file for STMicroelectronics.X-CUBE-AZRTOS-H7RS.1.1.0
2025-04-26 16:40:31,775 [WARN] PackLoader:240 - Cannot read IP mode file for STMicroelectronics.X-CUBE-AZRTOS-G4.2.0.0
2025-04-26 16:40:31,783 [WARN] PackLoader:240 - Cannot read IP mode file for STMicroelectronics.FP-SNS-MOTENVWB1.1.3.1
2025-04-26 16:40:31,789 [WARN] PackLoader:240 - Cannot read IP mode file for STMicroelectronics.X-CUBE-ISPU.2.0.0
2025-04-26 16:40:31,803 [WARN] PackLoader:240 - Cannot read IP mode file for STMicroelectronics.X-CUBE-IPS.3.1.0
2025-04-26 16:40:31,817 [WARN] PackLoader:240 - Cannot read IP mode file for STMicroelectronics.X-CUBE-ALS.1.0.2
2025-04-26 16:40:31,864 [WARN] PackLoader:240 - Cannot read IP mode file for STMicroelectronics.X-CUBE-MEMS1.10.0.0
2025-04-26 16:40:32,023 [WARN] PackLoader:240 - Cannot read IP mode file for STMicroelectronics.X-CUBE-FREERTOS.1.1.0
2025-04-26 16:40:32,031 [WARN] PackLoader:240 - Cannot read IP mode file for STMicroelectronics.X-CUBE-TOUCHGFX.4.24.0
2025-04-26 16:40:32,036 [WARN] PackLoader:240 - Cannot read IP mode file for STMicroelectronics.X-CUBE-TOUCHGFX.4.24.2
2025-04-26 16:40:32,041 [WARN] PackLoader:240 - Cannot read IP mode file for STMicroelectronics.X-CUBE-TOUCHGFX.4.24.1
2025-04-26 16:40:32,050 [WARN] PackLoader:240 - Cannot read IP mode file for portGmbH.I-Cube-SoM-uGOAL.1.1.0
2025-04-26 16:40:32,056 [WARN] PackLoader:240 - Cannot read IP mode file for STMicroelectronics.X-CUBE-ALS.1.0.1
2025-04-26 16:40:32,088 [WARN] PackLoader:240 - Cannot read IP mode file for STMicroelectronics.X-CUBE-AZRTOS-H7RS.1.0.0
2025-04-26 16:40:32,100 [WARN] PackLoader:240 - Cannot read IP mode file for STMicroelectronics.FP-ATR-ASTRA1.2.0.0
2025-04-26 16:40:32,116 [WARN] PackLoader:240 - Cannot read IP mode file for STMicroelectronics.X-CUBE-TOF1.3.4.2
2025-04-26 16:40:32,144 [WARN] PackLoader:240 - Cannot read IP mode file for STMicroelectronics.X-CUBE-TOF1.3.4.3
2025-04-26 16:40:32,175 [WARN] PackLoader:240 - Cannot read IP mode file for STMicroelectronics.X-CUBE-TOF1.3.4.1
2025-04-26 16:40:32,247 [WARN] PackLoader:240 - Cannot read IP mode file for STMicroelectronics.X-CUBE-AZRTOS-H7.3.2.0
2025-04-26 16:40:32,272 [WARN] PackLoader:240 - Cannot read IP mode file for Infineon.AIROC-Wi-Fi-Bluetooth-STM32.1.6.0
2025-04-26 16:40:32,282 [WARN] PackLoader:240 - Cannot read IP mode file for wolfSSL.I-CUBE-wolfSSH.1.4.17
2025-04-26 16:40:32,283 [INFO] ThirdParty:978 - Integrity check success = true
2025-04-26 16:40:32,283 [INFO] IntegrityCheckThread:100 - exiting critical section [integrity check]
2025-04-26 16:40:32,283 [INFO] IntegrityCheckThread:103 - End integrity checks thread
2025-04-26 23:39:07,744 [INFO] WebApp:194 - Connection lost
2025-04-26 23:39:13,100 [INFO] WebApp:191 - Connection restablished
2025-04-26 23:39:15,052 [INFO] WebApp:194 - Connection lost
2025-04-26 23:39:15,180 [INFO] WebApp:191 - Connection restablished
2025-04-26 23:39:25,533 [ERROR] LogOutputStream:75 - [STDERR_REDIRECT] 
