2025-05-24 13:24:30,762 [ERROR] LogOutputStream:75 - [STDERR_REDIRECT] 
2025-05-24 13:45:21,620 [INFO] Activator:176 - 


2025-05-24 13:45:21,623 [INFO] Activator:177 - !SESSION log4j initialized
2025-05-24 13:45:47,858 [INFO] LogOutputStream:77 - [STDOUT_REDIRECT] 
2025-05-24 13:45:54,839 [INFO] ApplicationProperties:184 - Using Application install path: C:\ST\STM32CubeIDE_1.15.0\STM32CubeIDE\plugins\com.st.stm32cube.common.mx_6.14.0.202502271554
2025-05-24 13:45:54,870 [INFO] DbMcusXml:78 - Set database path to: C:\ST\STM32CubeIDE_1.15.0\STM32CubeIDE\plugins\com.st.stm32cube.common.mx_6.14.0.202502271554\\db\/mcu/
2025-05-24 13:45:54,870 [INFO] ApiDb:274 - Set plugin database path to: C:\ST\STM32CubeIDE_1.15.0\STM32CubeIDE\plugins\com.st.stm32cube.common.mx_6.14.0.202502271554\\db\/plugins/boardmanager/
2025-05-24 13:45:54,871 [WARN] ApiDb:259 - Overriding images path with different value:  => C:\ST\STM32CubeIDE_1.15.0\STM32CubeIDE\plugins\com.st.stm32cube.common.mx_6.14.0.202502271554\\db\/plugins/mcufinder/images/
2025-05-24 13:45:54,883 [INFO] ApiDb:250 - Set database path to: C:\Users\gagno\.stmcufinder\plugins\mcufinder//mcu/
2025-05-24 13:45:54,886 [INFO] DbMcusAds:125 - Set database path to: C:\Users\gagno\.stmcufinder\plugins\mcufinder//mcu/
2025-05-24 13:45:54,891 [INFO] CrossReferenceDbSqlite:203 - Set database path to: C:\Users\gagno\.stmcufinder\plugins\mcufinder//mcu/cs/
2025-05-24 13:45:55,112 [INFO] RulesReader:64 - Compatibility file has been processed (301 Rules)
2025-05-24 13:45:55,280 [INFO] DbMcusXml:78 - Set database path to: C:\ST\STM32CubeIDE_1.15.0\STM32CubeIDE\plugins\com.st.stm32cube.common.mx_6.14.0.202502271554\\db\/mcu/
2025-05-24 13:45:55,280 [INFO] ApiDb:274 - Set plugin database path to: C:\ST\STM32CubeIDE_1.15.0\STM32CubeIDE\plugins\com.st.stm32cube.common.mx_6.14.0.202502271554\\db\/plugins/boardmanager/
2025-05-24 13:45:55,280 [INFO] ApiDb:261 - Set plugin images path to: C:\ST\STM32CubeIDE_1.15.0\STM32CubeIDE\plugins\com.st.stm32cube.common.mx_6.14.0.202502271554\\db\/plugins/mcufinder/images/
2025-05-24 13:45:55,280 [WARN] DbFile:41 - Overriding database path with different value: C:\Users\gagno\.stmcufinder\plugins\mcufinder/ => C:\Users\gagno\.stmcufinder\plugins\mcufinder
2025-05-24 13:45:55,281 [INFO] ApiDb:250 - Set database path to: C:\Users\gagno\.stmcufinder\plugins\mcufinder//mcu/
2025-05-24 13:45:55,281 [WARN] DbFile:41 - Overriding database path with different value: C:\Users\gagno\.stmcufinder\plugins\mcufinder/ => C:\Users\gagno\.stmcufinder\plugins\mcufinder
2025-05-24 13:45:55,281 [INFO] DbMcusAds:125 - Set database path to: C:\Users\gagno\.stmcufinder\plugins\mcufinder//mcu/
2025-05-24 13:45:55,281 [WARN] DbFile:41 - Overriding database path with different value: C:\Users\gagno\.stmcufinder\plugins\mcufinder/ => C:\Users\gagno\.stmcufinder\plugins\mcufinder
2025-05-24 13:45:55,281 [WARN] DbFile:41 - Overriding database path with different value: C:\Users\gagno\.stmcufinder\plugins\mcufinder/ => C:\Users\gagno\.stmcufinder\plugins\mcufinder
2025-05-24 13:45:55,281 [INFO] CrossReferenceDbSqlite:203 - Set database path to: C:\Users\gagno\.stmcufinder\plugins\mcufinder//mcu/cs/
2025-05-24 13:45:55,443 [INFO] MainPanel:272 - HeapMemory: 268435456
2025-05-24 13:45:55,689 [INFO] DbMcusXml:78 - Set database path to: C:\ST\STM32CubeIDE_1.15.0\STM32CubeIDE\plugins\com.st.stm32cube.common.mx_6.14.0.202502271554\\db\/mcu/
2025-05-24 13:45:55,690 [INFO] ApiDb:274 - Set plugin database path to: C:\ST\STM32CubeIDE_1.15.0\STM32CubeIDE\plugins\com.st.stm32cube.common.mx_6.14.0.202502271554\\db\/plugins/boardmanager/
2025-05-24 13:45:55,692 [INFO] ApiDb:261 - Set plugin images path to: C:\ST\STM32CubeIDE_1.15.0\STM32CubeIDE\plugins\com.st.stm32cube.common.mx_6.14.0.202502271554\\db\/plugins/mcufinder/images/
2025-05-24 13:45:55,694 [WARN] DbFile:41 - Overriding database path with different value: C:\Users\gagno\.stmcufinder\plugins\mcufinder/ => C:\Users\gagno\.stmcufinder\plugins\mcufinder
2025-05-24 13:45:55,695 [INFO] ApiDb:250 - Set database path to: C:\Users\gagno\.stmcufinder\plugins\mcufinder//mcu/
2025-05-24 13:45:55,696 [WARN] DbFile:41 - Overriding database path with different value: C:\Users\gagno\.stmcufinder\plugins\mcufinder/ => C:\Users\gagno\.stmcufinder\plugins\mcufinder
2025-05-24 13:45:55,696 [INFO] DbMcusAds:125 - Set database path to: C:\Users\gagno\.stmcufinder\plugins\mcufinder//mcu/
2025-05-24 13:45:55,697 [WARN] DbFile:41 - Overriding database path with different value: C:\Users\gagno\.stmcufinder\plugins\mcufinder/ => C:\Users\gagno\.stmcufinder\plugins\mcufinder
2025-05-24 13:45:55,698 [WARN] DbFile:41 - Overriding database path with different value: C:\Users\gagno\.stmcufinder\plugins\mcufinder/ => C:\Users\gagno\.stmcufinder\plugins\mcufinder
2025-05-24 13:45:55,698 [INFO] CrossReferenceDbSqlite:203 - Set database path to: C:\Users\gagno\.stmcufinder\plugins\mcufinder//mcu/cs/
2025-05-24 13:45:55,740 [INFO] ApplicationProperties:184 - Using Application install path: C:\ST\STM32CubeIDE_1.15.0\STM32CubeIDE\plugins\com.st.stm32cube.common.mx_6.14.0.202502271554
2025-05-24 13:45:55,743 [INFO] PluginManage:196 - Search for loadable plugins [exclusion list=, ]
2025-05-24 13:45:55,747 [INFO] PluginManage:310 - Check plugin analytics
2025-05-24 13:46:01,135 [INFO] AnalyticsPlugin:253 - Accepted Software Licenses: 
2025-05-24 13:46:01,136 [INFO] AnalyticsPlugin:255 - Accepted CMSIS Pack Licenses: 
2025-05-24 13:46:01,137 [INFO] AnalyticsPlugin:257 - Accepted Firmware Licenses: FW.F4.1.28.0
2025-05-24 13:46:01,143 [INFO] PluginManage:359 - Loaded plugin analytics (category:tool,tabindex:-1)
2025-05-24 13:46:01,144 [INFO] PluginManage:310 - Check plugin cadmodel
2025-05-24 13:46:01,155 [INFO] CADModel:105 - Init CAD model plugin
2025-05-24 13:46:01,156 [INFO] PluginManage:359 - Loaded plugin cadmodel (category:power,tabindex:5)
2025-05-24 13:46:01,156 [INFO] PluginManage:310 - Check plugin clock
2025-05-24 13:46:01,179 [INFO] PluginManage:359 - Loaded plugin clock (category:base,tabindex:2)
2025-05-24 13:46:01,179 [INFO] PluginManage:310 - Check plugin ddr
2025-05-24 13:46:01,184 [INFO] PluginManage:359 - Loaded plugin ddr (category:tool,tabindex:6)
2025-05-24 13:46:01,184 [INFO] PluginManage:310 - Check plugin filemanager
2025-05-24 13:46:01,499 [INFO] PluginManage:359 - Loaded plugin filemanager (category:base,tabindex:10)
2025-05-24 13:46:01,499 [INFO] PluginManage:310 - Check plugin ipmanager
2025-05-24 13:46:01,514 [INFO] PluginManage:359 - Loaded plugin ipmanager (category:base,tabindex:5)
2025-05-24 13:46:01,514 [INFO] PluginManage:310 - Check plugin lpbam
2025-05-24 13:46:01,532 [INFO] PluginManage:359 - Loaded plugin lpbam (category:base,tabindex:0)
2025-05-24 13:46:01,532 [INFO] PluginManage:310 - Check plugin memorymap
2025-05-24 13:46:01,566 [INFO] PluginManage:359 - Loaded plugin memorymap (category:base,tabindex:4)
2025-05-24 13:46:01,566 [INFO] PluginManage:310 - Check plugin pinoutandconfiguration
2025-05-24 13:46:01,583 [INFO] PluginManage:359 - Loaded plugin pinoutandconfiguration (category:base,tabindex:1)
2025-05-24 13:46:01,583 [INFO] PluginManage:310 - Check plugin pinoutconfig
2025-05-24 13:46:01,771 [WARN] SupportedApi:132 - Cannot load RTOS API schema: s4s-elt-must-match.1: The content of 'definitions' must match (annotation?, (simpleType | complexType)?, (unique | key | keyref)*)). A problem was found starting at: attribute.
2025-05-24 13:46:02,030 [INFO] PluginManage:359 - Loaded plugin pinoutconfig (category:base,tabindex:0)
2025-05-24 13:46:02,030 [INFO] PluginManage:310 - Check plugin power
2025-05-24 13:46:02,053 [INFO] PluginManage:359 - Loaded plugin power (category:power,tabindex:4)
2025-05-24 13:46:02,054 [INFO] PluginManage:310 - Check plugin projectmanager
2025-05-24 13:46:02,091 [INFO] PluginManage:359 - Loaded plugin projectmanager (category:projectmanager,tabindex:4)
2025-05-24 13:46:02,092 [INFO] PluginManage:310 - Check plugin rif
2025-05-24 13:46:02,105 [INFO] PluginManage:359 - Loaded plugin rif (category:base,tabindex:3)
2025-05-24 13:46:02,106 [INFO] PluginManage:310 - Check plugin thirdparty
2025-05-24 13:46:02,364 [INFO] PluginManage:359 - Loaded plugin thirdparty (category:base,tabindex:-1)
2025-05-24 13:46:02,364 [WARN] IntegrityCheckThread:84 - waiting for thirdparty lock release [integrity check]
2025-05-24 13:46:02,365 [INFO] IntegrityCheckThread:86 - entering critical section [integrity check]
2025-05-24 13:46:02,365 [INFO] PluginManage:310 - Check plugin tools
2025-05-24 13:46:02,365 [INFO] ThirdPartyUpdaterWithRetryManager:70 - Updater plugin not ready yet. [1/15]
2025-05-24 13:46:02,371 [INFO] PluginManage:359 - Loaded plugin tools (category:base,tabindex:7)
2025-05-24 13:46:02,371 [INFO] PluginManage:310 - Check plugin tutovideos
2025-05-24 13:46:02,635 [INFO] PluginManage:359 - Loaded plugin tutovideos (category:base,tabindex:-1)
2025-05-24 13:46:02,636 [INFO] PluginManage:310 - Check plugin updater
2025-05-24 13:46:02,677 [INFO] PluginManage:359 - Loaded plugin updater (category:base,tabindex:12)
2025-05-24 13:46:02,677 [INFO] PluginManage:310 - Check plugin userauth
2025-05-24 13:46:02,684 [INFO] UserAuth:118 - Init User Auth plugin
2025-05-24 13:46:02,686 [INFO] PluginManage:359 - Loaded plugin userauth (category:base,tabindex:14)
2025-05-24 13:46:02,687 [INFO] PluginManage:283 - PluginManage : Loaded plugins [18]
2025-05-24 13:46:03,127 [INFO] PinOutPanel:1589 - setPackage(No Configuration,No Configuration)
2025-05-24 13:46:03,313 [INFO] CADModel:165 - CPN selected for project level
2025-05-24 13:46:03,313 [INFO] CADModel:114 - Register for checkConnection events
2025-05-24 13:46:03,347 [INFO] IPUIPlugin:80 - create IPUIPlugin
2025-05-24 13:46:03,348 [INFO] PluginManager:220 - loadIPPluginJar : add adc
2025-05-24 13:46:03,352 [INFO] IPUIPlugin:80 - create IPUIPlugin
2025-05-24 13:46:03,352 [INFO] PluginManager:220 - loadIPPluginJar : add aes
2025-05-24 13:46:03,358 [INFO] IPUIPlugin:80 - create IPUIPlugin
2025-05-24 13:46:03,358 [INFO] PluginManager:220 - loadIPPluginJar : add can
2025-05-24 13:46:03,361 [INFO] IPUIPlugin:80 - create IPUIPlugin
2025-05-24 13:46:03,362 [INFO] PluginManager:220 - loadIPPluginJar : add comp
2025-05-24 13:46:03,368 [INFO] IPUIPlugin:80 - create IPUIPlugin
2025-05-24 13:46:03,368 [INFO] PluginManager:220 - loadIPPluginJar : add cryp
2025-05-24 13:46:03,377 [INFO] IPUIPlugin:80 - create IPUIPlugin
2025-05-24 13:46:03,377 [INFO] PluginManager:220 - loadIPPluginJar : add ddr_ctrl_phy
2025-05-24 13:46:03,383 [INFO] IPUIPlugin:80 - create IPUIPlugin
2025-05-24 13:46:03,383 [INFO] PluginManager:220 - loadIPPluginJar : add dfsdm
2025-05-24 13:46:03,392 [INFO] IPUIPlugin:80 - create IPUIPlugin
2025-05-24 13:46:03,392 [INFO] PluginManager:220 - loadIPPluginJar : add dma
2025-05-24 13:46:03,398 [INFO] IPUIPlugin:80 - create IPUIPlugin
2025-05-24 13:46:03,399 [INFO] PluginManager:220 - loadIPPluginJar : add dma3
2025-05-24 13:46:03,404 [INFO] IPUIPlugin:80 - create IPUIPlugin
2025-05-24 13:46:03,405 [INFO] PluginManager:220 - loadIPPluginJar : add extmemmanager
2025-05-24 13:46:03,409 [INFO] IPUIPlugin:80 - create IPUIPlugin
2025-05-24 13:46:03,409 [INFO] PluginManager:220 - loadIPPluginJar : add fatfs
2025-05-24 13:46:03,422 [INFO] IPUIPlugin:80 - create IPUIPlugin
2025-05-24 13:46:03,422 [INFO] PluginManager:220 - loadIPPluginJar : add fmc
2025-05-24 13:46:03,437 [INFO] IPUIPlugin:80 - create IPUIPlugin
2025-05-24 13:46:03,438 [INFO] PluginManager:220 - loadIPPluginJar : add freertos
2025-05-24 13:46:03,441 [INFO] IPUIPlugin:80 - create IPUIPlugin
2025-05-24 13:46:03,442 [INFO] PluginManager:220 - loadIPPluginJar : add genericplugin
2025-05-24 13:46:03,446 [INFO] IPUIPlugin:80 - create IPUIPlugin
2025-05-24 13:46:03,446 [INFO] PluginManager:220 - loadIPPluginJar : add gfxmmu
2025-05-24 13:46:03,457 [INFO] IPUIPlugin:80 - create IPUIPlugin
2025-05-24 13:46:03,457 [INFO] PluginManager:220 - loadIPPluginJar : add gic
2025-05-24 13:46:03,467 [INFO] IPUIPlugin:80 - create IPUIPlugin
2025-05-24 13:46:03,467 [INFO] PluginManager:220 - loadIPPluginJar : add gpio
2025-05-24 13:46:03,473 [INFO] IPUIPlugin:80 - create IPUIPlugin
2025-05-24 13:46:03,473 [INFO] PluginManager:220 - loadIPPluginJar : add gtzc
2025-05-24 13:46:03,478 [INFO] IPUIPlugin:80 - create IPUIPlugin
2025-05-24 13:46:03,478 [INFO] PluginManager:220 - loadIPPluginJar : add hash
2025-05-24 13:46:03,486 [INFO] IPUIPlugin:80 - create IPUIPlugin
2025-05-24 13:46:03,486 [INFO] PluginManager:220 - loadIPPluginJar : add i2c
2025-05-24 13:46:03,492 [INFO] IPUIPlugin:80 - create IPUIPlugin
2025-05-24 13:46:03,492 [INFO] PluginManager:220 - loadIPPluginJar : add i2s
2025-05-24 13:46:03,504 [INFO] IPUIPlugin:80 - create IPUIPlugin
2025-05-24 13:46:03,504 [INFO] PluginManager:220 - loadIPPluginJar : add i3c
2025-05-24 13:46:03,512 [INFO] IPUIPlugin:80 - create IPUIPlugin
2025-05-24 13:46:03,513 [INFO] PluginManager:220 - loadIPPluginJar : add ipddr
2025-05-24 13:46:03,531 [INFO] IPUIPlugin:80 - create IPUIPlugin
2025-05-24 13:46:03,532 [INFO] PluginManager:220 - loadIPPluginJar : add linkedlist
2025-05-24 13:46:03,538 [INFO] IPUIPlugin:80 - create IPUIPlugin
2025-05-24 13:46:03,539 [INFO] PluginManager:220 - loadIPPluginJar : add lorawan
2025-05-24 13:46:03,543 [INFO] IPUIPlugin:80 - create IPUIPlugin
2025-05-24 13:46:03,543 [INFO] PluginManager:220 - loadIPPluginJar : add ltdc
2025-05-24 13:46:03,554 [INFO] IPUIPlugin:80 - create IPUIPlugin
2025-05-24 13:46:03,555 [INFO] PluginManager:220 - loadIPPluginJar : add mdma
2025-05-24 13:46:03,561 [INFO] IPUIPlugin:80 - create IPUIPlugin
2025-05-24 13:46:03,562 [INFO] PluginManager:220 - loadIPPluginJar : add nvic
2025-05-24 13:46:03,569 [INFO] IPUIPlugin:80 - create IPUIPlugin
2025-05-24 13:46:03,570 [INFO] PluginManager:220 - loadIPPluginJar : add opamp
2025-05-24 13:46:03,580 [INFO] IPUIPlugin:80 - create IPUIPlugin
2025-05-24 13:46:03,580 [INFO] PluginManager:220 - loadIPPluginJar : add openamp
2025-05-24 13:46:03,589 [INFO] IPUIPlugin:80 - create IPUIPlugin
2025-05-24 13:46:03,589 [INFO] PluginManager:220 - loadIPPluginJar : add pdm2pcm
2025-05-24 13:46:03,601 [INFO] IPUIPlugin:80 - create IPUIPlugin
2025-05-24 13:46:03,608 [INFO] PluginManager:220 - loadIPPluginJar : add plateformsettings
2025-05-24 13:46:03,612 [INFO] IPUIPlugin:80 - create IPUIPlugin
2025-05-24 13:46:03,612 [INFO] PluginManager:220 - loadIPPluginJar : add quadspi
2025-05-24 13:46:03,617 [INFO] IPUIPlugin:80 - create IPUIPlugin
2025-05-24 13:46:03,618 [INFO] PluginManager:220 - loadIPPluginJar : add radio
2025-05-24 13:46:03,626 [INFO] IPUIPlugin:80 - create IPUIPlugin
2025-05-24 13:46:03,626 [INFO] PluginManager:220 - loadIPPluginJar : add resmgrutility
2025-05-24 13:46:03,633 [INFO] IPUIPlugin:80 - create IPUIPlugin
2025-05-24 13:46:03,634 [INFO] PluginManager:220 - loadIPPluginJar : add sai
2025-05-24 13:46:03,640 [INFO] IPUIPlugin:80 - create IPUIPlugin
2025-05-24 13:46:03,640 [INFO] PluginManager:220 - loadIPPluginJar : add spi
2025-05-24 13:46:03,652 [INFO] IPUIPlugin:80 - create IPUIPlugin
2025-05-24 13:46:03,652 [INFO] PluginManager:220 - loadIPPluginJar : add stm32_wpan
2025-05-24 13:46:03,657 [INFO] IPUIPlugin:80 - create IPUIPlugin
2025-05-24 13:46:03,657 [INFO] PluginManager:220 - loadIPPluginJar : add tim
2025-05-24 13:46:03,666 [INFO] IPUIPlugin:80 - create IPUIPlugin
2025-05-24 13:46:03,666 [INFO] PluginManager:220 - loadIPPluginJar : add touchsensing
2025-05-24 13:46:03,672 [INFO] IPUIPlugin:80 - create IPUIPlugin
2025-05-24 13:46:03,672 [INFO] PluginManager:220 - loadIPPluginJar : add tracer_emb
2025-05-24 13:46:03,676 [INFO] IPUIPlugin:80 - create IPUIPlugin
2025-05-24 13:46:03,676 [INFO] PluginManager:220 - loadIPPluginJar : add ts
2025-05-24 13:46:03,680 [INFO] IPUIPlugin:80 - create IPUIPlugin
2025-05-24 13:46:03,680 [INFO] PluginManager:220 - loadIPPluginJar : add tsc
2025-05-24 13:46:03,684 [INFO] IPUIPlugin:80 - create IPUIPlugin
2025-05-24 13:46:03,684 [INFO] PluginManager:220 - loadIPPluginJar : add ucpd
2025-05-24 13:46:03,690 [INFO] IPUIPlugin:80 - create IPUIPlugin
2025-05-24 13:46:03,690 [INFO] PluginManager:220 - loadIPPluginJar : add usart
2025-05-24 13:46:03,696 [INFO] IPUIPlugin:80 - create IPUIPlugin
2025-05-24 13:46:03,697 [INFO] PluginManager:220 - loadIPPluginJar : add usbx
2025-05-24 13:46:03,973 [FATAL] Updater:351 - Updater called before beeing initialized
2025-05-24 13:46:04,020 [INFO] RulesReader:64 - Compatibility file has been processed (301 Rules)
2025-05-24 13:46:04,041 [INFO] RulesReader:64 - Compatibility file has been processed (301 Rules)
2025-05-24 13:46:04,058 [INFO] CADModel:165 - CPN selected for project level
2025-05-24 13:46:04,058 [INFO] CADModel:114 - Register for checkConnection events
2025-05-24 13:46:04,059 [FATAL] Updater:351 - Updater called before beeing initialized
2025-05-24 13:46:04,059 [ERROR] CADModel:125 - Updater not yet initialized, retry later 
2025-05-24 13:46:04,419 [FATAL] Updater:351 - Updater called before beeing initialized
2025-05-24 13:46:04,424 [INFO] CADModel:165 - CPN selected for project level
2025-05-24 13:46:04,425 [INFO] CADModel:114 - Register for checkConnection events
2025-05-24 13:46:04,425 [FATAL] Updater:351 - Updater called before beeing initialized
2025-05-24 13:46:04,425 [ERROR] CADModel:125 - Updater not yet initialized, retry later 
2025-05-24 13:46:04,431 [FATAL] Updater:351 - Updater called before beeing initialized
2025-05-24 13:46:04,738 [FATAL] Updater:351 - Updater called before beeing initialized
2025-05-24 13:46:04,743 [INFO] DbMcusAds:53 - JSON generation date=Thu Mar 06 09:54:22 EST 2025 (1741272862204)
2025-05-24 13:46:04,744 [FATAL] Updater:351 - Updater called before beeing initialized
2025-05-24 13:46:04,805 [WARN] DetailPanel:346 - Failed to get advertising image, set to default
2025-05-24 13:46:05,133 [FATAL] Updater:351 - Updater called before beeing initialized
2025-05-24 13:46:05,135 [FATAL] Updater:351 - Updater called before beeing initialized
2025-05-24 13:46:05,135 [FATAL] Updater:351 - Updater called before beeing initialized
2025-05-24 13:46:05,135 [WARN] DetailPanel:346 - Failed to get advertising image, set to default
2025-05-24 13:46:05,136 [FATAL] Updater:351 - Updater called before beeing initialized
2025-05-24 13:46:05,258 [ERROR] Updater:1198 - MainUpdater not yet initialized. External WinMGr cannot be set.
2025-05-24 13:46:05,263 [INFO] Updater:1134 - Updater Version found : 6.14.0
2025-05-24 13:46:05,294 [INFO] ApplicationProperties:184 - Using Application install path: C:\ST\STM32CubeIDE_1.15.0\STM32CubeIDE\plugins\com.st.stm32cube.common.mx_6.14.0.202502271554
2025-05-24 13:46:05,373 [INFO] ThirdPartyUpdaterWithRetryManager:70 - Updater plugin not ready yet. [2/15]
2025-05-24 13:46:05,899 [INFO] MainUpdater:2872 - connection check result : 10
2025-05-24 13:46:05,900 [INFO] MainUpdater:289 - Updater Check For Update Now.
2025-05-24 13:46:05,900 [INFO] MicroXplorer:498 - Change Database Version : DB.6.0.140
2025-05-24 13:46:05,910 [INFO] McuFinderGlobals:63 - Set McuFinder mode to 2 (CubeIDE integrated)
2025-05-24 13:46:05,911 [INFO] UserAuth:486 - Internet connection configuration mode: 1
2025-05-24 13:46:05,953 [INFO] JxBrowserEngine:152 - Initiate JxBrowser Engine with user profile folder
2025-05-24 13:46:06,174 [INFO] CheckServerUpdateThread:120 - End of CheckServer Thread
2025-05-24 13:46:08,072 [INFO] WebApp:169 - Instantiating new browser for Auth
2025-05-24 13:46:08,965 [WARN] PackLoader:240 - Cannot read IP mode file for STMicroelectronics.FP-SNS-MOTENVWB1.1.4.0
2025-05-24 13:46:08,982 [WARN] PackLoader:240 - Cannot read IP mode file for STMicroelectronics.FP-ATR-ASTRA1.2.0.2
2025-05-24 13:46:08,989 [WARN] PackLoader:240 - Cannot read IP mode file for STMicroelectronics.FP-ATR-ASTRA1.2.0.1
2025-05-24 13:46:09,007 [WARN] PackLoader:240 - Cannot read IP mode file for STMicroelectronics.X-CUBE-SMBUS.2.1.0
2025-05-24 13:46:09,027 [WARN] PackLoader:240 - Cannot read IP mode file for STMicroelectronics.X-CUBE-WB05N.1.1.0
2025-05-24 13:46:09,042 [WARN] PackLoader:240 - Cannot read IP mode file for STMicroelectronics.X-CUBE-ST60.1.0.0
2025-05-24 13:46:09,056 [WARN] PackLoader:240 - Cannot read IP mode file for STMicroelectronics.X-CUBE-TOUCHGFX.4.23.2
2025-05-24 13:46:09,123 [WARN] PackLoader:240 - Cannot read IP mode file for STMicroelectronics.X-CUBE-AZRTOS-F7.1.1.0
2025-05-24 13:46:09,249 [WARN] PackLoader:240 - Cannot read IP mode file for STMicroelectronics.X-CUBE-MEMS1.11.0.0
2025-05-24 13:46:09,549 [WARN] PackLoader:240 - Cannot read IP mode file for STMicroelectronics.FP-SNS-FLIGHT1.5.0.2
2025-05-24 13:46:09,564 [WARN] PackLoader:240 - Cannot read IP mode file for STMicroelectronics.X-CUBE-DISPLAY.3.0.0
2025-05-24 13:46:09,579 [WARN] PackLoader:240 - Cannot read IP mode file for STMicroelectronics.X-CUBE-BLE1.7.0.0
2025-05-24 13:46:09,601 [WARN] PackLoader:240 - Cannot read IP mode file for STMicroelectronics.X-CUBE-NFC10.1.0.0
2025-05-24 13:46:09,643 [WARN] PackLoader:240 - Cannot read IP mode file for STMicroelectronics.X-CUBE-BLEMGR.4.0.0
2025-05-24 13:46:09,661 [WARN] PackLoader:240 - Cannot read IP mode file for emotas.I-CUBE-CANOPEN.1.3.0
2025-05-24 13:46:09,678 [WARN] PackLoader:240 - Cannot read IP mode file for STMicroelectronics.X-CUBE-BLEMGR.3.1.0
2025-05-24 13:46:09,689 [WARN] PackLoader:240 - Cannot read IP mode file for STMicroelectronics.X-CUBE-AI.10.0.0
2025-05-24 13:46:09,711 [WARN] PackLoader:240 - Cannot read IP mode file for STMicroelectronics.FP-SNS-SMARTAG2.1.2.0
2025-05-24 13:46:09,732 [WARN] PackLoader:240 - Cannot read IP mode file for STMicroelectronics.FP-SNS-FLIGHT1.5.1.0
2025-05-24 13:46:09,939 [INFO] WebApp:463 - Apply proxy settings
2025-05-24 13:46:09,939 [WARN] PackLoader:240 - Cannot read IP mode file for STMicroelectronics.X-CUBE-MEMS1.11.1.0
2025-05-24 13:46:09,940 [INFO] WebApp:548 - Chromium requires no authentication
2025-05-24 13:46:09,984 [INFO] WebApp:491 - Direct internet connection detected
2025-05-24 13:46:10,059 [INFO] WebApp:894 - Register for checkConnection events
2025-05-24 13:46:10,060 [INFO] WebApp:463 - Apply proxy settings
2025-05-24 13:46:10,060 [INFO] WebApp:548 - Chromium requires no authentication
2025-05-24 13:46:10,061 [INFO] WebApp:491 - Direct internet connection detected
2025-05-24 13:46:10,193 [INFO] LogOutputStream:77 - [STDOUT_REDIRECT] 1 : Invalid condition id : UX_CORESTACK_Condition cause : null
2025-05-24 13:46:10,194 [INFO] LogOutputStream:77 - [STDOUT_REDIRECT] 1 : Invalid condition id : UX_CORESTACK_Condition cause : null
2025-05-24 13:46:10,196 [INFO] LogOutputStream:77 - [STDOUT_REDIRECT] 1 : Invalid condition id : UX_CORESTACK_Condition cause : null
2025-05-24 13:46:10,198 [INFO] LogOutputStream:77 - [STDOUT_REDIRECT] 1 : Invalid condition id : UX_CORESTACK_Condition cause : null
2025-05-24 13:46:10,202 [INFO] LogOutputStream:77 - [STDOUT_REDIRECT] 1 : Invalid condition id : UX_CORESTACK_Condition cause : null
2025-05-24 13:46:10,207 [WARN] PackLoader:240 - Cannot read IP mode file for STMicroelectronics.X-CUBE-AZRTOS-WL.2.0.0
2025-05-24 13:46:10,216 [WARN] PackLoader:240 - Cannot read IP mode file for STMicroelectronics.FP-SNS-MOTENV1.5.0.0
2025-05-24 13:46:10,226 [WARN] PackLoader:240 - Cannot read IP mode file for wolfSSL.I-CUBE-wolfMQTT.1.19.0
2025-05-24 13:46:10,240 [WARN] PackLoader:240 - Cannot read IP mode file for WES.I-CUBE-Cesium.1.3.0
2025-05-24 13:46:10,251 [WARN] PackLoader:240 - Cannot read IP mode file for STMicroelectronics.X-CUBE-BLE2.3.3.0
2025-05-24 13:46:10,270 [WARN] PackLoader:240 - Cannot read IP mode file for STMicroelectronics.X-CUBE-NFC9.1.0.0
2025-05-24 13:46:10,288 [WARN] PackLoader:240 - Cannot read IP mode file for STMicroelectronics.X-CUBE-BLE1.7.1.0
2025-05-24 13:46:10,300 [WARN] PackLoader:240 - Cannot read IP mode file for STMicroelectronics.X-CUBE-TCPP.4.1.0
2025-05-24 13:46:10,314 [WARN] PackLoader:240 - Cannot read IP mode file for STMicroelectronics.X-CUBE-ALGOBUILD.1.3.0
2025-05-24 13:46:10,349 [INFO] WebApp:191 - Connection restablished
2025-05-24 13:46:10,417 [WARN] PackLoader:240 - Cannot read IP mode file for STMicroelectronics.X-CUBE-MEMS1.11.2.0
2025-05-24 13:46:10,679 [WARN] PackLoader:240 - Cannot read IP mode file for STMicroelectronics.X-CUBE-AZRTOS-G0.1.1.0
2025-05-24 13:46:10,694 [WARN] PackLoader:240 - Cannot read IP mode file for STMicroelectronics.X-CUBE-SAFEA1.1.2.2
2025-05-24 13:46:10,705 [WARN] PackLoader:240 - Cannot read IP mode file for STMicroelectronics.X-CUBE-NFC4.3.0.0
2025-05-24 13:46:10,713 [WARN] PackLoader:240 - Cannot read IP mode file for wolfSSL.I-CUBE-wolfMQTT.1.18.0
2025-05-24 13:46:10,738 [WARN] PackLoader:240 - Cannot read IP mode file for EmbeddedOffice.I-CUBE-FS-RTOS.1.0.1
2025-05-24 13:46:10,753 [WARN] PackLoader:240 - Cannot read IP mode file for STMicroelectronics.X-CUBE-WB05N.2.0.0
2025-05-24 13:46:10,767 [WARN] PackLoader:240 - Cannot read IP mode file for STMicroelectronics.X-CUBE-TCPP.4.2.0
2025-05-24 13:46:10,778 [WARN] PackLoader:240 - Cannot read IP mode file for RealThread.X-CUBE-RT-Thread_Nano.4.1.1
2025-05-24 13:46:10,786 [WARN] PackLoader:240 - Cannot read IP mode file for wolfSSL.I-CUBE-wolfSSL.5.7.0
2025-05-24 13:46:10,794 [WARN] PackLoader:240 - Cannot read IP mode file for STMicroelectronics.FP-ATR-SIGFOX1.3.2.0
2025-05-24 13:46:10,803 [WARN] ConditionMgr:438 - getConditionDescription Invalid condition id : Cortex-A Device cause : null
2025-05-24 13:46:10,817 [INFO] WebApp:225 - Starting web application
2025-05-24 13:46:10,818 [INFO] WebApp:593 - Web application path used C:\ST\STM32CubeIDE_1.15.0\STM32CubeIDE\plugins\com.st.stm32cube.common.mx_6.14.0.202502271554\db\plugins\mcufinder\reactClient1\index.html
2025-05-24 13:46:10,824 [WARN] ConditionMgr:1044 - genDependencies : Invalid condition id : Cortex-A Device cause : null
2025-05-24 13:46:10,824 [WARN] ConditionMgr:1044 - genDependencies : Invalid condition id : Cortex-A Device cause : null
2025-05-24 13:46:10,825 [WARN] ConditionMgr:1044 - genDependencies : Invalid condition id : Cortex-A Device cause : null
2025-05-24 13:46:10,839 [WARN] PackLoader:240 - Cannot read IP mode file for STMicroelectronics.X-CUBE-EEPRMA1.5.1.0
2025-05-24 13:46:10,852 [WARN] PackLoader:240 - Cannot read IP mode file for ITTIA_DB.I-CUBE-ITTIADB.8.9.0
2025-05-24 13:46:10,924 [WARN] PackLoader:240 - Cannot read IP mode file for SEGGER.I-CUBE-embOS.1.3.1
2025-05-24 13:46:10,999 [WARN] PackLoader:240 - Cannot read IP mode file for STMicroelectronics.X-CUBE-ALGOBUILD.1.4.0
2025-05-24 13:46:11,026 [WARN] PackLoader:240 - Cannot read IP mode file for STMicroelectronics.X-CUBE-AI.9.1.0
2025-05-24 13:46:11,040 [WARN] PackLoader:240 - Cannot read IP mode file for STMicroelectronics.X-CUBE-GNSS1.6.0.0
2025-05-24 13:46:11,114 [WARN] PackLoader:240 - Cannot read IP mode file for STMicroelectronics.X-CUBE-AZRTOS-F4.1.1.0
2025-05-24 13:46:11,132 [WARN] PackLoader:240 - Cannot read IP mode file for Avnet-IotConnect.X-CUBE-IoTC-DA16k-PMOD.1.0.0
2025-05-24 13:46:11,160 [WARN] PackLoader:240 - Cannot read IP mode file for STMicroelectronics.X-CUBE-ISPU.2.1.0
2025-05-24 13:46:11,174 [WARN] PackLoader:240 - Cannot read IP mode file for STMicroelectronics.X-CUBE-FREERTOS.1.2.0
2025-05-24 13:46:11,220 [WARN] PackLoader:240 - Cannot read IP mode file for STMicroelectronics.X-CUBE-AZRTOS-L5.2.0.0
2025-05-24 13:46:11,239 [WARN] PackLoader:240 - Cannot read IP mode file for STMicroelectronics.X-CUBE-NFC6.3.1.0
2025-05-24 13:46:11,258 [WARN] PackLoader:240 - Cannot read IP mode file for STMicroelectronics.X-CUBE-DPower.1.2.0
2025-05-24 13:46:11,267 [WARN] PackLoader:240 - Cannot read IP mode file for STMicroelectronics.X-CUBE-AI.9.0.0
2025-05-24 13:46:11,280 [WARN] PackLoader:240 - Cannot read IP mode file for STMicroelectronics.X-CUBE-FREERTOS.1.3.1
2025-05-24 13:46:11,288 [WARN] PackLoader:240 - Cannot read IP mode file for STMicroelectronics.X-CUBE-FREERTOS.1.3.0
2025-05-24 13:46:11,300 [WARN] PackLoader:240 - Cannot read IP mode file for STMicroelectronics.X-CUBE-NFC7.1.0.1
2025-05-24 13:46:11,310 [WARN] PackLoader:240 - Cannot read IP mode file for wolfSSL.I-CUBE-wolfTPM.3.2.0
2025-05-24 13:46:11,320 [WARN] PackLoader:240 - Cannot read IP mode file for STMicroelectronics.X-CUBE-DPower.1.3.0
2025-05-24 13:46:11,327 [WARN] PackLoader:240 - Cannot read IP mode file for STMicroelectronics.X-CUBE-AI.8.1.0
2025-05-24 13:46:11,363 [WARN] ConditionMgr:438 - getConditionDescription Invalid condition id : LAN8742 Phy interface Condition cause : null
2025-05-24 13:46:11,366 [WARN] PackLoader:240 - Cannot read IP mode file for STMicroelectronics.X-CUBE-AZRTOS-L4.2.0.0
2025-05-24 13:46:11,368 [WARN] ConditionMgr:1044 - genDependencies : Invalid condition id : LAN8742 Phy interface Condition cause : null
2025-05-24 13:46:11,369 [INFO] UserAuth:486 - Internet connection configuration mode: 1
2025-05-24 13:46:11,369 [WARN] ConditionMgr:1044 - genDependencies : Invalid condition id : LAN8742 Phy interface Condition cause : null
2025-05-24 13:46:11,372 [WARN] ConditionMgr:1044 - genDependencies : Invalid condition id : LAN8742 Phy interface Condition cause : null
2025-05-24 13:46:11,387 [WARN] PackLoader:240 - Cannot read IP mode file for STMicroelectronics.X-CUBE-SFXS2LP1.4.0.0
2025-05-24 13:46:11,435 [WARN] PackLoader:240 - Cannot read IP mode file for STMicroelectronics.X-CUBE-AZRTOS-H7.3.3.0
2025-05-24 13:46:11,457 [WARN] PackLoader:240 - Cannot read IP mode file for STMicroelectronics.X-CUBE-IPS.3.0.0
2025-05-24 13:46:11,484 [WARN] ConditionMgr:438 - getConditionDescription Invalid condition id : UX DEVICE CLASS RTOS Condition cause : null
2025-05-24 13:46:11,484 [WARN] ConditionMgr:438 - getConditionDescription Invalid condition id : UX DEVICE CLASS RTOS Condition cause : null
2025-05-24 13:46:11,488 [WARN] PackLoader:240 - Cannot read IP mode file for STMicroelectronics.X-CUBE-AZRTOS-WB.2.0.0
2025-05-24 13:46:11,489 [WARN] ConditionMgr:1044 - genDependencies : Invalid condition id : UX DEVICE CLASS RTOS Condition cause : null
2025-05-24 13:46:11,489 [WARN] ConditionMgr:1044 - genDependencies : Invalid condition id : UX DEVICE CLASS RTOS Condition cause : null
2025-05-24 13:46:11,490 [WARN] ConditionMgr:1044 - genDependencies : Invalid condition id : UX DEVICE CLASS RTOS Condition cause : null
2025-05-24 13:46:11,490 [WARN] ConditionMgr:1044 - genDependencies : Invalid condition id : UX DEVICE CLASS RTOS Condition cause : null
2025-05-24 13:46:11,490 [WARN] ConditionMgr:1044 - genDependencies : Invalid condition id : UX DEVICE CLASS RTOS Condition cause : null
2025-05-24 13:46:11,500 [WARN] PackLoader:240 - Cannot read IP mode file for STMicroelectronics.X-CUBE-GNSS1.7.0.0
2025-05-24 13:46:11,507 [WARN] PackLoader:240 - Cannot read IP mode file for STMicroelectronics.X-CUBE-GNSS1.7.0.1
2025-05-24 13:46:11,515 [WARN] PackLoader:240 - Cannot read IP mode file for STMicroelectronics.X-CUBE-TOUCHGFX.4.25.0
2025-05-24 13:46:11,523 [WARN] PackLoader:240 - Cannot read IP mode file for STMicroelectronics.FP-SNS-STBOX1.2.0.0
2025-05-24 13:46:11,541 [WARN] PackLoader:240 - Cannot read IP mode file for STMicroelectronics.X-CUBE-SUBG2.5.0.0
2025-05-24 13:46:11,576 [WARN] PackLoader:240 - Cannot read IP mode file for STMicroelectronics.X-CUBE-AZRTOS-H7RS.1.1.0
2025-05-24 13:46:11,599 [WARN] PackLoader:240 - Cannot read IP mode file for STMicroelectronics.X-CUBE-AZRTOS-G4.2.0.0
2025-05-24 13:46:11,607 [WARN] PackLoader:240 - Cannot read IP mode file for STMicroelectronics.X-CUBE-NFC7.2.0.0
2025-05-24 13:46:11,613 [WARN] PackLoader:240 - Cannot read IP mode file for STMicroelectronics.FP-SNS-MOTENVWB1.1.3.1
2025-05-24 13:46:11,619 [WARN] PackLoader:240 - Cannot read IP mode file for STMicroelectronics.X-CUBE-ISPU.2.0.0
2025-05-24 13:46:11,640 [WARN] PackLoader:240 - Cannot read IP mode file for STMicroelectronics.X-CUBE-IPS.3.1.0
2025-05-24 13:46:11,657 [WARN] PackLoader:240 - Cannot read IP mode file for STMicroelectronics.X-CUBE-ALS.1.0.2
2025-05-24 13:46:11,744 [WARN] PackLoader:240 - Cannot read IP mode file for STMicroelectronics.X-CUBE-MEMS1.10.0.0
2025-05-24 13:46:11,920 [WARN] PackLoader:240 - Cannot read IP mode file for STMicroelectronics.X-CUBE-FREERTOS.1.1.0
2025-05-24 13:46:11,925 [WARN] PackLoader:240 - Cannot read IP mode file for STMicroelectronics.X-CUBE-TOUCHGFX.4.24.0
2025-05-24 13:46:11,931 [WARN] PackLoader:240 - Cannot read IP mode file for STMicroelectronics.X-CUBE-TOUCHGFX.4.24.2
2025-05-24 13:46:11,937 [WARN] PackLoader:240 - Cannot read IP mode file for STMicroelectronics.X-CUBE-TOUCHGFX.4.24.1
2025-05-24 13:46:11,947 [WARN] PackLoader:240 - Cannot read IP mode file for portGmbH.I-Cube-SoM-uGOAL.1.1.0
2025-05-24 13:46:11,954 [WARN] PackLoader:240 - Cannot read IP mode file for STMicroelectronics.X-CUBE-ALS.1.0.1
2025-05-24 13:46:11,976 [WARN] PackLoader:240 - Cannot read IP mode file for STMicroelectronics.X-CUBE-AZRTOS-H7RS.1.0.0
2025-05-24 13:46:11,983 [WARN] PackLoader:240 - Cannot read IP mode file for STMicroelectronics.FP-ATR-ASTRA1.2.0.0
2025-05-24 13:46:11,999 [WARN] PackLoader:240 - Cannot read IP mode file for STMicroelectronics.X-CUBE-TOF1.3.4.2
2025-05-24 13:46:12,026 [WARN] PackLoader:240 - Cannot read IP mode file for STMicroelectronics.X-CUBE-TOF1.3.4.3
2025-05-24 13:46:12,055 [WARN] PackLoader:240 - Cannot read IP mode file for STMicroelectronics.X-CUBE-TOF1.3.4.1
2025-05-24 13:46:12,095 [WARN] PackLoader:240 - Cannot read IP mode file for STMicroelectronics.X-CUBE-AZRTOS-H7.3.2.0
2025-05-24 13:46:12,116 [WARN] PackLoader:240 - Cannot read IP mode file for Infineon.AIROC-Wi-Fi-Bluetooth-STM32.1.6.0
2025-05-24 13:46:12,126 [WARN] PackLoader:240 - Cannot read IP mode file for wolfSSL.I-CUBE-wolfSSH.1.4.17
2025-05-24 13:46:12,127 [INFO] ThirdParty:978 - Integrity check success = true
2025-05-24 13:46:12,127 [INFO] IntegrityCheckThread:100 - exiting critical section [integrity check]
2025-05-24 13:46:12,127 [INFO] IntegrityCheckThread:103 - End integrity checks thread
