13:08:34 **** Incremental Build of configuration Debug for project ODB2 ****
make -j12 all 
arm-none-eabi-gcc "../Core/Src/main.c" -mcpu=cortex-m4 -std=gnu11 -g3 -DDEBUG -DUSE_HAL_DRIVER -DSTM32F412Zx -c -I../USB_DEVICE/App -I../USB_DEVICE/Target -I../Core/Inc -I../Drivers/STM32F4xx_HAL_Driver/Inc -I../Drivers/STM32F4xx_HAL_Driver/Inc/Legacy -I../Middlewares/ST/STM32_USB_Device_Library/Core/Inc -I../Middlewares/ST/STM32_USB_Device_Library/Class/CDC/Inc -I../Drivers/CMSIS/Device/ST/STM32F4xx/Include -I../Drivers/CMSIS/Include -O0 -ffunction-sections -fdata-sections -Wall -fstack-usage -fcyclomatic-complexity -MMD -MP -MF"Core/Src/main.d" -MT"Core/Src/main.o" --specs=nano.specs -mfpu=fpv4-sp-d16 -mfloat-abi=hard -mthumb -o "Core/Src/main.o"
../Core/Src/main.c:528:13: warning: 'MX_GPIO_Init' defined but not used [-Wunused-function]
  528 | static void MX_GPIO_Init(void)
      |             ^~~~~~~~~~~~
../Core/Src/main.c:495:13: warning: 'MX_USART6_UART_Init' defined but not used [-Wunused-function]
  495 | static void MX_USART6_UART_Init(void)
      |             ^~~~~~~~~~~~~~~~~~~
../Core/Src/main.c:462:13: warning: 'MX_USART2_UART_Init' defined but not used [-Wunused-function]
  462 | static void MX_USART2_UART_Init(void)
      |             ^~~~~~~~~~~~~~~~~~~
../Core/Src/main.c:429:13: warning: 'MX_USART1_UART_Init' defined but not used [-Wunused-function]
  429 | static void MX_USART1_UART_Init(void)
      |             ^~~~~~~~~~~~~~~~~~~
../Core/Src/main.c:354:13: warning: 'MX_TIM1_Init' defined but not used [-Wunused-function]
  354 | static void MX_TIM1_Init(void)
      |             ^~~~~~~~~~~~
../Core/Src/main.c:316:13: warning: 'MX_SPI5_Init' defined but not used [-Wunused-function]
  316 | static void MX_SPI5_Init(void)
      |             ^~~~~~~~~~~~
../Core/Src/main.c:278:13: warning: 'MX_SPI4_Init' defined but not used [-Wunused-function]
  278 | static void MX_SPI4_Init(void)
      |             ^~~~~~~~~~~~
../Core/Src/main.c:240:13: warning: 'MX_SPI1_Init' defined but not used [-Wunused-function]
  240 | static void MX_SPI1_Init(void)
      |             ^~~~~~~~~~~~
../Core/Src/main.c:188:13: warning: 'MX_ADC1_Init' defined but not used [-Wunused-function]
  188 | static void MX_ADC1_Init(void)
      |             ^~~~~~~~~~~~
arm-none-eabi-gcc -o "ODB2.elf" @"objects.list"   -mcpu=cortex-m4 -T"C:\Users\gagno\OneDrive\Documents\GitHub\Ordinateur-de-bord\STM32CubeIDE\ODB2\STM32F412ZGTX_FLASH.ld" --specs=nosys.specs -Wl,-Map="ODB2.map" -Wl,--gc-sections -static --specs=nano.specs -mfpu=fpv4-sp-d16 -mfloat-abi=hard -mthumb -Wl,--start-group -lc -lm -Wl,--end-group
Finished building target: ODB2.elf
 
arm-none-eabi-size  ODB2.elf 
arm-none-eabi-objdump -h -S ODB2.elf  > "ODB2.list"
   text	   data	    bss	    dec	    hex	filename
  19852	     12	   2828	  22692	   58a4	ODB2.elf
Finished building: default.size.stdout
 
Finished building: ODB2.list
 
13:08:42 **** Incremental Build of configuration Debug for project ODB2 ****
make -j12 all 
arm-none-eabi-size  ODB2.elf 
   text	   data	    bss	    dec	    hex	filename
  19852	     12	   2828	  22692	   58a4	ODB2.elf
Finished building: default.size.stdout
 
