18:36:04 **** Build of configuration Debug for project ODB1 ****
make -j12 all 
arm-none-eabi-gcc "../Middlewares/Third_Party/FatFs/src/option/ccsbcs.c" -mcpu=cortex-m3 -std=gnu11 -g3 -DDEBUG -DUSE_HAL_DRIVER -DSTM32F103xB -DUSE_FULL_LL_DRIVER -c -I../Core/Inc -I../Drivers/STM32F1xx_HAL_Driver/Inc -I../Drivers/STM32F1xx_HAL_Driver/Inc/Legacy -I../Drivers/CMSIS/Device/ST/STM32F1xx/Include -I../Drivers/CMSIS/Include -I../FATFS/Target -I../FATFS/App -I../Middlewares/Third_Party/FatFs/src -Og -ffunction-sections -fdata-sections -Wall -fstack-usage -fcyclomatic-complexity -MMD -MP -MF"Middlewares/Third_Party/FatFs/src/option/ccsbcs.d" -MT"Middlewares/Third_Party/FatFs/src/option/ccsbcs.o" --specs=nano.specs -mfloat-abi=soft -mthumb -o "Middlewares/Third_Party/FatFs/src/option/ccsbcs.o"
arm-none-eabi-gcc "../Middlewares/Third_Party/FatFs/src/option/syscall.c" -mcpu=cortex-m3 -std=gnu11 -g3 -DDEBUG -DUSE_HAL_DRIVER -DSTM32F103xB -DUSE_FULL_LL_DRIVER -c -I../Core/Inc -I../Drivers/STM32F1xx_HAL_Driver/Inc -I../Drivers/STM32F1xx_HAL_Driver/Inc/Legacy -I../Drivers/CMSIS/Device/ST/STM32F1xx/Include -I../Drivers/CMSIS/Include -I../FATFS/Target -I../FATFS/App -I../Middlewares/Third_Party/FatFs/src -Og -ffunction-sections -fdata-sections -Wall -fstack-usage -fcyclomatic-complexity -MMD -MP -MF"Middlewares/Third_Party/FatFs/src/option/syscall.d" -MT"Middlewares/Third_Party/FatFs/src/option/syscall.o" --specs=nano.specs -mfloat-abi=soft -mthumb -o "Middlewares/Third_Party/FatFs/src/option/syscall.o"
arm-none-eabi-gcc "../Middlewares/Third_Party/FatFs/src/diskio.c" -mcpu=cortex-m3 -std=gnu11 -g3 -DDEBUG -DUSE_HAL_DRIVER -DSTM32F103xB -DUSE_FULL_LL_DRIVER -c -I../Core/Inc -I../Drivers/STM32F1xx_HAL_Driver/Inc -I../Drivers/STM32F1xx_HAL_Driver/Inc/Legacy -I../Drivers/CMSIS/Device/ST/STM32F1xx/Include -I../Drivers/CMSIS/Include -I../FATFS/Target -I../FATFS/App -I../Middlewares/Third_Party/FatFs/src -Og -ffunction-sections -fdata-sections -Wall -fstack-usage -fcyclomatic-complexity -MMD -MP -MF"Middlewares/Third_Party/FatFs/src/diskio.d" -MT"Middlewares/Third_Party/FatFs/src/diskio.o" --specs=nano.specs -mfloat-abi=soft -mthumb -o "Middlewares/Third_Party/FatFs/src/diskio.o"
arm-none-eabi-gcc "../Middlewares/Third_Party/FatFs/src/ff.c" -mcpu=cortex-m3 -std=gnu11 -g3 -DDEBUG -DUSE_HAL_DRIVER -DSTM32F103xB -DUSE_FULL_LL_DRIVER -c -I../Core/Inc -I../Drivers/STM32F1xx_HAL_Driver/Inc -I../Drivers/STM32F1xx_HAL_Driver/Inc/Legacy -I../Drivers/CMSIS/Device/ST/STM32F1xx/Include -I../Drivers/CMSIS/Include -I../FATFS/Target -I../FATFS/App -I../Middlewares/Third_Party/FatFs/src -Og -ffunction-sections -fdata-sections -Wall -fstack-usage -fcyclomatic-complexity -MMD -MP -MF"Middlewares/Third_Party/FatFs/src/ff.d" -MT"Middlewares/Third_Party/FatFs/src/ff.o" --specs=nano.specs -mfloat-abi=soft -mthumb -o "Middlewares/Third_Party/FatFs/src/ff.o"
arm-none-eabi-gcc "../Middlewares/Third_Party/FatFs/src/ff_gen_drv.c" -mcpu=cortex-m3 -std=gnu11 -g3 -DDEBUG -DUSE_HAL_DRIVER -DSTM32F103xB -DUSE_FULL_LL_DRIVER -c -I../Core/Inc -I../Drivers/STM32F1xx_HAL_Driver/Inc -I../Drivers/STM32F1xx_HAL_Driver/Inc/Legacy -I../Drivers/CMSIS/Device/ST/STM32F1xx/Include -I../Drivers/CMSIS/Include -I../FATFS/Target -I../FATFS/App -I../Middlewares/Third_Party/FatFs/src -Og -ffunction-sections -fdata-sections -Wall -fstack-usage -fcyclomatic-complexity -MMD -MP -MF"Middlewares/Third_Party/FatFs/src/ff_gen_drv.d" -MT"Middlewares/Third_Party/FatFs/src/ff_gen_drv.o" --specs=nano.specs -mfloat-abi=soft -mthumb -o "Middlewares/Third_Party/FatFs/src/ff_gen_drv.o"
arm-none-eabi-gcc "../FATFS/Target/user_diskio.c" -mcpu=cortex-m3 -std=gnu11 -g3 -DDEBUG -DUSE_HAL_DRIVER -DSTM32F103xB -DUSE_FULL_LL_DRIVER -c -I../Core/Inc -I../Drivers/STM32F1xx_HAL_Driver/Inc -I../Drivers/STM32F1xx_HAL_Driver/Inc/Legacy -I../Drivers/CMSIS/Device/ST/STM32F1xx/Include -I../Drivers/CMSIS/Include -I../FATFS/Target -I../FATFS/App -I../Middlewares/Third_Party/FatFs/src -Og -ffunction-sections -fdata-sections -Wall -fstack-usage -fcyclomatic-complexity -MMD -MP -MF"FATFS/Target/user_diskio.d" -MT"FATFS/Target/user_diskio.o" --specs=nano.specs -mfloat-abi=soft -mthumb -o "FATFS/Target/user_diskio.o"
arm-none-eabi-gcc "../FATFS/App/fatfs.c" -mcpu=cortex-m3 -std=gnu11 -g3 -DDEBUG -DUSE_HAL_DRIVER -DSTM32F103xB -DUSE_FULL_LL_DRIVER -c -I../Core/Inc -I../Drivers/STM32F1xx_HAL_Driver/Inc -I../Drivers/STM32F1xx_HAL_Driver/Inc/Legacy -I../Drivers/CMSIS/Device/ST/STM32F1xx/Include -I../Drivers/CMSIS/Include -I../FATFS/Target -I../FATFS/App -I../Middlewares/Third_Party/FatFs/src -Og -ffunction-sections -fdata-sections -Wall -fstack-usage -fcyclomatic-complexity -MMD -MP -MF"FATFS/App/fatfs.d" -MT"FATFS/App/fatfs.o" --specs=nano.specs -mfloat-abi=soft -mthumb -o "FATFS/App/fatfs.o"
arm-none-eabi-gcc "../Drivers/STM32F1xx_HAL_Driver/Src/stm32f1xx_hal.c" -mcpu=cortex-m3 -std=gnu11 -DDEBUG -DUSE_HAL_DRIVER -DSTM32F103xB -DUSE_FULL_LL_DRIVER -c -I../Core/Inc -I../Drivers/STM32F1xx_HAL_Driver/Inc -I../Drivers/STM32F1xx_HAL_Driver/Inc/Legacy -I../Drivers/CMSIS/Device/ST/STM32F1xx/Include -I../Drivers/CMSIS/Include -I../FATFS/Target -I../FATFS/App -I../Middlewares/Third_Party/FatFs/src -Og -ffunction-sections -fdata-sections -Wall -fstack-usage -fcyclomatic-complexity -MMD -MP -MF"Drivers/STM32F1xx_HAL_Driver/Src/stm32f1xx_hal.d" -MT"Drivers/STM32F1xx_HAL_Driver/Src/stm32f1xx_hal.o" --specs=nano.specs -mfloat-abi=soft -mthumb -o "Drivers/STM32F1xx_HAL_Driver/Src/stm32f1xx_hal.o"
arm-none-eabi-gcc "../Drivers/STM32F1xx_HAL_Driver/Src/stm32f1xx_hal_adc.c" -mcpu=cortex-m3 -std=gnu11 -DDEBUG -DUSE_HAL_DRIVER -DSTM32F103xB -DUSE_FULL_LL_DRIVER -c -I../Core/Inc -I../Drivers/STM32F1xx_HAL_Driver/Inc -I../Drivers/STM32F1xx_HAL_Driver/Inc/Legacy -I../Drivers/CMSIS/Device/ST/STM32F1xx/Include -I../Drivers/CMSIS/Include -I../FATFS/Target -I../FATFS/App -I../Middlewares/Third_Party/FatFs/src -Og -ffunction-sections -fdata-sections -Wall -fstack-usage -fcyclomatic-complexity -MMD -MP -MF"Drivers/STM32F1xx_HAL_Driver/Src/stm32f1xx_hal_adc.d" -MT"Drivers/STM32F1xx_HAL_Driver/Src/stm32f1xx_hal_adc.o" --specs=nano.specs -mfloat-abi=soft -mthumb -o "Drivers/STM32F1xx_HAL_Driver/Src/stm32f1xx_hal_adc.o"
arm-none-eabi-gcc "../Drivers/STM32F1xx_HAL_Driver/Src/stm32f1xx_hal_adc_ex.c" -mcpu=cortex-m3 -std=gnu11 -DDEBUG -DUSE_HAL_DRIVER -DSTM32F103xB -DUSE_FULL_LL_DRIVER -c -I../Core/Inc -I../Drivers/STM32F1xx_HAL_Driver/Inc -I../Drivers/STM32F1xx_HAL_Driver/Inc/Legacy -I../Drivers/CMSIS/Device/ST/STM32F1xx/Include -I../Drivers/CMSIS/Include -I../FATFS/Target -I../FATFS/App -I../Middlewares/Third_Party/FatFs/src -Og -ffunction-sections -fdata-sections -Wall -fstack-usage -fcyclomatic-complexity -MMD -MP -MF"Drivers/STM32F1xx_HAL_Driver/Src/stm32f1xx_hal_adc_ex.d" -MT"Drivers/STM32F1xx_HAL_Driver/Src/stm32f1xx_hal_adc_ex.o" --specs=nano.specs -mfloat-abi=soft -mthumb -o "Drivers/STM32F1xx_HAL_Driver/Src/stm32f1xx_hal_adc_ex.o"
arm-none-eabi-gcc "../Drivers/STM32F1xx_HAL_Driver/Src/stm32f1xx_hal_cortex.c" -mcpu=cortex-m3 -std=gnu11 -DDEBUG -DUSE_HAL_DRIVER -DSTM32F103xB -DUSE_FULL_LL_DRIVER -c -I../Core/Inc -I../Drivers/STM32F1xx_HAL_Driver/Inc -I../Drivers/STM32F1xx_HAL_Driver/Inc/Legacy -I../Drivers/CMSIS/Device/ST/STM32F1xx/Include -I../Drivers/CMSIS/Include -I../FATFS/Target -I../FATFS/App -I../Middlewares/Third_Party/FatFs/src -Og -ffunction-sections -fdata-sections -Wall -fstack-usage -fcyclomatic-complexity -MMD -MP -MF"Drivers/STM32F1xx_HAL_Driver/Src/stm32f1xx_hal_cortex.d" -MT"Drivers/STM32F1xx_HAL_Driver/Src/stm32f1xx_hal_cortex.o" --specs=nano.specs -mfloat-abi=soft -mthumb -o "Drivers/STM32F1xx_HAL_Driver/Src/stm32f1xx_hal_cortex.o"
arm-none-eabi-gcc "../Drivers/STM32F1xx_HAL_Driver/Src/stm32f1xx_hal_crc.c" -mcpu=cortex-m3 -std=gnu11 -DDEBUG -DUSE_HAL_DRIVER -DSTM32F103xB -DUSE_FULL_LL_DRIVER -c -I../Core/Inc -I../Drivers/STM32F1xx_HAL_Driver/Inc -I../Drivers/STM32F1xx_HAL_Driver/Inc/Legacy -I../Drivers/CMSIS/Device/ST/STM32F1xx/Include -I../Drivers/CMSIS/Include -I../FATFS/Target -I../FATFS/App -I../Middlewares/Third_Party/FatFs/src -Og -ffunction-sections -fdata-sections -Wall -fstack-usage -fcyclomatic-complexity -MMD -MP -MF"Drivers/STM32F1xx_HAL_Driver/Src/stm32f1xx_hal_crc.d" -MT"Drivers/STM32F1xx_HAL_Driver/Src/stm32f1xx_hal_crc.o" --specs=nano.specs -mfloat-abi=soft -mthumb -o "Drivers/STM32F1xx_HAL_Driver/Src/stm32f1xx_hal_crc.o"
../FATFS/Target/user_diskio.c: In function 'USER_initialize':
../FATFS/Target/user_diskio.c:85:16: warning: implicit declaration of function 'SD_disk_initialize'; did you mean 'disk_initialize'? [-Wimplicit-function-declaration]
   85 |         return SD_disk_initialize(pdrv);
      |                ^~~~~~~~~~~~~~~~~~
      |                disk_initialize
../FATFS/Target/user_diskio.c: In function 'USER_status':
../FATFS/Target/user_diskio.c:99:16: warning: implicit declaration of function 'SD_disk_status'; did you mean 'disk_status'? [-Wimplicit-function-declaration]
   99 |         return SD_disk_status (pdrv);
      |                ^~~~~~~~~~~~~~
      |                disk_status
../FATFS/Target/user_diskio.c: In function 'USER_read':
../FATFS/Target/user_diskio.c:119:16: warning: implicit declaration of function 'SD_disk_read'; did you mean 'disk_read'? [-Wimplicit-function-declaration]
  119 |         return SD_disk_read (pdrv, buff, sector, count);
      |                ^~~~~~~~~~~~
      |                disk_read
../FATFS/Target/user_diskio.c: In function 'USER_write':
../FATFS/Target/user_diskio.c:141:16: warning: implicit declaration of function 'SD_disk_write'; did you mean 'disk_write'? [-Wimplicit-function-declaration]
  141 |         return SD_disk_write (pdrv, buff, sector, count);
      |                ^~~~~~~~~~~~~
      |                disk_write
../FATFS/Target/user_diskio.c: In function 'USER_ioctl':
../FATFS/Target/user_diskio.c:161:9: warning: implicit declaration of function 'SD_disk_ioctl'; did you mean 'disk_ioctl'? [-Wimplicit-function-declaration]
  161 |         SD_disk_ioctl (pdrv, cmd, buff);
      |         ^~~~~~~~~~~~~
      |         disk_ioctl
../FATFS/Target/user_diskio.c:163:1: warning: control reaches end of non-void function [-Wreturn-type]
  163 | }
      | ^
arm-none-eabi-gcc "../Drivers/STM32F1xx_HAL_Driver/Src/stm32f1xx_hal_dma.c" -mcpu=cortex-m3 -std=gnu11 -DDEBUG -DUSE_HAL_DRIVER -DSTM32F103xB -DUSE_FULL_LL_DRIVER -c -I../Core/Inc -I../Drivers/STM32F1xx_HAL_Driver/Inc -I../Drivers/STM32F1xx_HAL_Driver/Inc/Legacy -I../Drivers/CMSIS/Device/ST/STM32F1xx/Include -I../Drivers/CMSIS/Include -I../FATFS/Target -I../FATFS/App -I../Middlewares/Third_Party/FatFs/src -Og -ffunction-sections -fdata-sections -Wall -fstack-usage -fcyclomatic-complexity -MMD -MP -MF"Drivers/STM32F1xx_HAL_Driver/Src/stm32f1xx_hal_dma.d" -MT"Drivers/STM32F1xx_HAL_Driver/Src/stm32f1xx_hal_dma.o" --specs=nano.specs -mfloat-abi=soft -mthumb -o "Drivers/STM32F1xx_HAL_Driver/Src/stm32f1xx_hal_dma.o"
arm-none-eabi-gcc "../Drivers/STM32F1xx_HAL_Driver/Src/stm32f1xx_hal_exti.c" -mcpu=cortex-m3 -std=gnu11 -DDEBUG -DUSE_HAL_DRIVER -DSTM32F103xB -DUSE_FULL_LL_DRIVER -c -I../Core/Inc -I../Drivers/STM32F1xx_HAL_Driver/Inc -I../Drivers/STM32F1xx_HAL_Driver/Inc/Legacy -I../Drivers/CMSIS/Device/ST/STM32F1xx/Include -I../Drivers/CMSIS/Include -I../FATFS/Target -I../FATFS/App -I../Middlewares/Third_Party/FatFs/src -Og -ffunction-sections -fdata-sections -Wall -fstack-usage -fcyclomatic-complexity -MMD -MP -MF"Drivers/STM32F1xx_HAL_Driver/Src/stm32f1xx_hal_exti.d" -MT"Drivers/STM32F1xx_HAL_Driver/Src/stm32f1xx_hal_exti.o" --specs=nano.specs -mfloat-abi=soft -mthumb -o "Drivers/STM32F1xx_HAL_Driver/Src/stm32f1xx_hal_exti.o"
arm-none-eabi-gcc "../Drivers/STM32F1xx_HAL_Driver/Src/stm32f1xx_hal_flash.c" -mcpu=cortex-m3 -std=gnu11 -DDEBUG -DUSE_HAL_DRIVER -DSTM32F103xB -DUSE_FULL_LL_DRIVER -c -I../Core/Inc -I../Drivers/STM32F1xx_HAL_Driver/Inc -I../Drivers/STM32F1xx_HAL_Driver/Inc/Legacy -I../Drivers/CMSIS/Device/ST/STM32F1xx/Include -I../Drivers/CMSIS/Include -I../FATFS/Target -I../FATFS/App -I../Middlewares/Third_Party/FatFs/src -Og -ffunction-sections -fdata-sections -Wall -fstack-usage -fcyclomatic-complexity -MMD -MP -MF"Drivers/STM32F1xx_HAL_Driver/Src/stm32f1xx_hal_flash.d" -MT"Drivers/STM32F1xx_HAL_Driver/Src/stm32f1xx_hal_flash.o" --specs=nano.specs -mfloat-abi=soft -mthumb -o "Drivers/STM32F1xx_HAL_Driver/Src/stm32f1xx_hal_flash.o"
arm-none-eabi-gcc "../Drivers/STM32F1xx_HAL_Driver/Src/stm32f1xx_hal_flash_ex.c" -mcpu=cortex-m3 -std=gnu11 -DDEBUG -DUSE_HAL_DRIVER -DSTM32F103xB -DUSE_FULL_LL_DRIVER -c -I../Core/Inc -I../Drivers/STM32F1xx_HAL_Driver/Inc -I../Drivers/STM32F1xx_HAL_Driver/Inc/Legacy -I../Drivers/CMSIS/Device/ST/STM32F1xx/Include -I../Drivers/CMSIS/Include -I../FATFS/Target -I../FATFS/App -I../Middlewares/Third_Party/FatFs/src -Og -ffunction-sections -fdata-sections -Wall -fstack-usage -fcyclomatic-complexity -MMD -MP -MF"Drivers/STM32F1xx_HAL_Driver/Src/stm32f1xx_hal_flash_ex.d" -MT"Drivers/STM32F1xx_HAL_Driver/Src/stm32f1xx_hal_flash_ex.o" --specs=nano.specs -mfloat-abi=soft -mthumb -o "Drivers/STM32F1xx_HAL_Driver/Src/stm32f1xx_hal_flash_ex.o"
arm-none-eabi-gcc "../Drivers/STM32F1xx_HAL_Driver/Src/stm32f1xx_hal_gpio.c" -mcpu=cortex-m3 -std=gnu11 -DDEBUG -DUSE_HAL_DRIVER -DSTM32F103xB -DUSE_FULL_LL_DRIVER -c -I../Core/Inc -I../Drivers/STM32F1xx_HAL_Driver/Inc -I../Drivers/STM32F1xx_HAL_Driver/Inc/Legacy -I../Drivers/CMSIS/Device/ST/STM32F1xx/Include -I../Drivers/CMSIS/Include -I../FATFS/Target -I../FATFS/App -I../Middlewares/Third_Party/FatFs/src -Og -ffunction-sections -fdata-sections -Wall -fstack-usage -fcyclomatic-complexity -MMD -MP -MF"Drivers/STM32F1xx_HAL_Driver/Src/stm32f1xx_hal_gpio.d" -MT"Drivers/STM32F1xx_HAL_Driver/Src/stm32f1xx_hal_gpio.o" --specs=nano.specs -mfloat-abi=soft -mthumb -o "Drivers/STM32F1xx_HAL_Driver/Src/stm32f1xx_hal_gpio.o"
arm-none-eabi-gcc "../Drivers/STM32F1xx_HAL_Driver/Src/stm32f1xx_hal_gpio_ex.c" -mcpu=cortex-m3 -std=gnu11 -DDEBUG -DUSE_HAL_DRIVER -DSTM32F103xB -DUSE_FULL_LL_DRIVER -c -I../Core/Inc -I../Drivers/STM32F1xx_HAL_Driver/Inc -I../Drivers/STM32F1xx_HAL_Driver/Inc/Legacy -I../Drivers/CMSIS/Device/ST/STM32F1xx/Include -I../Drivers/CMSIS/Include -I../FATFS/Target -I../FATFS/App -I../Middlewares/Third_Party/FatFs/src -Og -ffunction-sections -fdata-sections -Wall -fstack-usage -fcyclomatic-complexity -MMD -MP -MF"Drivers/STM32F1xx_HAL_Driver/Src/stm32f1xx_hal_gpio_ex.d" -MT"Drivers/STM32F1xx_HAL_Driver/Src/stm32f1xx_hal_gpio_ex.o" --specs=nano.specs -mfloat-abi=soft -mthumb -o "Drivers/STM32F1xx_HAL_Driver/Src/stm32f1xx_hal_gpio_ex.o"
arm-none-eabi-gcc "../Drivers/STM32F1xx_HAL_Driver/Src/stm32f1xx_hal_pwr.c" -mcpu=cortex-m3 -std=gnu11 -DDEBUG -DUSE_HAL_DRIVER -DSTM32F103xB -DUSE_FULL_LL_DRIVER -c -I../Core/Inc -I../Drivers/STM32F1xx_HAL_Driver/Inc -I../Drivers/STM32F1xx_HAL_Driver/Inc/Legacy -I../Drivers/CMSIS/Device/ST/STM32F1xx/Include -I../Drivers/CMSIS/Include -I../FATFS/Target -I../FATFS/App -I../Middlewares/Third_Party/FatFs/src -Og -ffunction-sections -fdata-sections -Wall -fstack-usage -fcyclomatic-complexity -MMD -MP -MF"Drivers/STM32F1xx_HAL_Driver/Src/stm32f1xx_hal_pwr.d" -MT"Drivers/STM32F1xx_HAL_Driver/Src/stm32f1xx_hal_pwr.o" --specs=nano.specs -mfloat-abi=soft -mthumb -o "Drivers/STM32F1xx_HAL_Driver/Src/stm32f1xx_hal_pwr.o"
arm-none-eabi-gcc "../Drivers/STM32F1xx_HAL_Driver/Src/stm32f1xx_hal_rcc.c" -mcpu=cortex-m3 -std=gnu11 -DDEBUG -DUSE_HAL_DRIVER -DSTM32F103xB -DUSE_FULL_LL_DRIVER -c -I../Core/Inc -I../Drivers/STM32F1xx_HAL_Driver/Inc -I../Drivers/STM32F1xx_HAL_Driver/Inc/Legacy -I../Drivers/CMSIS/Device/ST/STM32F1xx/Include -I../Drivers/CMSIS/Include -I../FATFS/Target -I../FATFS/App -I../Middlewares/Third_Party/FatFs/src -Og -ffunction-sections -fdata-sections -Wall -fstack-usage -fcyclomatic-complexity -MMD -MP -MF"Drivers/STM32F1xx_HAL_Driver/Src/stm32f1xx_hal_rcc.d" -MT"Drivers/STM32F1xx_HAL_Driver/Src/stm32f1xx_hal_rcc.o" --specs=nano.specs -mfloat-abi=soft -mthumb -o "Drivers/STM32F1xx_HAL_Driver/Src/stm32f1xx_hal_rcc.o"
arm-none-eabi-gcc "../Drivers/STM32F1xx_HAL_Driver/Src/stm32f1xx_hal_rcc_ex.c" -mcpu=cortex-m3 -std=gnu11 -DDEBUG -DUSE_HAL_DRIVER -DSTM32F103xB -DUSE_FULL_LL_DRIVER -c -I../Core/Inc -I../Drivers/STM32F1xx_HAL_Driver/Inc -I../Drivers/STM32F1xx_HAL_Driver/Inc/Legacy -I../Drivers/CMSIS/Device/ST/STM32F1xx/Include -I../Drivers/CMSIS/Include -I../FATFS/Target -I../FATFS/App -I../Middlewares/Third_Party/FatFs/src -Og -ffunction-sections -fdata-sections -Wall -fstack-usage -fcyclomatic-complexity -MMD -MP -MF"Drivers/STM32F1xx_HAL_Driver/Src/stm32f1xx_hal_rcc_ex.d" -MT"Drivers/STM32F1xx_HAL_Driver/Src/stm32f1xx_hal_rcc_ex.o" --specs=nano.specs -mfloat-abi=soft -mthumb -o "Drivers/STM32F1xx_HAL_Driver/Src/stm32f1xx_hal_rcc_ex.o"
arm-none-eabi-gcc "../Drivers/STM32F1xx_HAL_Driver/Src/stm32f1xx_hal_tim.c" -mcpu=cortex-m3 -std=gnu11 -DDEBUG -DUSE_HAL_DRIVER -DSTM32F103xB -DUSE_FULL_LL_DRIVER -c -I../Core/Inc -I../Drivers/STM32F1xx_HAL_Driver/Inc -I../Drivers/STM32F1xx_HAL_Driver/Inc/Legacy -I../Drivers/CMSIS/Device/ST/STM32F1xx/Include -I../Drivers/CMSIS/Include -I../FATFS/Target -I../FATFS/App -I../Middlewares/Third_Party/FatFs/src -Og -ffunction-sections -fdata-sections -Wall -fstack-usage -fcyclomatic-complexity -MMD -MP -MF"Drivers/STM32F1xx_HAL_Driver/Src/stm32f1xx_hal_tim.d" -MT"Drivers/STM32F1xx_HAL_Driver/Src/stm32f1xx_hal_tim.o" --specs=nano.specs -mfloat-abi=soft -mthumb -o "Drivers/STM32F1xx_HAL_Driver/Src/stm32f1xx_hal_tim.o"
arm-none-eabi-gcc "../Drivers/STM32F1xx_HAL_Driver/Src/stm32f1xx_hal_tim_ex.c" -mcpu=cortex-m3 -std=gnu11 -DDEBUG -DUSE_HAL_DRIVER -DSTM32F103xB -DUSE_FULL_LL_DRIVER -c -I../Core/Inc -I../Drivers/STM32F1xx_HAL_Driver/Inc -I../Drivers/STM32F1xx_HAL_Driver/Inc/Legacy -I../Drivers/CMSIS/Device/ST/STM32F1xx/Include -I../Drivers/CMSIS/Include -I../FATFS/Target -I../FATFS/App -I../Middlewares/Third_Party/FatFs/src -Og -ffunction-sections -fdata-sections -Wall -fstack-usage -fcyclomatic-complexity -MMD -MP -MF"Drivers/STM32F1xx_HAL_Driver/Src/stm32f1xx_hal_tim_ex.d" -MT"Drivers/STM32F1xx_HAL_Driver/Src/stm32f1xx_hal_tim_ex.o" --specs=nano.specs -mfloat-abi=soft -mthumb -o "Drivers/STM32F1xx_HAL_Driver/Src/stm32f1xx_hal_tim_ex.o"
arm-none-eabi-gcc "../Drivers/STM32F1xx_HAL_Driver/Src/stm32f1xx_hal_uart.c" -mcpu=cortex-m3 -std=gnu11 -DDEBUG -DUSE_HAL_DRIVER -DSTM32F103xB -DUSE_FULL_LL_DRIVER -c -I../Core/Inc -I../Drivers/STM32F1xx_HAL_Driver/Inc -I../Drivers/STM32F1xx_HAL_Driver/Inc/Legacy -I../Drivers/CMSIS/Device/ST/STM32F1xx/Include -I../Drivers/CMSIS/Include -I../FATFS/Target -I../FATFS/App -I../Middlewares/Third_Party/FatFs/src -Og -ffunction-sections -fdata-sections -Wall -fstack-usage -fcyclomatic-complexity -MMD -MP -MF"Drivers/STM32F1xx_HAL_Driver/Src/stm32f1xx_hal_uart.d" -MT"Drivers/STM32F1xx_HAL_Driver/Src/stm32f1xx_hal_uart.o" --specs=nano.specs -mfloat-abi=soft -mthumb -o "Drivers/STM32F1xx_HAL_Driver/Src/stm32f1xx_hal_uart.o"
arm-none-eabi-gcc "../Drivers/STM32F1xx_HAL_Driver/Src/stm32f1xx_ll_dma.c" -mcpu=cortex-m3 -std=gnu11 -DDEBUG -DUSE_HAL_DRIVER -DSTM32F103xB -DUSE_FULL_LL_DRIVER -c -I../Core/Inc -I../Drivers/STM32F1xx_HAL_Driver/Inc -I../Drivers/STM32F1xx_HAL_Driver/Inc/Legacy -I../Drivers/CMSIS/Device/ST/STM32F1xx/Include -I../Drivers/CMSIS/Include -I../FATFS/Target -I../FATFS/App -I../Middlewares/Third_Party/FatFs/src -Og -ffunction-sections -fdata-sections -Wall -fstack-usage -fcyclomatic-complexity -MMD -MP -MF"Drivers/STM32F1xx_HAL_Driver/Src/stm32f1xx_ll_dma.d" -MT"Drivers/STM32F1xx_HAL_Driver/Src/stm32f1xx_ll_dma.o" --specs=nano.specs -mfloat-abi=soft -mthumb -o "Drivers/STM32F1xx_HAL_Driver/Src/stm32f1xx_ll_dma.o"
arm-none-eabi-gcc "../Drivers/STM32F1xx_HAL_Driver/Src/stm32f1xx_ll_exti.c" -mcpu=cortex-m3 -std=gnu11 -DDEBUG -DUSE_HAL_DRIVER -DSTM32F103xB -DUSE_FULL_LL_DRIVER -c -I../Core/Inc -I../Drivers/STM32F1xx_HAL_Driver/Inc -I../Drivers/STM32F1xx_HAL_Driver/Inc/Legacy -I../Drivers/CMSIS/Device/ST/STM32F1xx/Include -I../Drivers/CMSIS/Include -I../FATFS/Target -I../FATFS/App -I../Middlewares/Third_Party/FatFs/src -Og -ffunction-sections -fdata-sections -Wall -fstack-usage -fcyclomatic-complexity -MMD -MP -MF"Drivers/STM32F1xx_HAL_Driver/Src/stm32f1xx_ll_exti.d" -MT"Drivers/STM32F1xx_HAL_Driver/Src/stm32f1xx_ll_exti.o" --specs=nano.specs -mfloat-abi=soft -mthumb -o "Drivers/STM32F1xx_HAL_Driver/Src/stm32f1xx_ll_exti.o"
arm-none-eabi-gcc "../Drivers/STM32F1xx_HAL_Driver/Src/stm32f1xx_ll_gpio.c" -mcpu=cortex-m3 -std=gnu11 -DDEBUG -DUSE_HAL_DRIVER -DSTM32F103xB -DUSE_FULL_LL_DRIVER -c -I../Core/Inc -I../Drivers/STM32F1xx_HAL_Driver/Inc -I../Drivers/STM32F1xx_HAL_Driver/Inc/Legacy -I../Drivers/CMSIS/Device/ST/STM32F1xx/Include -I../Drivers/CMSIS/Include -I../FATFS/Target -I../FATFS/App -I../Middlewares/Third_Party/FatFs/src -Og -ffunction-sections -fdata-sections -Wall -fstack-usage -fcyclomatic-complexity -MMD -MP -MF"Drivers/STM32F1xx_HAL_Driver/Src/stm32f1xx_ll_gpio.d" -MT"Drivers/STM32F1xx_HAL_Driver/Src/stm32f1xx_ll_gpio.o" --specs=nano.specs -mfloat-abi=soft -mthumb -o "Drivers/STM32F1xx_HAL_Driver/Src/stm32f1xx_ll_gpio.o"
arm-none-eabi-gcc "../Drivers/STM32F1xx_HAL_Driver/Src/stm32f1xx_ll_rcc.c" -mcpu=cortex-m3 -std=gnu11 -DDEBUG -DUSE_HAL_DRIVER -DSTM32F103xB -DUSE_FULL_LL_DRIVER -c -I../Core/Inc -I../Drivers/STM32F1xx_HAL_Driver/Inc -I../Drivers/STM32F1xx_HAL_Driver/Inc/Legacy -I../Drivers/CMSIS/Device/ST/STM32F1xx/Include -I../Drivers/CMSIS/Include -I../FATFS/Target -I../FATFS/App -I../Middlewares/Third_Party/FatFs/src -Og -ffunction-sections -fdata-sections -Wall -fstack-usage -fcyclomatic-complexity -MMD -MP -MF"Drivers/STM32F1xx_HAL_Driver/Src/stm32f1xx_ll_rcc.d" -MT"Drivers/STM32F1xx_HAL_Driver/Src/stm32f1xx_ll_rcc.o" --specs=nano.specs -mfloat-abi=soft -mthumb -o "Drivers/STM32F1xx_HAL_Driver/Src/stm32f1xx_ll_rcc.o"
arm-none-eabi-gcc "../Drivers/STM32F1xx_HAL_Driver/Src/stm32f1xx_ll_spi.c" -mcpu=cortex-m3 -std=gnu11 -DDEBUG -DUSE_HAL_DRIVER -DSTM32F103xB -DUSE_FULL_LL_DRIVER -c -I../Core/Inc -I../Drivers/STM32F1xx_HAL_Driver/Inc -I../Drivers/STM32F1xx_HAL_Driver/Inc/Legacy -I../Drivers/CMSIS/Device/ST/STM32F1xx/Include -I../Drivers/CMSIS/Include -I../FATFS/Target -I../FATFS/App -I../Middlewares/Third_Party/FatFs/src -Og -ffunction-sections -fdata-sections -Wall -fstack-usage -fcyclomatic-complexity -MMD -MP -MF"Drivers/STM32F1xx_HAL_Driver/Src/stm32f1xx_ll_spi.d" -MT"Drivers/STM32F1xx_HAL_Driver/Src/stm32f1xx_ll_spi.o" --specs=nano.specs -mfloat-abi=soft -mthumb -o "Drivers/STM32F1xx_HAL_Driver/Src/stm32f1xx_ll_spi.o"
arm-none-eabi-gcc "../Drivers/STM32F1xx_HAL_Driver/Src/stm32f1xx_ll_tim.c" -mcpu=cortex-m3 -std=gnu11 -DDEBUG -DUSE_HAL_DRIVER -DSTM32F103xB -DUSE_FULL_LL_DRIVER -c -I../Core/Inc -I../Drivers/STM32F1xx_HAL_Driver/Inc -I../Drivers/STM32F1xx_HAL_Driver/Inc/Legacy -I../Drivers/CMSIS/Device/ST/STM32F1xx/Include -I../Drivers/CMSIS/Include -I../FATFS/Target -I../FATFS/App -I../Middlewares/Third_Party/FatFs/src -Og -ffunction-sections -fdata-sections -Wall -fstack-usage -fcyclomatic-complexity -MMD -MP -MF"Drivers/STM32F1xx_HAL_Driver/Src/stm32f1xx_ll_tim.d" -MT"Drivers/STM32F1xx_HAL_Driver/Src/stm32f1xx_ll_tim.o" --specs=nano.specs -mfloat-abi=soft -mthumb -o "Drivers/STM32F1xx_HAL_Driver/Src/stm32f1xx_ll_tim.o"
arm-none-eabi-gcc "../Drivers/STM32F1xx_HAL_Driver/Src/stm32f1xx_ll_usart.c" -mcpu=cortex-m3 -std=gnu11 -DDEBUG -DUSE_HAL_DRIVER -DSTM32F103xB -DUSE_FULL_LL_DRIVER -c -I../Core/Inc -I../Drivers/STM32F1xx_HAL_Driver/Inc -I../Drivers/STM32F1xx_HAL_Driver/Inc/Legacy -I../Drivers/CMSIS/Device/ST/STM32F1xx/Include -I../Drivers/CMSIS/Include -I../FATFS/Target -I../FATFS/App -I../Middlewares/Third_Party/FatFs/src -Og -ffunction-sections -fdata-sections -Wall -fstack-usage -fcyclomatic-complexity -MMD -MP -MF"Drivers/STM32F1xx_HAL_Driver/Src/stm32f1xx_ll_usart.d" -MT"Drivers/STM32F1xx_HAL_Driver/Src/stm32f1xx_ll_usart.o" --specs=nano.specs -mfloat-abi=soft -mthumb -o "Drivers/STM32F1xx_HAL_Driver/Src/stm32f1xx_ll_usart.o"
arm-none-eabi-gcc "../Drivers/STM32F1xx_HAL_Driver/Src/stm32f1xx_ll_utils.c" -mcpu=cortex-m3 -std=gnu11 -DDEBUG -DUSE_HAL_DRIVER -DSTM32F103xB -DUSE_FULL_LL_DRIVER -c -I../Core/Inc -I../Drivers/STM32F1xx_HAL_Driver/Inc -I../Drivers/STM32F1xx_HAL_Driver/Inc/Legacy -I../Drivers/CMSIS/Device/ST/STM32F1xx/Include -I../Drivers/CMSIS/Include -I../FATFS/Target -I../FATFS/App -I../Middlewares/Third_Party/FatFs/src -Og -ffunction-sections -fdata-sections -Wall -fstack-usage -fcyclomatic-complexity -MMD -MP -MF"Drivers/STM32F1xx_HAL_Driver/Src/stm32f1xx_ll_utils.d" -MT"Drivers/STM32F1xx_HAL_Driver/Src/stm32f1xx_ll_utils.o" --specs=nano.specs -mfloat-abi=soft -mthumb -o "Drivers/STM32F1xx_HAL_Driver/Src/stm32f1xx_ll_utils.o"
arm-none-eabi-gcc -mcpu=cortex-m3 -DDEBUG -c -Wa,-W -x assembler-with-cpp -MMD -MP -MF"Core/Startup/startup_stm32f103c8tx.d" -MT"Core/Startup/startup_stm32f103c8tx.o" --specs=nano.specs -mfloat-abi=soft -mthumb -o "Core/Startup/startup_stm32f103c8tx.o" "../Core/Startup/startup_stm32f103c8tx.s"
arm-none-eabi-gcc "../Core/Src/GAUL_Drivers/Tests/BMP280_tests.c" -mcpu=cortex-m3 -std=gnu11 -g3 -DDEBUG -DUSE_HAL_DRIVER -DSTM32F103xB -DUSE_FULL_LL_DRIVER -c -I../Core/Inc -I../Drivers/STM32F1xx_HAL_Driver/Inc -I../Drivers/STM32F1xx_HAL_Driver/Inc/Legacy -I../Drivers/CMSIS/Device/ST/STM32F1xx/Include -I../Drivers/CMSIS/Include -I../FATFS/Target -I../FATFS/App -I../Middlewares/Third_Party/FatFs/src -Og -ffunction-sections -fdata-sections -Wall -fstack-usage -fcyclomatic-complexity -MMD -MP -MF"Core/Src/GAUL_Drivers/Tests/BMP280_tests.d" -MT"Core/Src/GAUL_Drivers/Tests/BMP280_tests.o" --specs=nano.specs -mfloat-abi=soft -mthumb -o "Core/Src/GAUL_Drivers/Tests/BMP280_tests.o"
arm-none-eabi-gcc "../Core/Src/GAUL_Drivers/Tests/L76LM33_tests.c" -mcpu=cortex-m3 -std=gnu11 -g3 -DDEBUG -DUSE_HAL_DRIVER -DSTM32F103xB -DUSE_FULL_LL_DRIVER -c -I../Core/Inc -I../Drivers/STM32F1xx_HAL_Driver/Inc -I../Drivers/STM32F1xx_HAL_Driver/Inc/Legacy -I../Drivers/CMSIS/Device/ST/STM32F1xx/Include -I../Drivers/CMSIS/Include -I../FATFS/Target -I../FATFS/App -I../Middlewares/Third_Party/FatFs/src -Og -ffunction-sections -fdata-sections -Wall -fstack-usage -fcyclomatic-complexity -MMD -MP -MF"Core/Src/GAUL_Drivers/Tests/L76LM33_tests.d" -MT"Core/Src/GAUL_Drivers/Tests/L76LM33_tests.o" --specs=nano.specs -mfloat-abi=soft -mthumb -o "Core/Src/GAUL_Drivers/Tests/L76LM33_tests.o"
arm-none-eabi-gcc "../Core/Src/GAUL_Drivers/Tests/NMEA_tests.c" -mcpu=cortex-m3 -std=gnu11 -g3 -DDEBUG -DUSE_HAL_DRIVER -DSTM32F103xB -DUSE_FULL_LL_DRIVER -c -I../Core/Inc -I../Drivers/STM32F1xx_HAL_Driver/Inc -I../Drivers/STM32F1xx_HAL_Driver/Inc/Legacy -I../Drivers/CMSIS/Device/ST/STM32F1xx/Include -I../Drivers/CMSIS/Include -I../FATFS/Target -I../FATFS/App -I../Middlewares/Third_Party/FatFs/src -Og -ffunction-sections -fdata-sections -Wall -fstack-usage -fcyclomatic-complexity -MMD -MP -MF"Core/Src/GAUL_Drivers/Tests/NMEA_tests.d" -MT"Core/Src/GAUL_Drivers/Tests/NMEA_tests.o" --specs=nano.specs -mfloat-abi=soft -mthumb -o "Core/Src/GAUL_Drivers/Tests/NMEA_tests.o"
arm-none-eabi-gcc "../Core/Src/GAUL_Drivers/Low_Level_Drivers/ADC_driver.c" -mcpu=cortex-m3 -std=gnu11 -g3 -DDEBUG -DUSE_HAL_DRIVER -DSTM32F103xB -DUSE_FULL_LL_DRIVER -c -I../Core/Inc -I../Drivers/STM32F1xx_HAL_Driver/Inc -I../Drivers/STM32F1xx_HAL_Driver/Inc/Legacy -I../Drivers/CMSIS/Device/ST/STM32F1xx/Include -I../Drivers/CMSIS/Include -I../FATFS/Target -I../FATFS/App -I../Middlewares/Third_Party/FatFs/src -Og -ffunction-sections -fdata-sections -Wall -fstack-usage -fcyclomatic-complexity -MMD -MP -MF"Core/Src/GAUL_Drivers/Low_Level_Drivers/ADC_driver.d" -MT"Core/Src/GAUL_Drivers/Low_Level_Drivers/ADC_driver.o" --specs=nano.specs -mfloat-abi=soft -mthumb -o "Core/Src/GAUL_Drivers/Low_Level_Drivers/ADC_driver.o"
arm-none-eabi-gcc "../Core/Src/GAUL_Drivers/Low_Level_Drivers/CRC_driver.c" -mcpu=cortex-m3 -std=gnu11 -g3 -DDEBUG -DUSE_HAL_DRIVER -DSTM32F103xB -DUSE_FULL_LL_DRIVER -c -I../Core/Inc -I../Drivers/STM32F1xx_HAL_Driver/Inc -I../Drivers/STM32F1xx_HAL_Driver/Inc/Legacy -I../Drivers/CMSIS/Device/ST/STM32F1xx/Include -I../Drivers/CMSIS/Include -I../FATFS/Target -I../FATFS/App -I../Middlewares/Third_Party/FatFs/src -Og -ffunction-sections -fdata-sections -Wall -fstack-usage -fcyclomatic-complexity -MMD -MP -MF"Core/Src/GAUL_Drivers/Low_Level_Drivers/CRC_driver.d" -MT"Core/Src/GAUL_Drivers/Low_Level_Drivers/CRC_driver.o" --specs=nano.specs -mfloat-abi=soft -mthumb -o "Core/Src/GAUL_Drivers/Low_Level_Drivers/CRC_driver.o"
arm-none-eabi-gcc "../Core/Src/GAUL_Drivers/Low_Level_Drivers/GPIO_driver.c" -mcpu=cortex-m3 -std=gnu11 -g3 -DDEBUG -DUSE_HAL_DRIVER -DSTM32F103xB -DUSE_FULL_LL_DRIVER -c -I../Core/Inc -I../Drivers/STM32F1xx_HAL_Driver/Inc -I../Drivers/STM32F1xx_HAL_Driver/Inc/Legacy -I../Drivers/CMSIS/Device/ST/STM32F1xx/Include -I../Drivers/CMSIS/Include -I../FATFS/Target -I../FATFS/App -I../Middlewares/Third_Party/FatFs/src -Og -ffunction-sections -fdata-sections -Wall -fstack-usage -fcyclomatic-complexity -MMD -MP -MF"Core/Src/GAUL_Drivers/Low_Level_Drivers/GPIO_driver.d" -MT"Core/Src/GAUL_Drivers/Low_Level_Drivers/GPIO_driver.o" --specs=nano.specs -mfloat-abi=soft -mthumb -o "Core/Src/GAUL_Drivers/Low_Level_Drivers/GPIO_driver.o"
arm-none-eabi-gcc "../Core/Src/GAUL_Drivers/Low_Level_Drivers/NonBlockingDelay_driver.c" -mcpu=cortex-m3 -std=gnu11 -g3 -DDEBUG -DUSE_HAL_DRIVER -DSTM32F103xB -DUSE_FULL_LL_DRIVER -c -I../Core/Inc -I../Drivers/STM32F1xx_HAL_Driver/Inc -I../Drivers/STM32F1xx_HAL_Driver/Inc/Legacy -I../Drivers/CMSIS/Device/ST/STM32F1xx/Include -I../Drivers/CMSIS/Include -I../FATFS/Target -I../FATFS/App -I../Middlewares/Third_Party/FatFs/src -Og -ffunction-sections -fdata-sections -Wall -fstack-usage -fcyclomatic-complexity -MMD -MP -MF"Core/Src/GAUL_Drivers/Low_Level_Drivers/NonBlockingDelay_driver.d" -MT"Core/Src/GAUL_Drivers/Low_Level_Drivers/NonBlockingDelay_driver.o" --specs=nano.specs -mfloat-abi=soft -mthumb -o "Core/Src/GAUL_Drivers/Low_Level_Drivers/NonBlockingDelay_driver.o"
arm-none-eabi-gcc "../Core/Src/GAUL_Drivers/Low_Level_Drivers/SPI_driver.c" -mcpu=cortex-m3 -std=gnu11 -g3 -DDEBUG -DUSE_HAL_DRIVER -DSTM32F103xB -DUSE_FULL_LL_DRIVER -c -I../Core/Inc -I../Drivers/STM32F1xx_HAL_Driver/Inc -I../Drivers/STM32F1xx_HAL_Driver/Inc/Legacy -I../Drivers/CMSIS/Device/ST/STM32F1xx/Include -I../Drivers/CMSIS/Include -I../FATFS/Target -I../FATFS/App -I../Middlewares/Third_Party/FatFs/src -Og -ffunction-sections -fdata-sections -Wall -fstack-usage -fcyclomatic-complexity -MMD -MP -MF"Core/Src/GAUL_Drivers/Low_Level_Drivers/SPI_driver.d" -MT"Core/Src/GAUL_Drivers/Low_Level_Drivers/SPI_driver.o" --specs=nano.specs -mfloat-abi=soft -mthumb -o "Core/Src/GAUL_Drivers/Low_Level_Drivers/SPI_driver.o"
arm-none-eabi-gcc "../Core/Src/GAUL_Drivers/Low_Level_Drivers/USART_driver.c" -mcpu=cortex-m3 -std=gnu11 -g3 -DDEBUG -DUSE_HAL_DRIVER -DSTM32F103xB -DUSE_FULL_LL_DRIVER -c -I../Core/Inc -I../Drivers/STM32F1xx_HAL_Driver/Inc -I../Drivers/STM32F1xx_HAL_Driver/Inc/Legacy -I../Drivers/CMSIS/Device/ST/STM32F1xx/Include -I../Drivers/CMSIS/Include -I../FATFS/Target -I../FATFS/App -I../Middlewares/Third_Party/FatFs/src -Og -ffunction-sections -fdata-sections -Wall -fstack-usage -fcyclomatic-complexity -MMD -MP -MF"Core/Src/GAUL_Drivers/Low_Level_Drivers/USART_driver.d" -MT"Core/Src/GAUL_Drivers/Low_Level_Drivers/USART_driver.o" --specs=nano.specs -mfloat-abi=soft -mthumb -o "Core/Src/GAUL_Drivers/Low_Level_Drivers/USART_driver.o"
arm-none-eabi-gcc "../Core/Src/GAUL_Drivers/BMP280.c" -mcpu=cortex-m3 -std=gnu11 -g3 -DDEBUG -DUSE_HAL_DRIVER -DSTM32F103xB -DUSE_FULL_LL_DRIVER -c -I../Core/Inc -I../Drivers/STM32F1xx_HAL_Driver/Inc -I../Drivers/STM32F1xx_HAL_Driver/Inc/Legacy -I../Drivers/CMSIS/Device/ST/STM32F1xx/Include -I../Drivers/CMSIS/Include -I../FATFS/Target -I../FATFS/App -I../Middlewares/Third_Party/FatFs/src -Og -ffunction-sections -fdata-sections -Wall -fstack-usage -fcyclomatic-complexity -MMD -MP -MF"Core/Src/GAUL_Drivers/BMP280.d" -MT"Core/Src/GAUL_Drivers/BMP280.o" --specs=nano.specs -mfloat-abi=soft -mthumb -o "Core/Src/GAUL_Drivers/BMP280.o"
arm-none-eabi-gcc "../Core/Src/GAUL_Drivers/Buzzer.c" -mcpu=cortex-m3 -std=gnu11 -g3 -DDEBUG -DUSE_HAL_DRIVER -DSTM32F103xB -DUSE_FULL_LL_DRIVER -c -I../Core/Inc -I../Drivers/STM32F1xx_HAL_Driver/Inc -I../Drivers/STM32F1xx_HAL_Driver/Inc/Legacy -I../Drivers/CMSIS/Device/ST/STM32F1xx/Include -I../Drivers/CMSIS/Include -I../FATFS/Target -I../FATFS/App -I../Middlewares/Third_Party/FatFs/src -Og -ffunction-sections -fdata-sections -Wall -fstack-usage -fcyclomatic-complexity -MMD -MP -MF"Core/Src/GAUL_Drivers/Buzzer.d" -MT"Core/Src/GAUL_Drivers/Buzzer.o" --specs=nano.specs -mfloat-abi=soft -mthumb -o "Core/Src/GAUL_Drivers/Buzzer.o"
arm-none-eabi-gcc "../Core/Src/GAUL_Drivers/CD74HC4051.c" -mcpu=cortex-m3 -std=gnu11 -g3 -DDEBUG -DUSE_HAL_DRIVER -DSTM32F103xB -DUSE_FULL_LL_DRIVER -c -I../Core/Inc -I../Drivers/STM32F1xx_HAL_Driver/Inc -I../Drivers/STM32F1xx_HAL_Driver/Inc/Legacy -I../Drivers/CMSIS/Device/ST/STM32F1xx/Include -I../Drivers/CMSIS/Include -I../FATFS/Target -I../FATFS/App -I../Middlewares/Third_Party/FatFs/src -Og -ffunction-sections -fdata-sections -Wall -fstack-usage -fcyclomatic-complexity -MMD -MP -MF"Core/Src/GAUL_Drivers/CD74HC4051.d" -MT"Core/Src/GAUL_Drivers/CD74HC4051.o" --specs=nano.specs -mfloat-abi=soft -mthumb -o "Core/Src/GAUL_Drivers/CD74HC4051.o"
../Core/Src/GAUL_Drivers/Low_Level_Drivers/USART_driver.c: In function 'USART_Init':
../Core/Src/GAUL_Drivers/Low_Level_Drivers/USART_driver.c:21:14: warning: unused variable 'pclk' [-Wunused-variable]
   21 |     uint32_t pclk = 0;
      |              ^~~~
arm-none-eabi-gcc "../Core/Src/GAUL_Drivers/HM10_BLE.c" -mcpu=cortex-m3 -std=gnu11 -g3 -DDEBUG -DUSE_HAL_DRIVER -DSTM32F103xB -DUSE_FULL_LL_DRIVER -c -I../Core/Inc -I../Drivers/STM32F1xx_HAL_Driver/Inc -I../Drivers/STM32F1xx_HAL_Driver/Inc/Legacy -I../Drivers/CMSIS/Device/ST/STM32F1xx/Include -I../Drivers/CMSIS/Include -I../FATFS/Target -I../FATFS/App -I../Middlewares/Third_Party/FatFs/src -Og -ffunction-sections -fdata-sections -Wall -fstack-usage -fcyclomatic-complexity -MMD -MP -MF"Core/Src/GAUL_Drivers/HM10_BLE.d" -MT"Core/Src/GAUL_Drivers/HM10_BLE.o" --specs=nano.specs -mfloat-abi=soft -mthumb -o "Core/Src/GAUL_Drivers/HM10_BLE.o"
arm-none-eabi-gcc "../Core/Src/GAUL_Drivers/ICM20602.c" -mcpu=cortex-m3 -std=gnu11 -g3 -DDEBUG -DUSE_HAL_DRIVER -DSTM32F103xB -DUSE_FULL_LL_DRIVER -c -I../Core/Inc -I../Drivers/STM32F1xx_HAL_Driver/Inc -I../Drivers/STM32F1xx_HAL_Driver/Inc/Legacy -I../Drivers/CMSIS/Device/ST/STM32F1xx/Include -I../Drivers/CMSIS/Include -I../FATFS/Target -I../FATFS/App -I../Middlewares/Third_Party/FatFs/src -Og -ffunction-sections -fdata-sections -Wall -fstack-usage -fcyclomatic-complexity -MMD -MP -MF"Core/Src/GAUL_Drivers/ICM20602.d" -MT"Core/Src/GAUL_Drivers/ICM20602.o" --specs=nano.specs -mfloat-abi=soft -mthumb -o "Core/Src/GAUL_Drivers/ICM20602.o"
../Core/Src/GAUL_Drivers/BMP280.c: In function 'BMP280_Init':
../Core/Src/GAUL_Drivers/BMP280.c:24:37: warning: passing argument 3 of 'BMP280_Read' from incompatible pointer type [-Wincompatible-pointer-types]
   24 |     BMP280_Read(dev, BMP280_REG_ID, &id, sizeof(id));
      |                                     ^~~
      |                                     |
      |                                     uint8_t * {aka unsigned char *}
In file included from ../Core/Src/GAUL_Drivers/BMP280.c:10:
../Core/Inc/GAUL_Drivers/BMP280.h:107:58: note: expected 'uint8_t **' {aka 'unsigned char **'} but argument is of type 'uint8_t *' {aka 'unsigned char *'}
  107 | void BMP280_Read(BMP280 *dev, uint8_t addresse, uint8_t *rxData[], uint8_t size);
      |                                                 ~~~~~~~~~^~~~~~~~
../Core/Src/GAUL_Drivers/BMP280.c: In function 'BMP280_Read_Temperature_Pressure':
../Core/Src/GAUL_Drivers/BMP280.c:51:44: warning: passing argument 3 of 'BMP280_Read' from incompatible pointer type [-Wincompatible-pointer-types]
   51 |     BMP280_Read(dev, BMP280_REG_PRESS_MSB, data, 6);
      |                                            ^~~~
      |                                            |
      |                                            uint8_t * {aka unsigned char *}
../Core/Inc/GAUL_Drivers/BMP280.h:107:58: note: expected 'uint8_t **' {aka 'unsigned char **'} but argument is of type 'uint8_t *' {aka 'unsigned char *'}
  107 | void BMP280_Read(BMP280 *dev, uint8_t addresse, uint8_t *rxData[], uint8_t size);
      |                                                 ~~~~~~~~~^~~~~~~~
../Core/Src/GAUL_Drivers/BMP280.c: In function 'BMP280_Read_Calib_Data':
../Core/Src/GAUL_Drivers/BMP280.c:127:43: warning: passing argument 3 of 'BMP280_Read' from incompatible pointer type [-Wincompatible-pointer-types]
  127 |     BMP280_Read(dev, BMP280_REG_CALIB_00, calib, 24);
      |                                           ^~~~~
      |                                           |
      |                                           uint8_t * {aka unsigned char *}
../Core/Inc/GAUL_Drivers/BMP280.h:107:58: note: expected 'uint8_t **' {aka 'unsigned char **'} but argument is of type 'uint8_t *' {aka 'unsigned char *'}
  107 | void BMP280_Read(BMP280 *dev, uint8_t addresse, uint8_t *rxData[], uint8_t size);
      |                                                 ~~~~~~~~~^~~~~~~~
../Core/Src/GAUL_Drivers/BMP280.c: In function 'BMP280_Read':
../Core/Src/GAUL_Drivers/BMP280.c:166:27: warning: passing argument 2 of 'SPI_RX' from incompatible pointer type [-Wincompatible-pointer-types]
  166 |     if (SPI_RX(dev->SPIx, rxData, size) != 0) {
      |                           ^~~~~~
      |                           |
      |                           uint8_t ** {aka unsigned char **}
In file included from ../Core/Inc/GAUL_Drivers/BMP280.h:9:
../Core/Inc/GAUL_Drivers/Low_Level_Drivers/SPI_driver.h:16:40: note: expected 'uint8_t *' {aka 'unsigned char *'} but argument is of type 'uint8_t **' {aka 'unsigned char **'}
   16 | int SPI_RX(SPI_TypeDef *SPIx, uint8_t *data, int size);
      |                               ~~~~~~~~~^~~~
../Core/Src/GAUL_Drivers/BMP280.c: In function 'BMP280_SwapMode':
../Core/Src/GAUL_Drivers/BMP280.c:175:9: warning: implicit declaration of function 'BMP280_ReadRegister' [-Wimplicit-function-declaration]
  175 |     if (BMP280_ReadRegister(BMP280_REG_CTRL_MEAS) != mode) {
      |         ^~~~~~~~~~~~~~~~~~~
arm-none-eabi-gcc "../Core/Src/GAUL_Drivers/KalmanFilter.c" -mcpu=cortex-m3 -std=gnu11 -g3 -DDEBUG -DUSE_HAL_DRIVER -DSTM32F103xB -DUSE_FULL_LL_DRIVER -c -I../Core/Inc -I../Drivers/STM32F1xx_HAL_Driver/Inc -I../Drivers/STM32F1xx_HAL_Driver/Inc/Legacy -I../Drivers/CMSIS/Device/ST/STM32F1xx/Include -I../Drivers/CMSIS/Include -I../FATFS/Target -I../FATFS/App -I../Middlewares/Third_Party/FatFs/src -Og -ffunction-sections -fdata-sections -Wall -fstack-usage -fcyclomatic-complexity -MMD -MP -MF"Core/Src/GAUL_Drivers/KalmanFilter.d" -MT"Core/Src/GAUL_Drivers/KalmanFilter.o" --specs=nano.specs -mfloat-abi=soft -mthumb -o "Core/Src/GAUL_Drivers/KalmanFilter.o"
../Core/Src/GAUL_Drivers/BMP280.c:176:9: warning: implicit declaration of function 'BMP280_WriteRegister' [-Wimplicit-function-declaration]
  176 |         BMP280_WriteRegister(BMP280_REG_CTRL_MEAS, mode); // BMP280_SETTING_CTRL_MEAS_NORMAL (0x57) or BMP280_SETTING_CTRL_MEAS_LOW (0x54)
      |         ^~~~~~~~~~~~~~~~~~~~
arm-none-eabi-gcc "../Core/Src/GAUL_Drivers/L76LM33.c" -mcpu=cortex-m3 -std=gnu11 -g3 -DDEBUG -DUSE_HAL_DRIVER -DSTM32F103xB -DUSE_FULL_LL_DRIVER -c -I../Core/Inc -I../Drivers/STM32F1xx_HAL_Driver/Inc -I../Drivers/STM32F1xx_HAL_Driver/Inc/Legacy -I../Drivers/CMSIS/Device/ST/STM32F1xx/Include -I../Drivers/CMSIS/Include -I../FATFS/Target -I../FATFS/App -I../Middlewares/Third_Party/FatFs/src -Og -ffunction-sections -fdata-sections -Wall -fstack-usage -fcyclomatic-complexity -MMD -MP -MF"Core/Src/GAUL_Drivers/L76LM33.d" -MT"Core/Src/GAUL_Drivers/L76LM33.o" --specs=nano.specs -mfloat-abi=soft -mthumb -o "Core/Src/GAUL_Drivers/L76LM33.o"
../Core/Src/GAUL_Drivers/BMP280.c: In function 'BMP280_Init':
../Core/Src/GAUL_Drivers/BMP280.c:24:5: warning: 'BMP280_Read' accessing 4 bytes in a region of size 1 [-Wstringop-overflow=]
   24 |     BMP280_Read(dev, BMP280_REG_ID, &id, sizeof(id));
      |     ^~~~~~~~~~~~~~~~~~~~~~~~~~~~~~~~~~~~~~~~~~~~~~~~
../Core/Src/GAUL_Drivers/BMP280.c:24:5: note: referencing argument 3 of type 'uint8_t *[0]' {aka 'unsigned char *[]'}
../Core/Src/GAUL_Drivers/BMP280.c:157:6: note: in a call to function 'BMP280_Read'
  157 | void BMP280_Read(BMP280 *dev, uint8_t address, uint8_t *rxData[], uint8_t size) {
      |      ^~~~~~~~~~~
arm-none-eabi-gcc "../Core/Src/GAUL_Drivers/MEM2067.c" -mcpu=cortex-m3 -std=gnu11 -g3 -DDEBUG -DUSE_HAL_DRIVER -DSTM32F103xB -DUSE_FULL_LL_DRIVER -c -I../Core/Inc -I../Drivers/STM32F1xx_HAL_Driver/Inc -I../Drivers/STM32F1xx_HAL_Driver/Inc/Legacy -I../Drivers/CMSIS/Device/ST/STM32F1xx/Include -I../Drivers/CMSIS/Include -I../FATFS/Target -I../FATFS/App -I../Middlewares/Third_Party/FatFs/src -Og -ffunction-sections -fdata-sections -Wall -fstack-usage -fcyclomatic-complexity -MMD -MP -MF"Core/Src/GAUL_Drivers/MEM2067.d" -MT"Core/Src/GAUL_Drivers/MEM2067.o" --specs=nano.specs -mfloat-abi=soft -mthumb -o "Core/Src/GAUL_Drivers/MEM2067.o"
arm-none-eabi-gcc "../Core/Src/GAUL_Drivers/NMEA.c" -mcpu=cortex-m3 -std=gnu11 -g3 -DDEBUG -DUSE_HAL_DRIVER -DSTM32F103xB -DUSE_FULL_LL_DRIVER -c -I../Core/Inc -I../Drivers/STM32F1xx_HAL_Driver/Inc -I../Drivers/STM32F1xx_HAL_Driver/Inc/Legacy -I../Drivers/CMSIS/Device/ST/STM32F1xx/Include -I../Drivers/CMSIS/Include -I../FATFS/Target -I../FATFS/App -I../Middlewares/Third_Party/FatFs/src -Og -ffunction-sections -fdata-sections -Wall -fstack-usage -fcyclomatic-complexity -MMD -MP -MF"Core/Src/GAUL_Drivers/NMEA.d" -MT"Core/Src/GAUL_Drivers/NMEA.o" --specs=nano.specs -mfloat-abi=soft -mthumb -o "Core/Src/GAUL_Drivers/NMEA.o"
arm-none-eabi-gcc "../Core/Src/GAUL_Drivers/Pyros.c" -mcpu=cortex-m3 -std=gnu11 -g3 -DDEBUG -DUSE_HAL_DRIVER -DSTM32F103xB -DUSE_FULL_LL_DRIVER -c -I../Core/Inc -I../Drivers/STM32F1xx_HAL_Driver/Inc -I../Drivers/STM32F1xx_HAL_Driver/Inc/Legacy -I../Drivers/CMSIS/Device/ST/STM32F1xx/Include -I../Drivers/CMSIS/Include -I../FATFS/Target -I../FATFS/App -I../Middlewares/Third_Party/FatFs/src -Og -ffunction-sections -fdata-sections -Wall -fstack-usage -fcyclomatic-complexity -MMD -MP -MF"Core/Src/GAUL_Drivers/Pyros.d" -MT"Core/Src/GAUL_Drivers/Pyros.o" --specs=nano.specs -mfloat-abi=soft -mthumb -o "Core/Src/GAUL_Drivers/Pyros.o"
arm-none-eabi-gcc "../Core/Src/GAUL_Drivers/RFD900.c" -mcpu=cortex-m3 -std=gnu11 -g3 -DDEBUG -DUSE_HAL_DRIVER -DSTM32F103xB -DUSE_FULL_LL_DRIVER -c -I../Core/Inc -I../Drivers/STM32F1xx_HAL_Driver/Inc -I../Drivers/STM32F1xx_HAL_Driver/Inc/Legacy -I../Drivers/CMSIS/Device/ST/STM32F1xx/Include -I../Drivers/CMSIS/Include -I../FATFS/Target -I../FATFS/App -I../Middlewares/Third_Party/FatFs/src -Og -ffunction-sections -fdata-sections -Wall -fstack-usage -fcyclomatic-complexity -MMD -MP -MF"Core/Src/GAUL_Drivers/RFD900.d" -MT"Core/Src/GAUL_Drivers/RFD900.o" --specs=nano.specs -mfloat-abi=soft -mthumb -o "Core/Src/GAUL_Drivers/RFD900.o"
arm-none-eabi-gcc "../Core/Src/GAUL_Drivers/WS2812_led.c" -mcpu=cortex-m3 -std=gnu11 -g3 -DDEBUG -DUSE_HAL_DRIVER -DSTM32F103xB -DUSE_FULL_LL_DRIVER -c -I../Core/Inc -I../Drivers/STM32F1xx_HAL_Driver/Inc -I../Drivers/STM32F1xx_HAL_Driver/Inc/Legacy -I../Drivers/CMSIS/Device/ST/STM32F1xx/Include -I../Drivers/CMSIS/Include -I../FATFS/Target -I../FATFS/App -I../Middlewares/Third_Party/FatFs/src -Og -ffunction-sections -fdata-sections -Wall -fstack-usage -fcyclomatic-complexity -MMD -MP -MF"Core/Src/GAUL_Drivers/WS2812_led.d" -MT"Core/Src/GAUL_Drivers/WS2812_led.o" --specs=nano.specs -mfloat-abi=soft -mthumb -o "Core/Src/GAUL_Drivers/WS2812_led.o"
arm-none-eabi-gcc "../Core/Src/fatfs_sd.c" -mcpu=cortex-m3 -std=gnu11 -g3 -DDEBUG -DUSE_HAL_DRIVER -DSTM32F103xB -DUSE_FULL_LL_DRIVER -c -I../Core/Inc -I../Drivers/STM32F1xx_HAL_Driver/Inc -I../Drivers/STM32F1xx_HAL_Driver/Inc/Legacy -I../Drivers/CMSIS/Device/ST/STM32F1xx/Include -I../Drivers/CMSIS/Include -I../FATFS/Target -I../FATFS/App -I../Middlewares/Third_Party/FatFs/src -Og -ffunction-sections -fdata-sections -Wall -fstack-usage -fcyclomatic-complexity -MMD -MP -MF"Core/Src/fatfs_sd.d" -MT"Core/Src/fatfs_sd.o" --specs=nano.specs -mfloat-abi=soft -mthumb -o "Core/Src/fatfs_sd.o"
arm-none-eabi-gcc "../Core/Src/main.c" -mcpu=cortex-m3 -std=gnu11 -g3 -DDEBUG -DUSE_HAL_DRIVER -DSTM32F103xB -DUSE_FULL_LL_DRIVER -c -I../Core/Inc -I../Drivers/STM32F1xx_HAL_Driver/Inc -I../Drivers/STM32F1xx_HAL_Driver/Inc/Legacy -I../Drivers/CMSIS/Device/ST/STM32F1xx/Include -I../Drivers/CMSIS/Include -I../FATFS/Target -I../FATFS/App -I../Middlewares/Third_Party/FatFs/src -Og -ffunction-sections -fdata-sections -Wall -fstack-usage -fcyclomatic-complexity -MMD -MP -MF"Core/Src/main.d" -MT"Core/Src/main.o" --specs=nano.specs -mfloat-abi=soft -mthumb -o "Core/Src/main.o"
arm-none-eabi-gcc "../Core/Src/ringbuffer.c" -mcpu=cortex-m3 -std=gnu11 -g3 -DDEBUG -DUSE_HAL_DRIVER -DSTM32F103xB -DUSE_FULL_LL_DRIVER -c -I../Core/Inc -I../Drivers/STM32F1xx_HAL_Driver/Inc -I../Drivers/STM32F1xx_HAL_Driver/Inc/Legacy -I../Drivers/CMSIS/Device/ST/STM32F1xx/Include -I../Drivers/CMSIS/Include -I../FATFS/Target -I../FATFS/App -I../Middlewares/Third_Party/FatFs/src -Og -ffunction-sections -fdata-sections -Wall -fstack-usage -fcyclomatic-complexity -MMD -MP -MF"Core/Src/ringbuffer.d" -MT"Core/Src/ringbuffer.o" --specs=nano.specs -mfloat-abi=soft -mthumb -o "Core/Src/ringbuffer.o"
arm-none-eabi-gcc "../Core/Src/stm32f1xx_hal_msp.c" -mcpu=cortex-m3 -std=gnu11 -DDEBUG -DUSE_HAL_DRIVER -DSTM32F103xB -DUSE_FULL_LL_DRIVER -c -I../Core/Inc -I../Drivers/STM32F1xx_HAL_Driver/Inc -I../Drivers/STM32F1xx_HAL_Driver/Inc/Legacy -I../Drivers/CMSIS/Device/ST/STM32F1xx/Include -I../Drivers/CMSIS/Include -I../FATFS/Target -I../FATFS/App -I../Middlewares/Third_Party/FatFs/src -Og -ffunction-sections -fdata-sections -Wall -fstack-usage -fcyclomatic-complexity -MMD -MP -MF"Core/Src/stm32f1xx_hal_msp.d" -MT"Core/Src/stm32f1xx_hal_msp.o" --specs=nano.specs -mfloat-abi=soft -mthumb -o "Core/Src/stm32f1xx_hal_msp.o"
arm-none-eabi-gcc "../Core/Src/stm32f1xx_it.c" -mcpu=cortex-m3 -std=gnu11 -DDEBUG -DUSE_HAL_DRIVER -DSTM32F103xB -DUSE_FULL_LL_DRIVER -c -I../Core/Inc -I../Drivers/STM32F1xx_HAL_Driver/Inc -I../Drivers/STM32F1xx_HAL_Driver/Inc/Legacy -I../Drivers/CMSIS/Device/ST/STM32F1xx/Include -I../Drivers/CMSIS/Include -I../FATFS/Target -I../FATFS/App -I../Middlewares/Third_Party/FatFs/src -Og -ffunction-sections -fdata-sections -Wall -fstack-usage -fcyclomatic-complexity -MMD -MP -MF"Core/Src/stm32f1xx_it.d" -MT"Core/Src/stm32f1xx_it.o" --specs=nano.specs -mfloat-abi=soft -mthumb -o "Core/Src/stm32f1xx_it.o"
arm-none-eabi-gcc "../Core/Src/syscalls.c" -mcpu=cortex-m3 -std=gnu11 -DDEBUG -DUSE_HAL_DRIVER -DSTM32F103xB -DUSE_FULL_LL_DRIVER -c -I../Core/Inc -I../Drivers/STM32F1xx_HAL_Driver/Inc -I../Drivers/STM32F1xx_HAL_Driver/Inc/Legacy -I../Drivers/CMSIS/Device/ST/STM32F1xx/Include -I../Drivers/CMSIS/Include -I../FATFS/Target -I../FATFS/App -I../Middlewares/Third_Party/FatFs/src -Og -ffunction-sections -fdata-sections -Wall -fstack-usage -fcyclomatic-complexity -MMD -MP -MF"Core/Src/syscalls.d" -MT"Core/Src/syscalls.o" --specs=nano.specs -mfloat-abi=soft -mthumb -o "Core/Src/syscalls.o"
../Core/Src/fatfs_sd.c: In function 'SD_TxDataBlock':
../Core/Src/fatfs_sd.c:177:11: warning: 'resp' may be used uninitialized [-Wmaybe-uninitialized]
  177 |   uint8_t resp, wc;
      |           ^~~~
arm-none-eabi-gcc "../Core/Src/sysmem.c" -mcpu=cortex-m3 -std=gnu11 -DDEBUG -DUSE_HAL_DRIVER -DSTM32F103xB -DUSE_FULL_LL_DRIVER -c -I../Core/Inc -I../Drivers/STM32F1xx_HAL_Driver/Inc -I../Drivers/STM32F1xx_HAL_Driver/Inc/Legacy -I../Drivers/CMSIS/Device/ST/STM32F1xx/Include -I../Drivers/CMSIS/Include -I../FATFS/Target -I../FATFS/App -I../Middlewares/Third_Party/FatFs/src -Og -ffunction-sections -fdata-sections -Wall -fstack-usage -fcyclomatic-complexity -MMD -MP -MF"Core/Src/sysmem.d" -MT"Core/Src/sysmem.o" --specs=nano.specs -mfloat-abi=soft -mthumb -o "Core/Src/sysmem.o"
arm-none-eabi-gcc "../Core/Src/system_stm32f1xx.c" -mcpu=cortex-m3 -std=gnu11 -DDEBUG -DUSE_HAL_DRIVER -DSTM32F103xB -DUSE_FULL_LL_DRIVER -c -I../Core/Inc -I../Drivers/STM32F1xx_HAL_Driver/Inc -I../Drivers/STM32F1xx_HAL_Driver/Inc/Legacy -I../Drivers/CMSIS/Device/ST/STM32F1xx/Include -I../Drivers/CMSIS/Include -I../FATFS/Target -I../FATFS/App -I../Middlewares/Third_Party/FatFs/src -Og -ffunction-sections -fdata-sections -Wall -fstack-usage -fcyclomatic-complexity -MMD -MP -MF"Core/Src/system_stm32f1xx.d" -MT"Core/Src/system_stm32f1xx.o" --specs=nano.specs -mfloat-abi=soft -mthumb -o "Core/Src/system_stm32f1xx.o"
arm-none-eabi-gcc "../Core/Src/util.c" -mcpu=cortex-m3 -std=gnu11 -g3 -DDEBUG -DUSE_HAL_DRIVER -DSTM32F103xB -DUSE_FULL_LL_DRIVER -c -I../Core/Inc -I../Drivers/STM32F1xx_HAL_Driver/Inc -I../Drivers/STM32F1xx_HAL_Driver/Inc/Legacy -I../Drivers/CMSIS/Device/ST/STM32F1xx/Include -I../Drivers/CMSIS/Include -I../FATFS/Target -I../FATFS/App -I../Middlewares/Third_Party/FatFs/src -Og -ffunction-sections -fdata-sections -Wall -fstack-usage -fcyclomatic-complexity -MMD -MP -MF"Core/Src/util.d" -MT"Core/Src/util.o" --specs=nano.specs -mfloat-abi=soft -mthumb -o "Core/Src/util.o"
../Core/Src/stm32f1xx_it.c: In function 'SysTick_Handler':
../Core/Src/stm32f1xx_it.c:190:21: warning: implicit declaration of function 'SDTimer_Handler'; did you mean 'SysTick_Handler'? [-Wimplicit-function-declaration]
  190 |                     SDTimer_Handler();
      |                     ^~~~~~~~~~~~~~~
      |                     SysTick_Handler
../Core/Src/stm32f1xx_it.c: At top level:
../Core/Src/stm32f1xx_it.c:223:6: warning: conflicting types for 'SDTimer_Handler'; have 'void(void)'
  223 | void SDTimer_Handler(void)
      |      ^~~~~~~~~~~~~~~
../Core/Src/stm32f1xx_it.c:190:21: note: previous implicit declaration of 'SDTimer_Handler' with type 'void(void)'
  190 |                     SDTimer_Handler();
      |                     ^~~~~~~~~~~~~~~
../Core/Src/util.c: In function 'ParseLOG':
../Core/Src/util.c:348:56: warning: initialization discards 'const' qualifier from pointer target type [-Wdiscarded-qualifiers]
  348 |                         {DATA_TYPE_STRING, .data.str = ROCKET_ModeToString(rocket_data.header_states.mode)},
      |                                                        ^~~~~~~~~~~~~~~~~~~
arm-none-eabi-gcc -o "ODB1.elf" @"objects.list"   -mcpu=cortex-m3 -T"C:\Users\gagno\OneDrive\Documents\GitHub\ODB1_Firmware\STM32F103C8TX_FLASH.ld" --specs=nosys.specs -Wl,-Map="ODB1.map" -Wl,--gc-sections -static --specs=nano.specs -mfloat-abi=soft -mthumb -u _printf_float -Wl,--start-group -lc -lm -Wl,--end-group
C:/ST/STM32CubeIDE_1.15.0/STM32CubeIDE/plugins/com.st.stm32cube.ide.mcu.externaltools.gnu-tools-for-stm32.13.3.rel1.win32_1.0.0.202411081344/tools/bin/../lib/gcc/arm-none-eabi/13.3.1/../../../../arm-none-eabi/bin/ld.exe: warning: ODB1.elf has a LOAD segment with RWX permissions
Finished building target: ODB1.elf
 
arm-none-eabi-size  ODB1.elf 
arm-none-eabi-objdump -h -S ODB1.elf  > "ODB1.list"
   text	   data	    bss	    dec	    hex	filename
  59976	    628	  12016	  72620	  11bac	ODB1.elf
Finished building: default.size.stdout
 
Finished building: ODB1.list
 

18:36:15 Build Finished. 0 errors, 19 warnings. (took 10s.967ms)

